/home/runner/work/markdown-journal-cli/markdown-journal-cli/markdown-journal-cli.Tests/Services/JournalUpdate/JournalUpdateServiceTests.cs(35,13): error CS7036: There is no argument given that corresponds to the required parameter 'tocStructureRepository' of 'JournalUpdateService.JournalUpdateService(IAnsiConsole, IFileSystem, IJournalConfiguration, IFileTracking, ITableOfContentsService, IOptions<JournalSettings>, IMarkdownLinkRewriter, IFileTransactionCoordinator, IRollbackReporter, ILogger<JournalUpdateService>, IJournalTocStructureRepository)' [/home/runner/work/markdown-journal-cli/markdown-journal-cli/markdown-journal-cli.Tests/markdown-journal-cli.Tests.csproj]
/home/runner/work/markdown-journal-cli/markdown-journal-cli/markdown-journal-cli.Tests/Services/NewJournal/NewJournalServiceTests.cs(48,24): error CS7036: There is no argument given that corresponds to the required parameter 'tocStructureRepository' of 'NewJournalService.NewJournalService(IFileSystem, ITemplateManager, IJournalConfiguration, IFileTracking, IOptions<JournalSettings>, IFileTransactionCoordinator, IRollbackReporter, ILogger<NewJournalService>, IJournalTocStructureRepository)' [/home/runner/work/markdown-journal-cli/markdown-journal-cli/markdown-journal-cli.Tests/markdown-journal-cli.Tests.csproj]
/home/runner/work/markdown-journal-cli/markdown-journal-cli/markdown-journal-cli.Tests/Services/JournalUpdate/JournalUpdateServiceTests.cs(60,17): error CS0117: 'TableOfContents' does not contain a definition for 'Structure' [/home/runner/work/markdown-journal-cli/markdown-journal-cli/markdown-journal-cli.Tests/markdown-journal-cli.Tests.csproj]
/home/runner/work/markdown-journal-cli/markdown-journal-cli/markdown-journal-cli.Tests/Services/JournalUpdate/JournalUpdateServiceTests.cs(61,17): error CS0117: 'TableOfContents' does not contain a definition for 'RootEntries' [/home/runner/work/markdown-journal-cli/markdown-journal-cli/markdown-journal-cli.Tests/markdown-journal-cli.Tests.csproj]
/home/runner/work/markdown-journal-cli/markdown-journal-cli/markdown-journal-cli.Tests/Services/JournalUpdate/JournalUpdateServiceTests.cs(73,17): error CS7036: There is no argument given that corresponds to the required parameter 'tocStructureRepository' of 'JournalUpdateService.JournalUpdateService(IAnsiConsole, IFileSystem, IJournalConfiguration, IFileTracking, ITableOfContentsService, IOptions<JournalSettings>, IMarkdownLinkRewriter, IFileTransactionCoordinator, IRollbackReporter, ILogger<JournalUpdateService>, IJournalTocStructureRepository)' [/home/runner/work/markdown-journal-cli/markdown-journal-cli/markdown-journal-cli.Tests/markdown-journal-cli.Tests.csproj]
/home/runner/work/markdown-journal-cli/markdown-journal-cli/markdown-journal-cli.Tests/Infrastructure/Configuration/JournalConfigurationTests.cs(31,37): error CS7036: There is no argument given that corresponds to the required parameter 'tocStructureRepository' of 'JournalConfiguration.JournalConfiguration(IFileSystem, IOptions<JournalSettings>, ILogger<JournalConfiguration>, IFileTracking, IJournalTocStructureRepository)' [/home/runner/work/markdown-journal-cli/markdown-journal-cli/markdown-journal-cli.Tests/markdown-journal-cli.Tests.csproj]
/home/runner/work/markdown-journal-cli/markdown-journal-cli/markdown-journal-cli.Tests/Services/TableOfContents/TableOfContentsServiceTests.cs(653,24): error CS7036: There is no argument given that corresponds to the required parameter 'tocStructureRepository' of 'TableOfContentsService.TableOfContentsService(IFileSystem, IJournalConfiguration, IOptions<JournalSettings>, ILogger<TableOfContentsService>, IJournalTocStructureRepository)' [/home/runner/work/markdown-journal-cli/markdown-journal-cli/markdown-journal-cli.Tests/markdown-journal-cli.Tests.csproj]
/home/runner/work/markdown-journal-cli/markdown-journal-cli/markdown-journal-cli.Tests/Services/NewJournal/NewJournalServiceTests.cs(66,17): error CS7036: There is no argument given that corresponds to the required parameter 'tocStructureRepository' of 'NewJournalService.NewJournalService(IFileSystem, ITemplateManager, IJournalConfiguration, IFileTracking, IOptions<JournalSettings>, IFileTransactionCoordinator, IRollbackReporter, ILogger<NewJournalService>, IJournalTocStructureRepository)' [/home/runner/work/markdown-journal-cli/markdown-journal-cli/markdown-journal-cli.Tests/markdown-journal-cli.Tests.csproj]
/home/runner/work/markdown-journal-cli/markdown-journal-cli/markdown-journal-cli.Tests/Services/JournalUpdate/JournalUpdateServiceTests.cs(92,17): error CS7036: There is no argument given that corresponds to the required parameter 'tocStructureRepository' of 'JournalUpdateService.JournalUpdateService(IAnsiConsole, IFileSystem, IJournalConfiguration, IFileTracking, ITableOfContentsService, IOptions<JournalSettings>, IMarkdownLinkRewriter, IFileTransactionCoordinator, IRollbackReporter, ILogger<JournalUpdateService>, IJournalTocStructureRepository)' [/home/runner/work/markdown-journal-cli/markdown-journal-cli/markdown-journal-cli.Tests/markdown-journal-cli.Tests.csproj]
/home/runner/work/markdown-journal-cli/markdown-journal-cli/markdown-journal-cli.Tests/Services/TableOfContents/TableOfContentsServiceTests.cs(671,17): error CS0117: 'TableOfContents' does not contain a definition for 'Structure' [/home/runner/work/markdown-journal-cli/markdown-journal-cli/markdown-journal-cli.Tests/markdown-journal-cli.Tests.csproj]
/home/runner/work/markdown-journal-cli/markdown-journal-cli/markdown-journal-cli.Tests/Services/TableOfContents/TableOfContentsServiceTests.cs(672,17): error CS0117: 'TableOfContents' does not contain a definition for 'RootEntries' [/home/runner/work/markdown-journal-cli/markdown-journal-cli/markdown-journal-cli.Tests/markdown-journal-cli.Tests.csproj]
/home/runner/work/markdown-journal-cli/markdown-journal-cli/markdown-journal-cli.Tests/Infrastructure/Configuration/JournalConfigurationTests.cs(49,17): error CS0117: 'TableOfContents' does not contain a definition for 'Structure' [/home/runner/work/markdown-journal-cli/markdown-journal-cli/markdown-journal-cli.Tests/markdown-journal-cli.Tests.csproj]
/home/runner/work/markdown-journal-cli/markdown-journal-cli/markdown-journal-cli.Tests/Infrastructure/Configuration/JournalConfigurationTests.cs(61,17): error CS0117: 'TableOfContents' does not contain a definition for 'RootEntries' [/home/runner/work/markdown-journal-cli/markdown-journal-cli/markdown-journal-cli.Tests/markdown-journal-cli.Tests.csproj]
/home/runner/work/markdown-journal-cli/markdown-journal-cli/markdown-journal-cli.Tests/Services/NewJournal/NewJournalServiceTests.cs(83,17): error CS7036: There is no argument given that corresponds to the required parameter 'tocStructureRepository' of 'NewJournalService.NewJournalService(IFileSystem, ITemplateManager, IJournalConfiguration, IFileTracking, IOptions<JournalSettings>, IFileTransactionCoordinator, IRollbackReporter, ILogger<NewJournalService>, IJournalTocStructureRepository)' [/home/runner/work/markdown-journal-cli/markdown-journal-cli/markdown-journal-cli.Tests/markdown-journal-cli.Tests.csproj]
/home/runner/work/markdown-journal-cli/markdown-journal-cli/markdown-journal-cli.Tests/Services/TableOfContents/TableOfContentsServiceTests.cs(32,24): error CS7036: There is no argument given that corresponds to the required parameter 'tocStructureRepository' of 'TableOfContentsService.TableOfContentsService(IFileSystem, IJournalConfiguration, IOptions<JournalSettings>, ILogger<TableOfContentsService>, IJournalTocStructureRepository)' [/home/runner/work/markdown-journal-cli/markdown-journal-cli/markdown-journal-cli.Tests/markdown-journal-cli.Tests.csproj]
/home/runner/work/markdown-journal-cli/markdown-journal-cli/markdown-journal-cli.Tests/Services/NewJournal/NewJournalServiceTests.cs(100,17): error CS7036: There is no argument given that corresponds to the required parameter 'tocStructureRepository' of 'NewJournalService.NewJournalService(IFileSystem, ITemplateManager, IJournalConfiguration, IFileTracking, IOptions<JournalSettings>, IFileTransactionCoordinator, IRollbackReporter, ILogger<NewJournalService>, IJournalTocStructureRepository)' [/home/runner/work/markdown-journal-cli/markdown-journal-cli/markdown-journal-cli.Tests/markdown-journal-cli.Tests.csproj]
/home/runner/work/markdown-journal-cli/markdown-journal-cli/markdown-journal-cli.Tests/Infrastructure/JournalTemplates/JournalInitializerTests.cs(47,35): error CS7036: There is no argument given that corresponds to the required parameter 'tocStructureRepository' of 'NewJournalService.NewJournalService(IFileSystem, ITemplateManager, IJournalConfiguration, IFileTracking, IOptions<JournalSettings>, IFileTransactionCoordinator, IRollbackReporter, ILogger<NewJournalService>, IJournalTocStructureRepository)' [/home/runner/work/markdown-journal-cli/markdown-journal-cli/markdown-journal-cli.Tests/markdown-journal-cli.Tests.csproj]
/home/runner/work/markdown-journal-cli/markdown-journal-cli/markdown-journal-cli.Tests/Services/TableOfContents/TableOfContentsServiceTests.cs(53,17): error CS0117: 'TableOfContents' does not contain a definition for 'Structure' [/home/runner/work/markdown-journal-cli/markdown-journal-cli/markdown-journal-cli.Tests/markdown-journal-cli.Tests.csproj]
/home/runner/work/markdown-journal-cli/markdown-journal-cli/markdown-journal-cli.Tests/Services/TableOfContents/TableOfContentsServiceTests.cs(54,17): error CS0117: 'TableOfContents' does not contain a definition for 'RootEntries' [/home/runner/work/markdown-journal-cli/markdown-journal-cli/markdown-journal-cli.Tests/markdown-journal-cli.Tests.csproj]
/home/runner/work/markdown-journal-cli/markdown-journal-cli/markdown-journal-cli.Tests/Infrastructure/JournalTemplates/TableOfContentsGeneratorTests.cs(30,26): error CS7036: There is no argument given that corresponds to the required parameter 'tocStructureRepository' of 'TableOfContentsService.TableOfContentsService(IFileSystem, IJournalConfiguration, IOptions<JournalSettings>, ILogger<TableOfContentsService>, IJournalTocStructureRepository)' [/home/runner/work/markdown-journal-cli/markdown-journal-cli/markdown-journal-cli.Tests/markdown-journal-cli.Tests.csproj]
/home/runner/work/markdown-journal-cli/markdown-journal-cli/markdown-journal-cli.Tests/Services/NewJournal/NewJournalServiceTests.cs(117,17): error CS7036: There is no argument given that corresponds to the required parameter 'tocStructureRepository' of 'NewJournalService.NewJournalService(IFileSystem, ITemplateManager, IJournalConfiguration, IFileTracking, IOptions<JournalSettings>, IFileTransactionCoordinator, IRollbackReporter, ILogger<NewJournalService>, IJournalTocStructureRepository)' [/home/runner/work/markdown-journal-cli/markdown-journal-cli/markdown-journal-cli.Tests/markdown-journal-cli.Tests.csproj]
/home/runner/work/markdown-journal-cli/markdown-journal-cli/markdown-journal-cli.Tests/Services/JournalUpdate/JournalUpdateServiceTests.cs(111,17): error CS7036: There is no argument given that corresponds to the required parameter 'tocStructureRepository' of 'JournalUpdateService.JournalUpdateService(IAnsiConsole, IFileSystem, IJournalConfiguration, IFileTracking, ITableOfContentsService, IOptions<JournalSettings>, IMarkdownLinkRewriter, IFileTransactionCoordinator, IRollbackReporter, ILogger<JournalUpdateService>, IJournalTocStructureRepository)' [/home/runner/work/markdown-journal-cli/markdown-journal-cli/markdown-journal-cli.Tests/markdown-journal-cli.Tests.csproj]
/home/runner/work/markdown-journal-cli/markdown-journal-cli/markdown-journal-cli.Tests/Services/TableOfContents/TableOfContentsServiceTests.cs(65,17): error CS7036: There is no argument given that corresponds to the required parameter 'tocStructureRepository' of 'TableOfContentsService.TableOfContentsService(IFileSystem, IJournalConfiguration, IOptions<JournalSettings>, ILogger<TableOfContentsService>, IJournalTocStructureRepository)' [/home/runner/work/markdown-journal-cli/markdown-journal-cli/markdown-journal-cli.Tests/markdown-journal-cli.Tests.csproj]
/home/runner/work/markdown-journal-cli/markdown-journal-cli/markdown-journal-cli.Tests/Services/TableOfContents/TableOfContentsServiceTests.cs(78,17): error CS7036: There is no argument given that corresponds to the required parameter 'tocStructureRepository' of 'TableOfContentsService.TableOfContentsService(IFileSystem, IJournalConfiguration, IOptions<JournalSettings>, ILogger<TableOfContentsService>, IJournalTocStructureRepository)' [/home/runner/work/markdown-journal-cli/markdown-journal-cli/markdown-journal-cli.Tests/markdown-journal-cli.Tests.csproj]
/home/runner/work/markdown-journal-cli/markdown-journal-cli/markdown-journal-cli.Tests/Services/NewJournal/NewJournalServiceTests.cs(134,17): error CS7036: There is no argument given that corresponds to the required parameter 'tocStructureRepository' of 'NewJournalService.NewJournalService(IFileSystem, ITemplateManager, IJournalConfiguration, IFileTracking, IOptions<JournalSettings>, IFileTransactionCoordinator, IRollbackReporter, ILogger<NewJournalService>, IJournalTocStructureRepository)' [/home/runner/work/markdown-journal-cli/markdown-journal-cli/markdown-journal-cli.Tests/markdown-journal-cli.Tests.csproj]
/home/runner/work/markdown-journal-cli/markdown-journal-cli/markdown-journal-cli.Tests/Services/JournalUpdate/JournalUpdateServiceTests.cs(130,17): error CS7036: There is no argument given that corresponds to the required parameter 'tocStructureRepository' of 'JournalUpdateService.JournalUpdateService(IAnsiConsole, IFileSystem, IJournalConfiguration, IFileTracking, ITableOfContentsService, IOptions<JournalSettings>, IMarkdownLinkRewriter, IFileTransactionCoordinator, IRollbackReporter, ILogger<JournalUpdateService>, IJournalTocStructureRepository)' [/home/runner/work/markdown-journal-cli/markdown-journal-cli/markdown-journal-cli.Tests/markdown-journal-cli.Tests.csproj]
/home/runner/work/markdown-journal-cli/markdown-journal-cli/markdown-journal-cli.Tests/Services/TableOfContents/TableOfContentsServiceTests.cs(91,17): error CS7036: There is no argument given that corresponds to the required parameter 'tocStructureRepository' of 'TableOfContentsService.TableOfContentsService(IFileSystem, IJournalConfiguration, IOptions<JournalSettings>, ILogger<TableOfContentsService>, IJournalTocStructureRepository)' [/home/runner/work/markdown-journal-cli/markdown-journal-cli/markdown-journal-cli.Tests/markdown-journal-cli.Tests.csproj]
/home/runner/work/markdown-journal-cli/markdown-journal-cli/markdown-journal-cli.Tests/Services/NewJournal/NewJournalServiceTests.cs(151,17): error CS7036: There is no argument given that corresponds to the required parameter 'tocStructureRepository' of 'NewJournalService.NewJournalService(IFileSystem, ITemplateManager, IJournalConfiguration, IFileTracking, IOptions<JournalSettings>, IFileTransactionCoordinator, IRollbackReporter, ILogger<NewJournalService>, IJournalTocStructureRepository)' [/home/runner/work/markdown-journal-cli/markdown-journal-cli/markdown-journal-cli.Tests/markdown-journal-cli.Tests.csproj]
/home/runner/work/markdown-journal-cli/markdown-journal-cli/markdown-journal-cli.Tests/Services/NewJournal/NewJournalServiceTests.cs(168,17): error CS7036: There is no argument given that corresponds to the required parameter 'tocStructureRepository' of 'NewJournalService.NewJournalService(IFileSystem, ITemplateManager, IJournalConfiguration, IFileTracking, IOptions<JournalSettings>, IFileTransactionCoordinator, IRollbackReporter, ILogger<NewJournalService>, IJournalTocStructureRepository)' [/home/runner/work/markdown-journal-cli/markdown-journal-cli/markdown-journal-cli.Tests/markdown-journal-cli.Tests.csproj]
/home/runner/work/markdown-journal-cli/markdown-journal-cli/markdown-journal-cli.Tests/Services/JournalUpdate/JournalUpdateServiceTests.cs(149,17): error CS7036: There is no argument given that corresponds to the required parameter 'tocStructureRepository' of 'JournalUpdateService.JournalUpdateService(IAnsiConsole, IFileSystem, IJournalConfiguration, IFileTracking, ITableOfContentsService, IOptions<JournalSettings>, IMarkdownLinkRewriter, IFileTransactionCoordinator, IRollbackReporter, ILogger<JournalUpdateService>, IJournalTocStructureRepository)' [/home/runner/work/markdown-journal-cli/markdown-journal-cli/markdown-journal-cli.Tests/markdown-journal-cli.Tests.csproj]
/home/runner/work/markdown-journal-cli/markdown-journal-cli/markdown-journal-cli.Tests/Infrastructure/JournalTemplates/TableOfContentsGeneratorTests.cs(50,17): error CS0117: 'TableOfContents' does not contain a definition for 'RootEntries' [/home/runner/work/markdown-journal-cli/markdown-journal-cli/markdown-journal-cli.Tests/markdown-journal-cli.Tests.csproj]
/home/runner/work/markdown-journal-cli/markdown-journal-cli/markdown-journal-cli.Tests/Infrastructure/JournalTemplates/TableOfContentsGeneratorTests.cs(55,17): error CS0117: 'TableOfContents' does not contain a definition for 'Structure' [/home/runner/work/markdown-journal-cli/markdown-journal-cli/markdown-journal-cli.Tests/markdown-journal-cli.Tests.csproj]
/home/runner/work/markdown-journal-cli/markdown-journal-cli/markdown-journal-cli.Tests/Services/JournalUpdate/JournalUpdateServiceTests.cs(168,17): error CS7036: There is no argument given that corresponds to the required parameter 'tocStructureRepository' of 'JournalUpdateService.JournalUpdateService(IAnsiConsole, IFileSystem, IJournalConfiguration, IFileTracking, ITableOfContentsService, IOptions<JournalSettings>, IMarkdownLinkRewriter, IFileTransactionCoordinator, IRollbackReporter, ILogger<JournalUpdateService>, IJournalTocStructureRepository)' [/home/runner/work/markdown-journal-cli/markdown-journal-cli/markdown-journal-cli.Tests/markdown-journal-cli.Tests.csproj]
/home/runner/work/markdown-journal-cli/markdown-journal-cli/markdown-journal-cli.Tests/Infrastructure/JournalTemplates/TableOfContentsGeneratorTests.cs(84,17): error CS0117: 'TableOfContents' does not contain a definition for 'RootEntries' [/home/runner/work/markdown-journal-cli/markdown-journal-cli/markdown-journal-cli.Tests/markdown-journal-cli.Tests.csproj]
/home/runner/work/markdown-journal-cli/markdown-journal-cli/markdown-journal-cli.Tests/Infrastructure/JournalTemplates/TableOfContentsGeneratorTests.cs(85,17): error CS0117: 'TableOfContents' does not contain a definition for 'Structure' [/home/runner/work/markdown-journal-cli/markdown-journal-cli/markdown-journal-cli.Tests/markdown-journal-cli.Tests.csproj]
/home/runner/work/markdown-journal-cli/markdown-journal-cli/markdown-journal-cli.Tests/Services/JournalUpdate/JournalUpdateServiceTests.cs(187,17): error CS7036: There is no argument given that corresponds to the required parameter 'tocStructureRepository' of 'JournalUpdateService.JournalUpdateService(IAnsiConsole, IFileSystem, IJournalConfiguration, IFileTracking, ITableOfContentsService, IOptions<JournalSettings>, IMarkdownLinkRewriter, IFileTransactionCoordinator, IRollbackReporter, ILogger<JournalUpdateService>, IJournalTocStructureRepository)' [/home/runner/work/markdown-journal-cli/markdown-journal-cli/markdown-journal-cli.Tests/markdown-journal-cli.Tests.csproj]
/home/runner/work/markdown-journal-cli/markdown-journal-cli/markdown-journal-cli.Tests/Services/RemoveEntry/RemoveEntryServiceTests.cs(70,25): error CS0117: 'TableOfContents' does not contain a definition for 'Structure' [/home/runner/work/markdown-journal-cli/markdown-journal-cli/markdown-journal-cli.Tests/markdown-journal-cli.Tests.csproj]
/home/runner/work/markdown-journal-cli/markdown-journal-cli/markdown-journal-cli.Tests/Services/RemoveEntry/RemoveEntryServiceTests.cs(71,25): error CS0117: 'TableOfContents' does not contain a definition for 'RootEntries' [/home/runner/work/markdown-journal-cli/markdown-journal-cli/markdown-journal-cli.Tests/markdown-journal-cli.Tests.csproj]
/home/runner/work/markdown-journal-cli/markdown-journal-cli/markdown-journal-cli.Tests/Infrastructure/Configuration/JournalConfigurationTests.cs(222,39): error CS1061: 'TableOfContents' does not contain a definition for 'Structure' and no accessible extension method 'Structure' accepting a first argument of type 'TableOfContents' could be found (are you missing a using directive or an assembly reference?) [/home/runner/work/markdown-journal-cli/markdown-journal-cli/markdown-journal-cli.Tests/markdown-journal-cli.Tests.csproj]
/home/runner/work/markdown-journal-cli/markdown-journal-cli/markdown-journal-cli.Tests/Infrastructure/Configuration/JournalConfigurationTests.cs(223,44): error CS1061: 'TableOfContents' does not contain a definition for 'Structure' and no accessible extension method 'Structure' accepting a first argument of type 'TableOfContents' could be found (are you missing a using directive or an assembly reference?) [/home/runner/work/markdown-journal-cli/markdown-journal-cli/markdown-journal-cli.Tests/markdown-journal-cli.Tests.csproj]
/home/runner/work/markdown-journal-cli/markdown-journal-cli/markdown-journal-cli.Tests/Infrastructure/JournalTemplates/JournalInitializerTests.cs(106,48): error CS1061: 'TableOfContents' does not contain a definition for 'RootEntries' and no accessible extension method 'RootEntries' accepting a first argument of type 'TableOfContents' could be found (are you missing a using directive or an assembly reference?) [/home/runner/work/markdown-journal-cli/markdown-journal-cli/markdown-journal-cli.Tests/markdown-journal-cli.Tests.csproj]
/home/runner/work/markdown-journal-cli/markdown-journal-cli/markdown-journal-cli.Tests/Infrastructure/JournalTemplates/JournalInitializerTests.cs(108,36): error CS1061: 'TableOfContents' does not contain a definition for 'RootEntries' and no accessible extension method 'RootEntries' accepting a first argument of type 'TableOfContents' could be found (are you missing a using directive or an assembly reference?) [/home/runner/work/markdown-journal-cli/markdown-journal-cli/markdown-journal-cli.Tests/markdown-journal-cli.Tests.csproj]
/home/runner/work/markdown-journal-cli/markdown-journal-cli/markdown-journal-cli.Tests/Infrastructure/JournalTemplates/JournalInitializerTests.cs(112,36): error CS1061: 'TableOfContents' does not contain a definition for 'RootEntries' and no accessible extension method 'RootEntries' accepting a first argument of type 'TableOfContents' could be found (are you missing a using directive or an assembly reference?) [/home/runner/work/markdown-journal-cli/markdown-journal-cli/markdown-journal-cli.Tests/markdown-journal-cli.Tests.csproj]
/home/runner/work/markdown-journal-cli/markdown-journal-cli/markdown-journal-cli.Tests/Infrastructure/JournalTemplates/JournalInitializerTests.cs(116,36): error CS1061: 'TableOfContents' does not contain a definition for 'RootEntries' and no accessible extension method 'RootEntries' accepting a first argument of type 'TableOfContents' could be found (are you missing a using directive or an assembly reference?) [/home/runner/work/markdown-journal-cli/markdown-journal-cli/markdown-journal-cli.Tests/markdown-journal-cli.Tests.csproj]
/home/runner/work/markdown-journal-cli/markdown-journal-cli/markdown-journal-cli.Tests/Infrastructure/JournalTemplates/TableOfContentsGeneratorTests.cs(115,17): error CS0117: 'TableOfContents' does not contain a definition for 'RootEntries' [/home/runner/work/markdown-journal-cli/markdown-journal-cli/markdown-journal-cli.Tests/markdown-journal-cli.Tests.csproj]
/home/runner/work/markdown-journal-cli/markdown-journal-cli/markdown-journal-cli.Tests/Infrastructure/JournalTemplates/TableOfContentsGeneratorTests.cs(116,17): error CS0117: 'TableOfContents' does not contain a definition for 'Structure' [/home/runner/work/markdown-journal-cli/markdown-journal-cli/markdown-journal-cli.Tests/markdown-journal-cli.Tests.csproj]
/home/runner/work/markdown-journal-cli/markdown-journal-cli/markdown-journal-cli.Tests/Infrastructure/JournalTemplates/TableOfContentsGeneratorTests.cs(159,17): error CS0117: 'TableOfContents' does not contain a definition for 'RootEntries' [/home/runner/work/markdown-journal-cli/markdown-journal-cli/markdown-journal-cli.Tests/markdown-journal-cli.Tests.csproj]
/home/runner/work/markdown-journal-cli/markdown-journal-cli/markdown-journal-cli.Tests/Infrastructure/JournalTemplates/TableOfContentsGeneratorTests.cs(160,17): error CS0117: 'TableOfContents' does not contain a definition for 'Structure' [/home/runner/work/markdown-journal-cli/markdown-journal-cli/markdown-journal-cli.Tests/markdown-journal-cli.Tests.csproj]
/home/runner/work/markdown-journal-cli/markdown-journal-cli/markdown-journal-cli.Tests/Infrastructure/Configuration/JournalConfigurationTests.cs(317,39): error CS1061: 'TableOfContents' does not contain a definition for 'RootEntries' and no accessible extension method 'RootEntries' accepting a first argument of type 'TableOfContents' could be found (are you missing a using directive or an assembly reference?) [/home/runner/work/markdown-journal-cli/markdown-journal-cli/markdown-journal-cli.Tests/markdown-journal-cli.Tests.csproj]
/home/runner/work/markdown-journal-cli/markdown-journal-cli/markdown-journal-cli.Tests/Infrastructure/Configuration/JournalConfigurationTests.cs(318,39): error CS1061: 'TableOfContents' does not contain a definition for 'RootEntries' and no accessible extension method 'RootEntries' accepting a first argument of type 'TableOfContents' could be found (are you missing a using directive or an assembly reference?) [/home/runner/work/markdown-journal-cli/markdown-journal-cli/markdown-journal-cli.Tests/markdown-journal-cli.Tests.csproj]
/home/runner/work/markdown-journal-cli/markdown-journal-cli/markdown-journal-cli.Tests/Infrastructure/Configuration/JournalConfigurationTests.cs(319,39): error CS1061: 'TableOfContents' does not contain a definition for 'RootEntries' and no accessible extension method 'RootEntries' accepting a first argument of type 'TableOfContents' could be found (are you missing a using directive or an assembly reference?) [/home/runner/work/markdown-journal-cli/markdown-journal-cli/markdown-journal-cli.Tests/markdown-journal-cli.Tests.csproj]
/home/runner/work/markdown-journal-cli/markdown-journal-cli/markdown-journal-cli.Tests/Infrastructure/Configuration/JournalConfigurationTests.cs(320,39): error CS1061: 'TableOfContents' does not contain a definition for 'RootEntries' and no accessible extension method 'RootEntries' accepting a first argument of type 'TableOfContents' could be found (are you missing a using directive or an assembly reference?) [/home/runner/work/markdown-journal-cli/markdown-journal-cli/markdown-journal-cli.Tests/markdown-journal-cli.Tests.csproj]
/home/runner/work/markdown-journal-cli/markdown-journal-cli/markdown-journal-cli.Tests/Infrastructure/Configuration/JournalConfigurationTests.cs(343,39): error CS1061: 'TableOfContents' does not contain a definition for 'RootEntries' and no accessible extension method 'RootEntries' accepting a first argument of type 'TableOfContents' could be found (are you missing a using directive or an assembly reference?) [/home/runner/work/markdown-journal-cli/markdown-journal-cli/markdown-journal-cli.Tests/markdown-journal-cli.Tests.csproj]
/home/runner/work/markdown-journal-cli/markdown-journal-cli/markdown-journal-cli.Tests/Infrastructure/Configuration/JournalConfigurationTests.cs(344,39): error CS1061: 'TableOfContents' does not contain a definition for 'RootEntries' and no accessible extension method 'RootEntries' accepting a first argument of type 'TableOfContents' could be found (are you missing a using directive or an assembly reference?) [/home/runner/work/markdown-journal-cli/markdown-journal-cli/markdown-journal-cli.Tests/markdown-journal-cli.Tests.csproj]
/home/runner/work/markdown-journal-cli/markdown-journal-cli/markdown-journal-cli.Tests/Infrastructure/JournalTemplates/TableOfContentsGeneratorTests.cs(220,17): error CS0117: 'TableOfContents' does not contain a definition for 'RootEntries' [/home/runner/work/markdown-journal-cli/markdown-journal-cli/markdown-journal-cli.Tests/markdown-journal-cli.Tests.csproj]
/home/runner/work/markdown-journal-cli/markdown-journal-cli/markdown-journal-cli.Tests/Infrastructure/JournalTemplates/TableOfContentsGeneratorTests.cs(221,17): error CS0117: 'TableOfContents' does not contain a definition for 'Structure' [/home/runner/work/markdown-journal-cli/markdown-journal-cli/markdown-journal-cli.Tests/markdown-journal-cli.Tests.csproj]
/home/runner/work/markdown-journal-cli/markdown-journal-cli/markdown-journal-cli.Tests/Infrastructure/Configuration/JournalConfigurationTests.cs(367,39): error CS1061: 'TableOfContents' does not contain a definition for 'RootEntries' and no accessible extension method 'RootEntries' accepting a first argument of type 'TableOfContents' could be found (are you missing a using directive or an assembly reference?) [/home/runner/work/markdown-journal-cli/markdown-journal-cli/markdown-journal-cli.Tests/markdown-journal-cli.Tests.csproj]
/home/runner/work/markdown-journal-cli/markdown-journal-cli/markdown-journal-cli.Tests/Infrastructure/JournalTemplates/TableOfContentsGeneratorTests.cs(300,17): error CS0117: 'TableOfContents' does not contain a definition for 'RootEntries' [/home/runner/work/markdown-journal-cli/markdown-journal-cli/markdown-journal-cli.Tests/markdown-journal-cli.Tests.csproj]
/home/runner/work/markdown-journal-cli/markdown-journal-cli/markdown-journal-cli.Tests/Infrastructure/JournalTemplates/TableOfContentsGeneratorTests.cs(301,17): error CS0117: 'TableOfContents' does not contain a definition for 'Structure' [/home/runner/work/markdown-journal-cli/markdown-journal-cli/markdown-journal-cli.Tests/markdown-journal-cli.Tests.csproj]
/home/runner/work/markdown-journal-cli/markdown-journal-cli/markdown-journal-cli.Tests/Infrastructure/JournalTemplates/JournalInitializerTests.cs(214,17): error CS7036: There is no argument given that corresponds to the required parameter 'tocStructureRepository' of 'NewJournalService.NewJournalService(IFileSystem, ITemplateManager, IJournalConfiguration, IFileTracking, IOptions<JournalSettings>, IFileTransactionCoordinator, IRollbackReporter, ILogger<NewJournalService>, IJournalTocStructureRepository)' [/home/runner/work/markdown-journal-cli/markdown-journal-cli/markdown-journal-cli.Tests/markdown-journal-cli.Tests.csproj]
/home/runner/work/markdown-journal-cli/markdown-journal-cli/markdown-journal-cli.Tests/Infrastructure/Configuration/JournalConfigurationTests.cs(399,39): error CS1061: 'TableOfContents' does not contain a definition for 'Structure' and no accessible extension method 'Structure' accepting a first argument of type 'TableOfContents' could be found (are you missing a using directive or an assembly reference?) [/home/runner/work/markdown-journal-cli/markdown-journal-cli/markdown-journal-cli.Tests/markdown-journal-cli.Tests.csproj]
/home/runner/work/markdown-journal-cli/markdown-journal-cli/markdown-journal-cli.Tests/Infrastructure/Configuration/JournalConfigurationTests.cs(401,59): error CS1061: 'TableOfContents' does not contain a definition for 'Structure' and no accessible extension method 'Structure' accepting a first argument of type 'TableOfContents' could be found (are you missing a using directive or an assembly reference?) [/home/runner/work/markdown-journal-cli/markdown-journal-cli/markdown-journal-cli.Tests/markdown-journal-cli.Tests.csproj]
/home/runner/work/markdown-journal-cli/markdown-journal-cli/markdown-journal-cli.Tests/Infrastructure/JournalTemplates/JournalInitializerTests.cs(233,17): error CS7036: There is no argument given that corresponds to the required parameter 'tocStructureRepository' of 'NewJournalService.NewJournalService(IFileSystem, ITemplateManager, IJournalConfiguration, IFileTracking, IOptions<JournalSettings>, IFileTransactionCoordinator, IRollbackReporter, ILogger<NewJournalService>, IJournalTocStructureRepository)' [/home/runner/work/markdown-journal-cli/markdown-journal-cli/markdown-journal-cli.Tests/markdown-journal-cli.Tests.csproj]
/home/runner/work/markdown-journal-cli/markdown-journal-cli/markdown-journal-cli.Tests/Infrastructure/JournalTemplates/JournalInitializerTests.cs(252,17): error CS7036: There is no argument given that corresponds to the required parameter 'tocStructureRepository' of 'NewJournalService.NewJournalService(IFileSystem, ITemplateManager, IJournalConfiguration, IFileTracking, IOptions<JournalSettings>, IFileTransactionCoordinator, IRollbackReporter, ILogger<NewJournalService>, IJournalTocStructureRepository)' [/home/runner/work/markdown-journal-cli/markdown-journal-cli/markdown-journal-cli.Tests/markdown-journal-cli.Tests.csproj]
/home/runner/work/markdown-journal-cli/markdown-journal-cli/markdown-journal-cli.Tests/Infrastructure/JournalTemplates/TableOfContentsGeneratorTests.cs(341,17): error CS0117: 'TableOfContents' does not contain a definition for 'RootEntries' [/home/runner/work/markdown-journal-cli/markdown-journal-cli/markdown-journal-cli.Tests/markdown-journal-cli.Tests.csproj]
/home/runner/work/markdown-journal-cli/markdown-journal-cli/markdown-journal-cli.Tests/Infrastructure/JournalTemplates/TableOfContentsGeneratorTests.cs(346,17): error CS0117: 'TableOfContents' does not contain a definition for 'Structure' [/home/runner/work/markdown-journal-cli/markdown-journal-cli/markdown-journal-cli.Tests/markdown-journal-cli.Tests.csproj]
/home/runner/work/markdown-journal-cli/markdown-journal-cli/markdown-journal-cli.Tests/Infrastructure/Configuration/JournalConfigurationTests.cs(435,39): error CS1061: 'TableOfContents' does not contain a definition for 'Structure' and no accessible extension method 'Structure' accepting a first argument of type 'TableOfContents' could be found (are you missing a using directive or an assembly reference?) [/home/runner/work/markdown-journal-cli/markdown-journal-cli/markdown-journal-cli.Tests/markdown-journal-cli.Tests.csproj]
/home/runner/work/markdown-journal-cli/markdown-journal-cli/markdown-journal-cli.Tests/Infrastructure/Configuration/JournalConfigurationTests.cs(437,58): error CS1061: 'TableOfContents' does not contain a definition for 'Structure' and no accessible extension method 'Structure' accepting a first argument of type 'TableOfContents' could be found (are you missing a using directive or an assembly reference?) [/home/runner/work/markdown-journal-cli/markdown-journal-cli/markdown-journal-cli.Tests/markdown-journal-cli.Tests.csproj]
/home/runner/work/markdown-journal-cli/markdown-journal-cli/markdown-journal-cli.Tests/Services/JournalFileUpdate/JournalFileUpdateServiceTests.cs(237,29): error CS0117: 'TableOfContents' does not contain a definition for 'RootEntries' [/home/runner/work/markdown-journal-cli/markdown-journal-cli/markdown-journal-cli.Tests/markdown-journal-cli.Tests.csproj]
/home/runner/work/markdown-journal-cli/markdown-journal-cli/markdown-journal-cli.Tests/Services/JournalFileUpdate/JournalFileUpdateServiceTests.cs(238,29): error CS0117: 'TableOfContents' does not contain a definition for 'Structure' [/home/runner/work/markdown-journal-cli/markdown-journal-cli/markdown-journal-cli.Tests/markdown-journal-cli.Tests.csproj]
/home/runner/work/markdown-journal-cli/markdown-journal-cli/markdown-journal-cli.Tests/Services/JournalFileUpdate/JournalFileUpdateServiceTests.cs(283,29): error CS0117: 'TableOfContents' does not contain a definition for 'RootEntries' [/home/runner/work/markdown-journal-cli/markdown-journal-cli/markdown-journal-cli.Tests/markdown-journal-cli.Tests.csproj]
/home/runner/work/markdown-journal-cli/markdown-journal-cli/markdown-journal-cli.Tests/Services/JournalFileUpdate/JournalFileUpdateServiceTests.cs(284,29): error CS0117: 'TableOfContents' does not contain a definition for 'Structure' [/home/runner/work/markdown-journal-cli/markdown-journal-cli/markdown-journal-cli.Tests/markdown-journal-cli.Tests.csproj]
/home/runner/work/markdown-journal-cli/markdown-journal-cli/markdown-journal-cli.Tests/Infrastructure/JournalTemplates/TableOfContentsGeneratorTests.cs(448,17): error CS0117: 'TableOfContents' does not contain a definition for 'RootEntries' [/home/runner/work/markdown-journal-cli/markdown-journal-cli/markdown-journal-cli.Tests/markdown-journal-cli.Tests.csproj]
/home/runner/work/markdown-journal-cli/markdown-journal-cli/markdown-journal-cli.Tests/Infrastructure/JournalTemplates/TableOfContentsGeneratorTests.cs(449,17): error CS0117: 'TableOfContents' does not contain a definition for 'Structure' [/home/runner/work/markdown-journal-cli/markdown-journal-cli/markdown-journal-cli.Tests/markdown-journal-cli.Tests.csproj]
/home/runner/work/markdown-journal-cli/markdown-journal-cli/markdown-journal-cli.Tests/Infrastructure/JournalTemplates/TableOfContentsGeneratorTests.cs(487,17): error CS0117: 'TableOfContents' does not contain a definition for 'RootEntries' [/home/runner/work/markdown-journal-cli/markdown-journal-cli/markdown-journal-cli.Tests/markdown-journal-cli.Tests.csproj]
/home/runner/work/markdown-journal-cli/markdown-journal-cli/markdown-journal-cli.Tests/Infrastructure/JournalTemplates/TableOfContentsGeneratorTests.cs(488,17): error CS0117: 'TableOfContents' does not contain a definition for 'Structure' [/home/runner/work/markdown-journal-cli/markdown-journal-cli/markdown-journal-cli.Tests/markdown-journal-cli.Tests.csproj]
/home/runner/work/markdown-journal-cli/markdown-journal-cli/markdown-journal-cli.Tests/Services/RemoveEntry/RemoveEntryServiceTests.cs(264,25): error CS0117: 'TableOfContents' does not contain a definition for 'Structure' [/home/runner/work/markdown-journal-cli/markdown-journal-cli/markdown-journal-cli.Tests/markdown-journal-cli.Tests.csproj]
/home/runner/work/markdown-journal-cli/markdown-journal-cli/markdown-journal-cli.Tests/Services/RemoveEntry/RemoveEntryServiceTests.cs(265,25): error CS0117: 'TableOfContents' does not contain a definition for 'RootEntries' [/home/runner/work/markdown-journal-cli/markdown-journal-cli/markdown-journal-cli.Tests/markdown-journal-cli.Tests.csproj]
/home/runner/work/markdown-journal-cli/markdown-journal-cli/markdown-journal-cli.Tests/Infrastructure/JournalTemplates/TableOfContentsGeneratorTests.cs(526,17): error CS0117: 'TableOfContents' does not contain a definition for 'RootEntries' [/home/runner/work/markdown-journal-cli/markdown-journal-cli/markdown-journal-cli.Tests/markdown-journal-cli.Tests.csproj]
/home/runner/work/markdown-journal-cli/markdown-journal-cli/markdown-journal-cli.Tests/Infrastructure/JournalTemplates/TableOfContentsGeneratorTests.cs(527,17): error CS0117: 'TableOfContents' does not contain a definition for 'Structure' [/home/runner/work/markdown-journal-cli/markdown-journal-cli/markdown-journal-cli.Tests/markdown-journal-cli.Tests.csproj]
/home/runner/work/markdown-journal-cli/markdown-journal-cli/markdown-journal-cli.Tests/Services/NewJournal/NewJournalServiceTests.cs(426,40): error CS1061: 'TableOfContents' does not contain a definition for 'RootEntries' and no accessible extension method 'RootEntries' accepting a first argument of type 'TableOfContents' could be found (are you missing a using directive or an assembly reference?) [/home/runner/work/markdown-journal-cli/markdown-journal-cli/markdown-journal-cli.Tests/markdown-journal-cli.Tests.csproj]
/home/runner/work/markdown-journal-cli/markdown-journal-cli/markdown-journal-cli.Tests/Infrastructure/Configuration/JournalConfigurationTests.cs(470,58): error CS1061: 'TableOfContents' does not contain a definition for 'Structure' and no accessible extension method 'Structure' accepting a first argument of type 'TableOfContents' could be found (are you missing a using directive or an assembly reference?) [/home/runner/work/markdown-journal-cli/markdown-journal-cli/markdown-journal-cli.Tests/markdown-journal-cli.Tests.csproj]
/home/runner/work/markdown-journal-cli/markdown-journal-cli/markdown-journal-cli.Tests/Services/NewJournal/NewJournalServiceTests.cs(440,62): error CS1061: 'TableOfContents' does not contain a definition for 'RootEntries' and no accessible extension method 'RootEntries' accepting a first argument of type 'TableOfContents' could be found (are you missing a using directive or an assembly reference?) [/home/runner/work/markdown-journal-cli/markdown-journal-cli/markdown-journal-cli.Tests/markdown-journal-cli.Tests.csproj]
/home/runner/work/markdown-journal-cli/markdown-journal-cli/markdown-journal-cli.Tests/Infrastructure/JournalTemplates/TableOfContentsGeneratorTests.cs(566,17): error CS0117: 'TableOfContents' does not contain a definition for 'RootEntries' [/home/runner/work/markdown-journal-cli/markdown-journal-cli/markdown-journal-cli.Tests/markdown-journal-cli.Tests.csproj]
/home/runner/work/markdown-journal-cli/markdown-journal-cli/markdown-journal-cli.Tests/Infrastructure/JournalTemplates/TableOfContentsGeneratorTests.cs(567,17): error CS0117: 'TableOfContents' does not contain a definition for 'Structure' [/home/runner/work/markdown-journal-cli/markdown-journal-cli/markdown-journal-cli.Tests/markdown-journal-cli.Tests.csproj]
/home/runner/work/markdown-journal-cli/markdown-journal-cli/markdown-journal-cli.Tests/Infrastructure/JournalTemplates/TableOfContentsGeneratorTests.cs(605,17): error CS0117: 'TableOfContents' does not contain a definition for 'RootEntries' [/home/runner/work/markdown-journal-cli/markdown-journal-cli/markdown-journal-cli.Tests/markdown-journal-cli.Tests.csproj]
/home/runner/work/markdown-journal-cli/markdown-journal-cli/markdown-journal-cli.Tests/Infrastructure/JournalTemplates/TableOfContentsGeneratorTests.cs(606,17): error CS0117: 'TableOfContents' does not contain a definition for 'Structure' [/home/runner/work/markdown-journal-cli/markdown-journal-cli/markdown-journal-cli.Tests/markdown-journal-cli.Tests.csproj]
/home/runner/work/markdown-journal-cli/markdown-journal-cli/markdown-journal-cli.Tests/Infrastructure/Configuration/JournalConfigurationTests.cs(535,52): error CS1061: 'TableOfContents' does not contain a definition for 'Structure' and no accessible extension method 'Structure' accepting a first argument of type 'TableOfContents' could be found (are you missing a using directive or an assembly reference?) [/home/runner/work/markdown-journal-cli/markdown-journal-cli/markdown-journal-cli.Tests/markdown-journal-cli.Tests.csproj]
/home/runner/work/markdown-journal-cli/markdown-journal-cli/markdown-journal-cli.Tests/Infrastructure/JournalTemplates/TableOfContentsGeneratorTests.cs(661,40): error CS7036: There is no argument given that corresponds to the required parameter 'tocStructureRepository' of 'TableOfContentsService.TableOfContentsService(IFileSystem, IJournalConfiguration, IOptions<JournalSettings>, ILogger<TableOfContentsService>, IJournalTocStructureRepository)' [/home/runner/work/markdown-journal-cli/markdown-journal-cli/markdown-journal-cli.Tests/markdown-journal-cli.Tests.csproj]
/home/runner/work/markdown-journal-cli/markdown-journal-cli/markdown-journal-cli.Tests/Infrastructure/JournalTemplates/TableOfContentsGeneratorTests.cs(673,17): error CS0117: 'TableOfContents' does not contain a definition for 'RootEntries' [/home/runner/work/markdown-journal-cli/markdown-journal-cli/markdown-journal-cli.Tests/markdown-journal-cli.Tests.csproj]
/home/runner/work/markdown-journal-cli/markdown-journal-cli/markdown-journal-cli.Tests/Infrastructure/JournalTemplates/TableOfContentsGeneratorTests.cs(674,17): error CS0117: 'TableOfContents' does not contain a definition for 'Structure' [/home/runner/work/markdown-journal-cli/markdown-journal-cli/markdown-journal-cli.Tests/markdown-journal-cli.Tests.csproj]
/home/runner/work/markdown-journal-cli/markdown-journal-cli/markdown-journal-cli.Tests/Services/TableOfContents/TableOfContentsServiceTests.cs(429,27): error CS7036: There is no argument given that corresponds to the required parameter 'tocStructureRepository' of 'TableOfContentsService.TableOfContentsService(IFileSystem, IJournalConfiguration, IOptions<JournalSettings>, ILogger<TableOfContentsService>, IJournalTocStructureRepository)' [/home/runner/work/markdown-journal-cli/markdown-journal-cli/markdown-journal-cli.Tests/markdown-journal-cli.Tests.csproj]
/home/runner/work/markdown-journal-cli/markdown-journal-cli/markdown-journal-cli.Tests/Infrastructure/Configuration/JournalConfigurationTests.cs(582,55): error CS1061: 'TableOfContents' does not contain a definition for 'Structure' and no accessible extension method 'Structure' accepting a first argument of type 'TableOfContents' could be found (are you missing a using directive or an assembly reference?) [/home/runner/work/markdown-journal-cli/markdown-journal-cli/markdown-journal-cli.Tests/markdown-journal-cli.Tests.csproj]
/home/runner/work/markdown-journal-cli/markdown-journal-cli/markdown-journal-cli.Tests/Infrastructure/JournalTemplates/TableOfContentsGeneratorTests.cs(732,37): error CS7036: There is no argument given that corresponds to the required parameter 'tocStructureRepository' of 'TableOfContentsService.TableOfContentsService(IFileSystem, IJournalConfiguration, IOptions<JournalSettings>, ILogger<TableOfContentsService>, IJournalTocStructureRepository)' [/home/runner/work/markdown-journal-cli/markdown-journal-cli/markdown-journal-cli.Tests/markdown-journal-cli.Tests.csproj]
/home/runner/work/markdown-journal-cli/markdown-journal-cli/markdown-journal-cli.Tests/Infrastructure/JournalTemplates/TableOfContentsGeneratorTests.cs(744,17): error CS0117: 'TableOfContents' does not contain a definition for 'RootEntries' [/home/runner/work/markdown-journal-cli/markdown-journal-cli/markdown-journal-cli.Tests/markdown-journal-cli.Tests.csproj]
/home/runner/work/markdown-journal-cli/markdown-journal-cli/markdown-journal-cli.Tests/Infrastructure/JournalTemplates/TableOfContentsGeneratorTests.cs(745,17): error CS0117: 'TableOfContents' does not contain a definition for 'Structure' [/home/runner/work/markdown-journal-cli/markdown-journal-cli/markdown-journal-cli.Tests/markdown-journal-cli.Tests.csproj]
/home/runner/work/markdown-journal-cli/markdown-journal-cli/markdown-journal-cli.Tests/Infrastructure/JournalTemplates/TableOfContentsGeneratorTests.cs(784,17): error CS0117: 'TableOfContents' does not contain a definition for 'RootEntries' [/home/runner/work/markdown-journal-cli/markdown-journal-cli/markdown-journal-cli.Tests/markdown-journal-cli.Tests.csproj]
/home/runner/work/markdown-journal-cli/markdown-journal-cli/markdown-journal-cli.Tests/Infrastructure/JournalTemplates/TableOfContentsGeneratorTests.cs(785,17): error CS0117: 'TableOfContents' does not contain a definition for 'Structure' [/home/runner/work/markdown-journal-cli/markdown-journal-cli/markdown-journal-cli.Tests/markdown-journal-cli.Tests.csproj]
/home/runner/work/markdown-journal-cli/markdown-journal-cli/markdown-journal-cli.Tests/Infrastructure/Configuration/JournalConfigurationTests.cs(637,52): error CS1061: 'TableOfContents' does not contain a definition for 'Structure' and no accessible extension method 'Structure' accepting a first argument of type 'TableOfContents' could be found (are you missing a using directive or an assembly reference?) [/home/runner/work/markdown-journal-cli/markdown-journal-cli/markdown-journal-cli.Tests/markdown-journal-cli.Tests.csproj]
/home/runner/work/markdown-journal-cli/markdown-journal-cli/markdown-journal-cli.Tests/Infrastructure/JournalTemplates/TableOfContentsGeneratorTests.cs(817,17): error CS0117: 'TableOfContents' does not contain a definition for 'RootEntries' [/home/runner/work/markdown-journal-cli/markdown-journal-cli/markdown-journal-cli.Tests/markdown-journal-cli.Tests.csproj]
/home/runner/work/markdown-journal-cli/markdown-journal-cli/markdown-journal-cli.Tests/Infrastructure/JournalTemplates/TableOfContentsGeneratorTests.cs(818,17): error CS0117: 'TableOfContents' does not contain a definition for 'Structure' [/home/runner/work/markdown-journal-cli/markdown-journal-cli/markdown-journal-cli.Tests/markdown-journal-cli.Tests.csproj]
/home/runner/work/markdown-journal-cli/markdown-journal-cli/markdown-journal-cli.Tests/Infrastructure/Configuration/JournalConfigurationTests.cs(678,55): error CS1061: 'TableOfContents' does not contain a definition for 'Structure' and no accessible extension method 'Structure' accepting a first argument of type 'TableOfContents' could be found (are you missing a using directive or an assembly reference?) [/home/runner/work/markdown-journal-cli/markdown-journal-cli/markdown-journal-cli.Tests/markdown-journal-cli.Tests.csproj]
/home/runner/work/markdown-journal-cli/markdown-journal-cli/markdown-journal-cli.Tests/Infrastructure/Configuration/JournalConfigurationTests.cs(707,55): error CS1061: 'TableOfContents' does not contain a definition for 'Structure' and no accessible extension method 'Structure' accepting a first argument of type 'TableOfContents' could be found (are you missing a using directive or an assembly reference?) [/home/runner/work/markdown-journal-cli/markdown-journal-cli/markdown-journal-cli.Tests/markdown-journal-cli.Tests.csproj]
/home/runner/work/markdown-journal-cli/markdown-journal-cli/markdown-journal-cli.Tests/Infrastructure/JournalTemplates/TableOfContentsGeneratorTests.cs(848,17): error CS0117: 'TableOfContents' does not contain a definition for 'RootEntries' [/home/runner/work/markdown-journal-cli/markdown-journal-cli/markdown-journal-cli.Tests/markdown-journal-cli.Tests.csproj]
/home/runner/work/markdown-journal-cli/markdown-journal-cli/markdown-journal-cli.Tests/Infrastructure/JournalTemplates/TableOfContentsGeneratorTests.cs(849,17): error CS0117: 'TableOfContents' does not contain a definition for 'Structure' [/home/runner/work/markdown-journal-cli/markdown-journal-cli/markdown-journal-cli.Tests/markdown-journal-cli.Tests.csproj]
/home/runner/work/markdown-journal-cli/markdown-journal-cli/markdown-journal-cli.Tests/Infrastructure/Configuration/JournalConfigurationTests.cs(741,39): error CS1061: 'TableOfContents' does not contain a definition for 'Structure' and no accessible extension method 'Structure' accepting a first argument of type 'TableOfContents' could be found (are you missing a using directive or an assembly reference?) [/home/runner/work/markdown-journal-cli/markdown-journal-cli/markdown-journal-cli.Tests/markdown-journal-cli.Tests.csproj]
/home/runner/work/markdown-journal-cli/markdown-journal-cli/markdown-journal-cli.Tests/Infrastructure/JournalTemplates/TableOfContentsGeneratorTests.cs(885,17): error CS0117: 'TableOfContents' does not contain a definition for 'RootEntries' [/home/runner/work/markdown-journal-cli/markdown-journal-cli/markdown-journal-cli.Tests/markdown-journal-cli.Tests.csproj]
/home/runner/work/markdown-journal-cli/markdown-journal-cli/markdown-journal-cli.Tests/Infrastructure/JournalTemplates/TableOfContentsGeneratorTests.cs(886,17): error CS0117: 'TableOfContents' does not contain a definition for 'Structure' [/home/runner/work/markdown-journal-cli/markdown-journal-cli/markdown-journal-cli.Tests/markdown-journal-cli.Tests.csproj]
/home/runner/work/markdown-journal-cli/markdown-journal-cli/markdown-journal-cli.Tests/Infrastructure/JournalTemplates/TableOfContentsGeneratorTests.cs(914,17): error CS0117: 'TableOfContents' does not contain a definition for 'RootEntries' [/home/runner/work/markdown-journal-cli/markdown-journal-cli/markdown-journal-cli.Tests/markdown-journal-cli.Tests.csproj]
/home/runner/work/markdown-journal-cli/markdown-journal-cli/markdown-journal-cli.Tests/Infrastructure/JournalTemplates/TableOfContentsGeneratorTests.cs(915,17): error CS0117: 'TableOfContents' does not contain a definition for 'Structure' [/home/runner/work/markdown-journal-cli/markdown-journal-cli/markdown-journal-cli.Tests/markdown-journal-cli.Tests.csproj]
/home/runner/work/markdown-journal-cli/markdown-journal-cli/markdown-journal-cli.Tests/Infrastructure/JournalTemplates/TableOfContentsGeneratorTests.cs(979,17): error CS0117: 'TableOfContents' does not contain a definition for 'RootEntries' [/home/runner/work/markdown-journal-cli/markdown-journal-cli/markdown-journal-cli.Tests/markdown-journal-cli.Tests.csproj]
/home/runner/work/markdown-journal-cli/markdown-journal-cli/markdown-journal-cli.Tests/Infrastructure/JournalTemplates/TableOfContentsGeneratorTests.cs(981,17): error CS0117: 'TableOfContents' does not contain a definition for 'Structure' [/home/runner/work/markdown-journal-cli/markdown-journal-cli/markdown-journal-cli.Tests/markdown-journal-cli.Tests.csproj]
/home/runner/work/markdown-journal-cli/markdown-journal-cli/markdown-journal-cli.Tests/Infrastructure/Configuration/JournalConfigurationTests.cs(772,48): error CS1061: 'TableOfContents' does not contain a definition for 'Structure' and no accessible extension method 'Structure' accepting a first argument of type 'TableOfContents' could be found (are you missing a using directive or an assembly reference?) [/home/runner/work/markdown-journal-cli/markdown-journal-cli/markdown-journal-cli.Tests/markdown-journal-cli.Tests.csproj]
/home/runner/work/markdown-journal-cli/markdown-journal-cli/markdown-journal-cli.Tests/Infrastructure/Configuration/JournalConfigurationTests.cs(808,39): error CS1061: 'TableOfContents' does not contain a definition for 'Structure' and no accessible extension method 'Structure' accepting a first argument of type 'TableOfContents' could be found (are you missing a using directive or an assembly reference?) [/home/runner/work/markdown-journal-cli/markdown-journal-cli/markdown-journal-cli.Tests/markdown-journal-cli.Tests.csproj]
/home/runner/work/markdown-journal-cli/markdown-journal-cli/markdown-journal-cli.Tests/Infrastructure/JournalTemplates/TableOfContentsGeneratorTests.cs(1039,17): error CS0117: 'TableOfContents' does not contain a definition for 'RootEntries' [/home/runner/work/markdown-journal-cli/markdown-journal-cli/markdown-journal-cli.Tests/markdown-journal-cli.Tests.csproj]
/home/runner/work/markdown-journal-cli/markdown-journal-cli/markdown-journal-cli.Tests/Infrastructure/JournalTemplates/TableOfContentsGeneratorTests.cs(1040,17): error CS0117: 'TableOfContents' does not contain a definition for 'Structure' [/home/runner/work/markdown-journal-cli/markdown-journal-cli/markdown-journal-cli.Tests/markdown-journal-cli.Tests.csproj]
/home/runner/work/markdown-journal-cli/markdown-journal-cli/markdown-journal-cli.Tests/Infrastructure/Configuration/JournalConfigurationTests.cs(849,62): error CS1061: 'TableOfContents' does not contain a definition for 'Structure' and no accessible extension method 'Structure' accepting a first argument of type 'TableOfContents' could be found (are you missing a using directive or an assembly reference?) [/home/runner/work/markdown-journal-cli/markdown-journal-cli/markdown-journal-cli.Tests/markdown-journal-cli.Tests.csproj]
/home/runner/work/markdown-journal-cli/markdown-journal-cli/markdown-journal-cli.Tests/Infrastructure/JournalTemplates/TableOfContentsGeneratorTests.cs(1108,17): error CS0117: 'TableOfContents' does not contain a definition for 'RootEntries' [/home/runner/work/markdown-journal-cli/markdown-journal-cli/markdown-journal-cli.Tests/markdown-journal-cli.Tests.csproj]
/home/runner/work/markdown-journal-cli/markdown-journal-cli/markdown-journal-cli.Tests/Infrastructure/JournalTemplates/TableOfContentsGeneratorTests.cs(1109,17): error CS0117: 'TableOfContents' does not contain a definition for 'Structure' [/home/runner/work/markdown-journal-cli/markdown-journal-cli/markdown-journal-cli.Tests/markdown-journal-cli.Tests.csproj]
/home/runner/work/markdown-journal-cli/markdown-journal-cli/markdown-journal-cli.Tests/Infrastructure/Configuration/JournalConfigurationTests.cs(943,39): error CS1061: 'TableOfContents' does not contain a definition for 'RootEntries' and no accessible extension method 'RootEntries' accepting a first argument of type 'TableOfContents' could be found (are you missing a using directive or an assembly reference?) [/home/runner/work/markdown-journal-cli/markdown-journal-cli/markdown-journal-cli.Tests/markdown-journal-cli.Tests.csproj]
/home/runner/work/markdown-journal-cli/markdown-journal-cli/markdown-journal-cli.Tests/Infrastructure/Configuration/JournalConfigurationTests.cs(944,39): error CS1061: 'TableOfContents' does not contain a definition for 'RootEntries' and no accessible extension method 'RootEntries' accepting a first argument of type 'TableOfContents' could be found (are you missing a using directive or an assembly reference?) [/home/runner/work/markdown-journal-cli/markdown-journal-cli/markdown-journal-cli.Tests/markdown-journal-cli.Tests.csproj]
/home/runner/work/markdown-journal-cli/markdown-journal-cli/markdown-journal-cli.Tests/Infrastructure/Configuration/JournalConfigurationTests.cs(945,39): error CS1061: 'TableOfContents' does not contain a definition for 'RootEntries' and no accessible extension method 'RootEntries' accepting a first argument of type 'TableOfContents' could be found (are you missing a using directive or an assembly reference?) [/home/runner/work/markdown-journal-cli/markdown-journal-cli/markdown-journal-cli.Tests/markdown-journal-cli.Tests.csproj]
/home/runner/work/markdown-journal-cli/markdown-journal-cli/markdown-journal-cli.Tests/Infrastructure/Configuration/JournalConfigurationTests.cs(981,55): error CS1061: 'TableOfContents' does not contain a definition for 'Structure' and no accessible extension method 'Structure' accepting a first argument of type 'TableOfContents' could be found (are you missing a using directive or an assembly reference?) [/home/runner/work/markdown-journal-cli/markdown-journal-cli/markdown-journal-cli.Tests/markdown-journal-cli.Tests.csproj]
/home/runner/work/markdown-journal-cli/markdown-journal-cli/markdown-journal-cli.Tests/Infrastructure/JournalTemplates/TableOfContentsGeneratorTests.cs(1200,17): error CS0117: 'TableOfContents' does not contain a definition for 'RootEntries' [/home/runner/work/markdown-journal-cli/markdown-journal-cli/markdown-journal-cli.Tests/markdown-journal-cli.Tests.csproj]
/home/runner/work/markdown-journal-cli/markdown-journal-cli/markdown-journal-cli.Tests/Infrastructure/JournalTemplates/TableOfContentsGeneratorTests.cs(1201,17): error CS0117: 'TableOfContents' does not contain a definition for 'Structure' [/home/runner/work/markdown-journal-cli/markdown-journal-cli/markdown-journal-cli.Tests/markdown-journal-cli.Tests.csproj]
/home/runner/work/markdown-journal-cli/markdown-journal-cli/markdown-journal-cli.Tests/Services/JournalUpdate/JournalUpdateServiceTests.cs(728,25): error CS0117: 'TableOfContents' does not contain a definition for 'Structure' [/home/runner/work/markdown-journal-cli/markdown-journal-cli/markdown-journal-cli.Tests/markdown-journal-cli.Tests.csproj]
/home/runner/work/markdown-journal-cli/markdown-journal-cli/markdown-journal-cli.Tests/Services/JournalUpdate/JournalUpdateServiceTests.cs(729,25): error CS0117: 'TableOfContents' does not contain a definition for 'RootEntries' [/home/runner/work/markdown-journal-cli/markdown-journal-cli/markdown-journal-cli.Tests/markdown-journal-cli.Tests.csproj]
/home/runner/work/markdown-journal-cli/markdown-journal-cli/markdown-journal-cli.Tests/Infrastructure/JournalTemplates/TableOfContentsGeneratorTests.cs(1281,17): error CS0117: 'TableOfContents' does not contain a definition for 'RootEntries' [/home/runner/work/markdown-journal-cli/markdown-journal-cli/markdown-journal-cli.Tests/markdown-journal-cli.Tests.csproj]
/home/runner/work/markdown-journal-cli/markdown-journal-cli/markdown-journal-cli.Tests/Infrastructure/JournalTemplates/TableOfContentsGeneratorTests.cs(1288,17): error CS0117: 'TableOfContents' does not contain a definition for 'Structure' [/home/runner/work/markdown-journal-cli/markdown-journal-cli/markdown-journal-cli.Tests/markdown-journal-cli.Tests.csproj]
/home/runner/work/markdown-journal-cli/markdown-journal-cli/markdown-journal-cli.Tests/Infrastructure/Configuration/JournalConfigurationTests.cs(1025,58): error CS1061: 'TableOfContents' does not contain a definition for 'Structure' and no accessible extension method 'Structure' accepting a first argument of type 'TableOfContents' could be found (are you missing a using directive or an assembly reference?) [/home/runner/work/markdown-journal-cli/markdown-journal-cli/markdown-journal-cli.Tests/markdown-journal-cli.Tests.csproj]
/home/runner/work/markdown-journal-cli/markdown-journal-cli/markdown-journal-cli.Tests/Infrastructure/JournalTemplates/TableOfContentsGeneratorTests.cs(1318,17): error CS0117: 'TableOfContents' does not contain a definition for 'RootEntries' [/home/runner/work/markdown-journal-cli/markdown-journal-cli/markdown-journal-cli.Tests/markdown-journal-cli.Tests.csproj]
/home/runner/work/markdown-journal-cli/markdown-journal-cli/markdown-journal-cli.Tests/Infrastructure/JournalTemplates/TableOfContentsGeneratorTests.cs(1320,17): error CS0117: 'TableOfContents' does not contain a definition for 'Structure' [/home/runner/work/markdown-journal-cli/markdown-journal-cli/markdown-journal-cli.Tests/markdown-journal-cli.Tests.csproj]
/home/runner/work/markdown-journal-cli/markdown-journal-cli/markdown-journal-cli.Tests/Infrastructure/Configuration/JournalConfigurationTests.cs(1074,55): error CS1061: 'TableOfContents' does not contain a definition for 'Structure' and no accessible extension method 'Structure' accepting a first argument of type 'TableOfContents' could be found (are you missing a using directive or an assembly reference?) [/home/runner/work/markdown-journal-cli/markdown-journal-cli/markdown-journal-cli.Tests/markdown-journal-cli.Tests.csproj]
/home/runner/work/markdown-journal-cli/markdown-journal-cli/markdown-journal-cli.Tests/Infrastructure/JournalTemplates/TableOfContentsGeneratorTests.cs(1386,17): error CS0117: 'TableOfContents' does not contain a definition for 'RootEntries' [/home/runner/work/markdown-journal-cli/markdown-journal-cli/markdown-journal-cli.Tests/markdown-journal-cli.Tests.csproj]
/home/runner/work/markdown-journal-cli/markdown-journal-cli/markdown-journal-cli.Tests/Infrastructure/JournalTemplates/TableOfContentsGeneratorTests.cs(1387,17): error CS0117: 'TableOfContents' does not contain a definition for 'Structure' [/home/runner/work/markdown-journal-cli/markdown-journal-cli/markdown-journal-cli.Tests/markdown-journal-cli.Tests.csproj]
/home/runner/work/markdown-journal-cli/markdown-journal-cli/markdown-journal-cli.Tests/Infrastructure/Configuration/JournalConfigurationTests.cs(1158,55): error CS1061: 'TableOfContents' does not contain a definition for 'Structure' and no accessible extension method 'Structure' accepting a first argument of type 'TableOfContents' could be found (are you missing a using directive or an assembly reference?) [/home/runner/work/markdown-journal-cli/markdown-journal-cli/markdown-journal-cli.Tests/markdown-journal-cli.Tests.csproj]
/home/runner/work/markdown-journal-cli/markdown-journal-cli/markdown-journal-cli.Tests/Infrastructure/Configuration/JournalConfigurationTests.cs(1166,59): error CS1061: 'TableOfContents' does not contain a definition for 'Structure' and no accessible extension method 'Structure' accepting a first argument of type 'TableOfContents' could be found (are you missing a using directive or an assembly reference?) [/home/runner/work/markdown-journal-cli/markdown-journal-cli/markdown-journal-cli.Tests/markdown-journal-cli.Tests.csproj]
/home/runner/work/markdown-journal-cli/markdown-journal-cli/markdown-journal-cli.Tests/Infrastructure/Configuration/JournalConfigurationTests.cs(1216,55): error CS1061: 'TableOfContents' does not contain a definition for 'Structure' and no accessible extension method 'Structure' accepting a first argument of type 'TableOfContents' could be found (are you missing a using directive or an assembly reference?) [/home/runner/work/markdown-journal-cli/markdown-journal-cli/markdown-journal-cli.Tests/markdown-journal-cli.Tests.csproj]
/home/runner/work/markdown-journal-cli/markdown-journal-cli/markdown-journal-cli.Tests/Infrastructure/JournalTemplates/TableOfContentsGeneratorTests.cs(1455,17): error CS0117: 'TableOfContents' does not contain a definition for 'RootEntries' [/home/runner/work/markdown-journal-cli/markdown-journal-cli/markdown-journal-cli.Tests/markdown-journal-cli.Tests.csproj]
/home/runner/work/markdown-journal-cli/markdown-journal-cli/markdown-journal-cli.Tests/Infrastructure/JournalTemplates/TableOfContentsGeneratorTests.cs(1456,17): error CS0117: 'TableOfContents' does not contain a definition for 'Structure' [/home/runner/work/markdown-journal-cli/markdown-journal-cli/markdown-journal-cli.Tests/markdown-journal-cli.Tests.csproj]
/home/runner/work/markdown-journal-cli/markdown-journal-cli/markdown-journal-cli.Tests/Infrastructure/Configuration/JournalConfigurationTests.cs(1249,32): error CS1061: 'TableOfContents' does not contain a definition for 'RootEntries' and no accessible extension method 'RootEntries' accepting a first argument of type 'TableOfContents' could be found (are you missing a using directive or an assembly reference?) [/home/runner/work/markdown-journal-cli/markdown-journal-cli/markdown-journal-cli.Tests/markdown-journal-cli.Tests.csproj]
/home/runner/work/markdown-journal-cli/markdown-journal-cli/markdown-journal-cli.Tests/Infrastructure/Configuration/JournalConfigurationTests.cs(1265,39): error CS1061: 'TableOfContents' does not contain a definition for 'RootEntries' and no accessible extension method 'RootEntries' accepting a first argument of type 'TableOfContents' could be found (are you missing a using directive or an assembly reference?) [/home/runner/work/markdown-journal-cli/markdown-journal-cli/markdown-journal-cli.Tests/markdown-journal-cli.Tests.csproj]
/home/runner/work/markdown-journal-cli/markdown-journal-cli/markdown-journal-cli.Tests/Infrastructure/Configuration/JournalConfigurationTests.cs(1266,39): error CS1061: 'TableOfContents' does not contain a definition for 'RootEntries' and no accessible extension method 'RootEntries' accepting a first argument of type 'TableOfContents' could be found (are you missing a using directive or an assembly reference?) [/home/runner/work/markdown-journal-cli/markdown-journal-cli/markdown-journal-cli.Tests/markdown-journal-cli.Tests.csproj]
/home/runner/work/markdown-journal-cli/markdown-journal-cli/markdown-journal-cli.Tests/Infrastructure/Configuration/JournalConfigurationTests.cs(1267,39): error CS1061: 'TableOfContents' does not contain a definition for 'RootEntries' and no accessible extension method 'RootEntries' accepting a first argument of type 'TableOfContents' could be found (are you missing a using directive or an assembly reference?) [/home/runner/work/markdown-journal-cli/markdown-journal-cli/markdown-journal-cli.Tests/markdown-journal-cli.Tests.csproj]
/home/runner/work/markdown-journal-cli/markdown-journal-cli/markdown-journal-cli.Tests/Infrastructure/Configuration/JournalConfigurationTests.cs(1306,59): error CS1061: 'TableOfContents' does not contain a definition for 'Structure' and no accessible extension method 'Structure' accepting a first argument of type 'TableOfContents' could be found (are you missing a using directive or an assembly reference?) [/home/runner/work/markdown-journal-cli/markdown-journal-cli/markdown-journal-cli.Tests/markdown-journal-cli.Tests.csproj]
/home/runner/work/markdown-journal-cli/markdown-journal-cli/markdown-journal-cli.Tests/Infrastructure/JournalTemplates/TableOfContentsGeneratorTests.cs(1567,17): error CS0117: 'TableOfContents' does not contain a definition for 'RootEntries' [/home/runner/work/markdown-journal-cli/markdown-journal-cli/markdown-journal-cli.Tests/markdown-journal-cli.Tests.csproj]
/home/runner/work/markdown-journal-cli/markdown-journal-cli/markdown-journal-cli.Tests/Infrastructure/JournalTemplates/TableOfContentsGeneratorTests.cs(1573,17): error CS0117: 'TableOfContents' does not contain a definition for 'Structure' [/home/runner/work/markdown-journal-cli/markdown-journal-cli/markdown-journal-cli.Tests/markdown-journal-cli.Tests.csproj]
/home/runner/work/markdown-journal-cli/markdown-journal-cli/markdown-journal-cli.Tests/Infrastructure/Configuration/JournalConfigurationTests.cs(1320,32): error CS1061: 'TableOfContents' does not contain a definition for 'RootEntries' and no accessible extension method 'RootEntries' accepting a first argument of type 'TableOfContents' could be found (are you missing a using directive or an assembly reference?) [/home/runner/work/markdown-journal-cli/markdown-journal-cli/markdown-journal-cli.Tests/markdown-journal-cli.Tests.csproj]
/home/runner/work/markdown-journal-cli/markdown-journal-cli/markdown-journal-cli.Tests/Infrastructure/Configuration/JournalConfigurationTests.cs(1336,39): error CS1061: 'TableOfContents' does not contain a definition for 'RootEntries' and no accessible extension method 'RootEntries' accepting a first argument of type 'TableOfContents' could be found (are you missing a using directive or an assembly reference?) [/home/runner/work/markdown-journal-cli/markdown-journal-cli/markdown-journal-cli.Tests/markdown-journal-cli.Tests.csproj]
/home/runner/work/markdown-journal-cli/markdown-journal-cli/markdown-journal-cli.Tests/Infrastructure/Configuration/JournalConfigurationTests.cs(1337,39): error CS1061: 'TableOfContents' does not contain a definition for 'RootEntries' and no accessible extension method 'RootEntries' accepting a first argument of type 'TableOfContents' could be found (are you missing a using directive or an assembly reference?) [/home/runner/work/markdown-journal-cli/markdown-journal-cli/markdown-journal-cli.Tests/markdown-journal-cli.Tests.csproj]
/home/runner/work/markdown-journal-cli/markdown-journal-cli/markdown-journal-cli.Tests/Infrastructure/Configuration/JournalConfigurationTests.cs(1338,39): error CS1061: 'TableOfContents' does not contain a definition for 'RootEntries' and no accessible extension method 'RootEntries' accepting a first argument of type 'TableOfContents' could be found (are you missing a using directive or an assembly reference?) [/home/runner/work/markdown-journal-cli/markdown-journal-cli/markdown-journal-cli.Tests/markdown-journal-cli.Tests.csproj]
/home/runner/work/markdown-journal-cli/markdown-journal-cli/markdown-journal-cli.Tests/Infrastructure/JournalTemplates/TableOfContentsGeneratorTests.cs(1602,17): error CS0117: 'TableOfContents' does not contain a definition for 'RootEntries' [/home/runner/work/markdown-journal-cli/markdown-journal-cli/markdown-journal-cli.Tests/markdown-journal-cli.Tests.csproj]
/home/runner/work/markdown-journal-cli/markdown-journal-cli/markdown-journal-cli.Tests/Infrastructure/JournalTemplates/TableOfContentsGeneratorTests.cs(1603,17): error CS0117: 'TableOfContents' does not contain a definition for 'Structure' [/home/runner/work/markdown-journal-cli/markdown-journal-cli/markdown-journal-cli.Tests/markdown-journal-cli.Tests.csproj]
/home/runner/work/markdown-journal-cli/markdown-journal-cli/markdown-journal-cli.Tests/Infrastructure/Configuration/JournalConfigurationTests.cs(1367,59): error CS1061: 'TableOfContents' does not contain a definition for 'Structure' and no accessible extension method 'Structure' accepting a first argument of type 'TableOfContents' could be found (are you missing a using directive or an assembly reference?) [/home/runner/work/markdown-journal-cli/markdown-journal-cli/markdown-journal-cli.Tests/markdown-journal-cli.Tests.csproj]
/home/runner/work/markdown-journal-cli/markdown-journal-cli/markdown-journal-cli.Tests/Infrastructure/Configuration/JournalConfigurationTests.cs(1397,59): error CS1061: 'TableOfContents' does not contain a definition for 'Structure' and no accessible extension method 'Structure' accepting a first argument of type 'TableOfContents' could be found (are you missing a using directive or an assembly reference?) [/home/runner/work/markdown-journal-cli/markdown-journal-cli/markdown-journal-cli.Tests/markdown-journal-cli.Tests.csproj]
/home/runner/work/markdown-journal-cli/markdown-journal-cli/markdown-journal-cli.Tests/Infrastructure/JournalTemplates/TableOfContentsGeneratorTests.cs(1655,17): error CS0117: 'TableOfContents' does not contain a definition for 'RootEntries' [/home/runner/work/markdown-journal-cli/markdown-journal-cli/markdown-journal-cli.Tests/markdown-journal-cli.Tests.csproj]
/home/runner/work/markdown-journal-cli/markdown-journal-cli/markdown-journal-cli.Tests/Infrastructure/JournalTemplates/TableOfContentsGeneratorTests.cs(1660,17): error CS0117: 'TableOfContents' does not contain a definition for 'Structure' [/home/runner/work/markdown-journal-cli/markdown-journal-cli/markdown-journal-cli.Tests/markdown-journal-cli.Tests.csproj]
/home/runner/work/markdown-journal-cli/markdown-journal-cli/markdown-journal-cli.Tests/Infrastructure/Configuration/JournalConfigurationTests.cs(1411,32): error CS1061: 'TableOfContents' does not contain a definition for 'Structure' and no accessible extension method 'Structure' accepting a first argument of type 'TableOfContents' could be found (are you missing a using directive or an assembly reference?) [/home/runner/work/markdown-journal-cli/markdown-journal-cli/markdown-journal-cli.Tests/markdown-journal-cli.Tests.csproj]
/home/runner/work/markdown-journal-cli/markdown-journal-cli/markdown-journal-cli.Tests/Infrastructure/Configuration/JournalConfigurationTests.cs(1427,59): error CS1061: 'TableOfContents' does not contain a definition for 'Structure' and no accessible extension method 'Structure' accepting a first argument of type 'TableOfContents' could be found (are you missing a using directive or an assembly reference?) [/home/runner/work/markdown-journal-cli/markdown-journal-cli/markdown-journal-cli.Tests/markdown-journal-cli.Tests.csproj]
/home/runner/work/markdown-journal-cli/markdown-journal-cli/markdown-journal-cli.Tests/Infrastructure/JournalTemplates/TableOfContentsGeneratorTests.cs(1688,17): error CS0117: 'TableOfContents' does not contain a definition for 'RootEntries' [/home/runner/work/markdown-journal-cli/markdown-journal-cli/markdown-journal-cli.Tests/markdown-journal-cli.Tests.csproj]
/home/runner/work/markdown-journal-cli/markdown-journal-cli/markdown-journal-cli.Tests/Infrastructure/JournalTemplates/TableOfContentsGeneratorTests.cs(1694,17): error CS0117: 'TableOfContents' does not contain a definition for 'Structure' [/home/runner/work/markdown-journal-cli/markdown-journal-cli/markdown-journal-cli.Tests/markdown-journal-cli.Tests.csproj]
/home/runner/work/markdown-journal-cli/markdown-journal-cli/markdown-journal-cli.Tests/Infrastructure/Configuration/JournalConfigurationTests.cs(1441,32): error CS1061: 'TableOfContents' does not contain a definition for 'Structure' and no accessible extension method 'Structure' accepting a first argument of type 'TableOfContents' could be found (are you missing a using directive or an assembly reference?) [/home/runner/work/markdown-journal-cli/markdown-journal-cli/markdown-journal-cli.Tests/markdown-journal-cli.Tests.csproj]
/home/runner/work/markdown-journal-cli/markdown-journal-cli/markdown-journal-cli.Tests/Infrastructure/Configuration/JournalConfigurationTests.cs(1457,59): error CS1061: 'TableOfContents' does not contain a definition for 'Structure' and no accessible extension method 'Structure' accepting a first argument of type 'TableOfContents' could be found (are you missing a using directive or an assembly reference?) [/home/runner/work/markdown-journal-cli/markdown-journal-cli/markdown-journal-cli.Tests/markdown-journal-cli.Tests.csproj]
/home/runner/work/markdown-journal-cli/markdown-journal-cli/markdown-journal-cli.Tests/Infrastructure/Configuration/JournalConfigurationTests.cs(1475,32): error CS1061: 'TableOfContents' does not contain a definition for 'Structure' and no accessible extension method 'Structure' accepting a first argument of type 'TableOfContents' could be found (are you missing a using directive or an assembly reference?) [/home/runner/work/markdown-journal-cli/markdown-journal-cli/markdown-journal-cli.Tests/markdown-journal-cli.Tests.csproj]
/home/runner/work/markdown-journal-cli/markdown-journal-cli/markdown-journal-cli.Tests/Infrastructure/Configuration/JournalConfigurationTests.cs(1495,59): error CS1061: 'TableOfContents' does not contain a definition for 'Structure' and no accessible extension method 'Structure' accepting a first argument of type 'TableOfContents' could be found (are you missing a using directive or an assembly reference?) [/home/runner/work/markdown-journal-cli/markdown-journal-cli/markdown-journal-cli.Tests/markdown-journal-cli.Tests.csproj]
/home/runner/work/markdown-journal-cli/markdown-journal-cli/markdown-journal-cli.Tests/Infrastructure/Configuration/JournalConfigurationTests.cs(1538,59): error CS1061: 'TableOfContents' does not contain a definition for 'Structure' and no accessible extension method 'Structure' accepting a first argument of type 'TableOfContents' could be found (are you missing a using directive or an assembly reference?) [/home/runner/work/markdown-journal-cli/markdown-journal-cli/markdown-journal-cli.Tests/markdown-journal-cli.Tests.csproj]
/home/runner/work/markdown-journal-cli/markdown-journal-cli/markdown-journal-cli.Tests/Services/JournalFileUpdate/JournalFileUpdateServiceTests.cs(806,29): error CS0117: 'TableOfContents' does not contain a definition for 'RootEntries' [/home/runner/work/markdown-journal-cli/markdown-journal-cli/markdown-journal-cli.Tests/markdown-journal-cli.Tests.csproj]
/home/runner/work/markdown-journal-cli/markdown-journal-cli/markdown-journal-cli.Tests/Services/JournalFileUpdate/JournalFileUpdateServiceTests.cs(807,29): error CS0117: 'TableOfContents' does not contain a definition for 'Structure' [/home/runner/work/markdown-journal-cli/markdown-journal-cli/markdown-journal-cli.Tests/markdown-journal-cli.Tests.csproj]
/home/runner/work/markdown-journal-cli/markdown-journal-cli/markdown-journal-cli.Tests/Infrastructure/Configuration/JournalConfigurationTests.cs(1696,32): error CS1061: 'TableOfContents' does not contain a definition for 'RootEntries' and no accessible extension method 'RootEntries' accepting a first argument of type 'TableOfContents' could be found (are you missing a using directive or an assembly reference?) [/home/runner/work/markdown-journal-cli/markdown-journal-cli/markdown-journal-cli.Tests/markdown-journal-cli.Tests.csproj]
/home/runner/work/markdown-journal-cli/markdown-journal-cli/markdown-journal-cli.Tests/Infrastructure/Configuration/JournalConfigurationTests.cs(1712,39): error CS1061: 'TableOfContents' does not contain a definition for 'RootEntries' and no accessible extension method 'RootEntries' accepting a first argument of type 'TableOfContents' could be found (are you missing a using directive or an assembly reference?) [/home/runner/work/markdown-journal-cli/markdown-journal-cli/markdown-journal-cli.Tests/markdown-journal-cli.Tests.csproj]
/home/runner/work/markdown-journal-cli/markdown-journal-cli/markdown-journal-cli.Tests/Infrastructure/Configuration/JournalConfigurationTests.cs(1721,32): error CS1061: 'TableOfContents' does not contain a definition for 'Structure' and no accessible extension method 'Structure' accepting a first argument of type 'TableOfContents' could be found (are you missing a using directive or an assembly reference?) [/home/runner/work/markdown-journal-cli/markdown-journal-cli/markdown-journal-cli.Tests/markdown-journal-cli.Tests.csproj]
/home/runner/work/markdown-journal-cli/markdown-journal-cli/markdown-journal-cli.Tests/Infrastructure/Configuration/JournalConfigurationTests.cs(1742,39): error CS1061: 'TableOfContents' does not contain a definition for 'Structure' and no accessible extension method 'Structure' accepting a first argument of type 'TableOfContents' could be found (are you missing a using directive or an assembly reference?) [/home/runner/work/markdown-journal-cli/markdown-journal-cli/markdown-journal-cli.Tests/markdown-journal-cli.Tests.csproj]
/home/runner/work/markdown-journal-cli/markdown-journal-cli/markdown-journal-cli.Tests/Infrastructure/Configuration/JournalConfigurationTests.cs(1751,32): error CS1061: 'TableOfContents' does not contain a definition for 'RootEntries' and no accessible extension method 'RootEntries' accepting a first argument of type 'TableOfContents' could be found (are you missing a using directive or an assembly reference?) [/home/runner/work/markdown-journal-cli/markdown-journal-cli/markdown-journal-cli.Tests/markdown-journal-cli.Tests.csproj]
/home/runner/work/markdown-journal-cli/markdown-journal-cli/markdown-journal-cli.Tests/Infrastructure/Configuration/JournalConfigurationTests.cs(1768,39): error CS1061: 'TableOfContents' does not contain a definition for 'RootEntries' and no accessible extension method 'RootEntries' accepting a first argument of type 'TableOfContents' could be found (are you missing a using directive or an assembly reference?) [/home/runner/work/markdown-journal-cli/markdown-journal-cli/markdown-journal-cli.Tests/markdown-journal-cli.Tests.csproj]
/home/runner/work/markdown-journal-cli/markdown-journal-cli/markdown-journal-cli.Tests/Infrastructure/Configuration/JournalConfigurationTests.cs(1780,33): error CS7036: There is no argument given that corresponds to the required parameter 'tocStructureRepository' of 'JournalConfiguration.JournalConfiguration(IFileSystem, IOptions<JournalSettings>, ILogger<JournalConfiguration>, IFileTracking, IJournalTocStructureRepository)' [/home/runner/work/markdown-journal-cli/markdown-journal-cli/markdown-journal-cli.Tests/markdown-journal-cli.Tests.csproj]
/home/runner/work/markdown-journal-cli/markdown-journal-cli/markdown-journal-cli.Tests/Infrastructure/Configuration/JournalConfigurationTests.cs(1789,32): error CS1061: 'TableOfContents' does not contain a definition for 'RootEntries' and no accessible extension method 'RootEntries' accepting a first argument of type 'TableOfContents' could be found (are you missing a using directive or an assembly reference?) [/home/runner/work/markdown-journal-cli/markdown-journal-cli/markdown-journal-cli.Tests/markdown-journal-cli.Tests.csproj]
/home/runner/work/markdown-journal-cli/markdown-journal-cli/markdown-journal-cli.Tests/Infrastructure/Configuration/JournalConfigurationTests.cs(1805,39): error CS1061: 'TableOfContents' does not contain a definition for 'RootEntries' and no accessible extension method 'RootEntries' accepting a first argument of type 'TableOfContents' could be found (are you missing a using directive or an assembly reference?) [/home/runner/work/markdown-journal-cli/markdown-journal-cli/markdown-journal-cli.Tests/markdown-journal-cli.Tests.csproj]
/home/runner/work/markdown-journal-cli/markdown-journal-cli/markdown-journal-cli.Tests/Infrastructure/Configuration/JournalConfigurationTests.cs(1814,32): error CS1061: 'TableOfContents' does not contain a definition for 'RootEntries' and no accessible extension method 'RootEntries' accepting a first argument of type 'TableOfContents' could be found (are you missing a using directive or an assembly reference?) [/home/runner/work/markdown-journal-cli/markdown-journal-cli/markdown-journal-cli.Tests/markdown-journal-cli.Tests.csproj]
/home/runner/work/markdown-journal-cli/markdown-journal-cli/markdown-journal-cli.Tests/Infrastructure/Configuration/JournalConfigurationTests.cs(1830,39): error CS1061: 'TableOfContents' does not contain a definition for 'RootEntries' and no accessible extension method 'RootEntries' accepting a first argument of type 'TableOfContents' could be found (are you missing a using directive or an assembly reference?) [/home/runner/work/markdown-journal-cli/markdown-journal-cli/markdown-journal-cli.Tests/markdown-journal-cli.Tests.csproj]
/home/runner/work/markdown-journal-cli/markdown-journal-cli/markdown-journal-cli.Tests/Infrastructure/Configuration/JournalConfigurationTests.cs(1831,39): error CS1061: 'TableOfContents' does not contain a definition for 'RootEntries' and no accessible extension method 'RootEntries' accepting a first argument of type 'TableOfContents' could be found (are you missing a using directive or an assembly reference?) [/home/runner/work/markdown-journal-cli/markdown-journal-cli/markdown-journal-cli.Tests/markdown-journal-cli.Tests.csproj]
/home/runner/work/markdown-journal-cli/markdown-journal-cli/markdown-journal-cli.Tests/Infrastructure/Configuration/JournalConfigurationTests.cs(1843,32): error CS1061: 'TableOfContents' does not contain a definition for 'RootEntries' and no accessible extension method 'RootEntries' accepting a first argument of type 'TableOfContents' could be found (are you missing a using directive or an assembly reference?) [/home/runner/work/markdown-journal-cli/markdown-journal-cli/markdown-journal-cli.Tests/markdown-journal-cli.Tests.csproj]
/home/runner/work/markdown-journal-cli/markdown-journal-cli/markdown-journal-cli.Tests/Infrastructure/Configuration/JournalConfigurationTests.cs(1866,39): error CS1061: 'TableOfContents' does not contain a definition for 'RootEntries' and no accessible extension method 'RootEntries' accepting a first argument of type 'TableOfContents' could be found (are you missing a using directive or an assembly reference?) [/home/runner/work/markdown-journal-cli/markdown-journal-cli/markdown-journal-cli.Tests/markdown-journal-cli.Tests.csproj]
/home/runner/work/markdown-journal-cli/markdown-journal-cli/markdown-journal-cli.Tests/Infrastructure/Configuration/JournalConfigurationTests.cs(1878,32): error CS1061: 'TableOfContents' does not contain a definition for 'RootEntries' and no accessible extension method 'RootEntries' accepting a first argument of type 'TableOfContents' could be found (are you missing a using directive or an assembly reference?) [/home/runner/work/markdown-journal-cli/markdown-journal-cli/markdown-journal-cli.Tests/markdown-journal-cli.Tests.csproj]
/home/runner/work/markdown-journal-cli/markdown-journal-cli/markdown-journal-cli.Tests/Infrastructure/Configuration/JournalConfigurationTests.cs(1901,39): error CS1061: 'TableOfContents' does not contain a definition for 'RootEntries' and no accessible extension method 'RootEntries' accepting a first argument of type 'TableOfContents' could be found (are you missing a using directive or an assembly reference?) [/home/runner/work/markdown-journal-cli/markdown-journal-cli/markdown-journal-cli.Tests/markdown-journal-cli.Tests.csproj]
/home/runner/work/markdown-journal-cli/markdown-journal-cli/markdown-journal-cli.Tests/Infrastructure/Configuration/JournalConfigurationTests.cs(1902,39): error CS1061: 'TableOfContents' does not contain a definition for 'RootEntries' and no accessible extension method 'RootEntries' accepting a first argument of type 'TableOfContents' could be found (are you missing a using directive or an assembly reference?) [/home/runner/work/markdown-journal-cli/markdown-journal-cli/markdown-journal-cli.Tests/markdown-journal-cli.Tests.csproj]
/home/runner/work/markdown-journal-cli/markdown-journal-cli/markdown-journal-cli.Tests/Infrastructure/Configuration/JournalConfigurationTests.cs(1913,32): error CS1061: 'TableOfContents' does not contain a definition for 'Structure' and no accessible extension method 'Structure' accepting a first argument of type 'TableOfContents' could be found (are you missing a using directive or an assembly reference?) [/home/runner/work/markdown-journal-cli/markdown-journal-cli/markdown-journal-cli.Tests/markdown-journal-cli.Tests.csproj]
/home/runner/work/markdown-journal-cli/markdown-journal-cli/markdown-journal-cli.Tests/Infrastructure/Configuration/JournalConfigurationTests.cs(1937,39): error CS1061: 'TableOfContents' does not contain a definition for 'Structure' and no accessible extension method 'Structure' accepting a first argument of type 'TableOfContents' could be found (are you missing a using directive or an assembly reference?) [/home/runner/work/markdown-journal-cli/markdown-journal-cli/markdown-journal-cli.Tests/markdown-journal-cli.Tests.csproj]
/home/runner/work/markdown-journal-cli/markdown-journal-cli/markdown-journal-cli.Tests/Infrastructure/Configuration/JournalConfigurationTests.cs(1949,32): error CS1061: 'TableOfContents' does not contain a definition for 'RootEntries' and no accessible extension method 'RootEntries' accepting a first argument of type 'TableOfContents' could be found (are you missing a using directive or an assembly reference?) [/home/runner/work/markdown-journal-cli/markdown-journal-cli/markdown-journal-cli.Tests/markdown-journal-cli.Tests.csproj]
/home/runner/work/markdown-journal-cli/markdown-journal-cli/markdown-journal-cli.Tests/Infrastructure/Configuration/JournalConfigurationTests.cs(1972,39): error CS1061: 'TableOfContents' does not contain a definition for 'RootEntries' and no accessible extension method 'RootEntries' accepting a first argument of type 'TableOfContents' could be found (are you missing a using directive or an assembly reference?) [/home/runner/work/markdown-journal-cli/markdown-journal-cli/markdown-journal-cli.Tests/markdown-journal-cli.Tests.csproj]
/home/runner/work/markdown-journal-cli/markdown-journal-cli/markdown-journal-cli.Tests/Infrastructure/Configuration/JournalConfigurationTests.cs(2022,55): error CS1061: 'TableOfContents' does not contain a definition for 'Structure' and no accessible extension method 'Structure' accepting a first argument of type 'TableOfContents' could be found (are you missing a using directive or an assembly reference?) [/home/runner/work/markdown-journal-cli/markdown-journal-cli/markdown-journal-cli.Tests/markdown-journal-cli.Tests.csproj]
/home/runner/work/markdown-journal-cli/markdown-journal-cli/markdown-journal-cli.Tests/Infrastructure/Configuration/JournalConfigurationTests.cs(2059,55): error CS1061: 'TableOfContents' does not contain a definition for 'Structure' and no accessible extension method 'Structure' accepting a first argument of type 'TableOfContents' could be found (are you missing a using directive or an assembly reference?) [/home/runner/work/markdown-journal-cli/markdown-journal-cli/markdown-journal-cli.Tests/markdown-journal-cli.Tests.csproj]
/home/runner/work/markdown-journal-cli/markdown-journal-cli/markdown-journal-cli.Tests/Infrastructure/Configuration/JournalConfigurationTests.cs(2094,56): error CS1061: 'TableOfContents' does not contain a definition for 'Structure' and no accessible extension method 'Structure' accepting a first argument of type 'TableOfContents' could be found (are you missing a using directive or an assembly reference?) [/home/runner/work/markdown-journal-cli/markdown-journal-cli/markdown-journal-cli.Tests/markdown-journal-cli.Tests.csproj]
/home/runner/work/markdown-journal-cli/markdown-journal-cli/markdown-journal-cli.Tests/Infrastructure/Configuration/JournalConfigurationTests.cs(2149,52): error CS1061: 'TableOfContents' does not contain a definition for 'Structure' and no accessible extension method 'Structure' accepting a first argument of type 'TableOfContents' could be found (are you missing a using directive or an assembly reference?) [/home/runner/work/markdown-journal-cli/markdown-journal-cli/markdown-journal-cli.Tests/markdown-journal-cli.Tests.csproj]
/home/runner/work/markdown-journal-cli/markdown-journal-cli/markdown-journal-cli.Tests/Services/JournalUpdate/JournalUpdateServiceTests.cs(1011,53): error CS1061: 'TableOfContents' does not contain a definition for 'RootEntries' and no accessible extension method 'RootEntries' accepting a first argument of type 'TableOfContents' could be found (are you missing a using directive or an assembly reference?) [/home/runner/work/markdown-journal-cli/markdown-journal-cli/markdown-journal-cli.Tests/markdown-journal-cli.Tests.csproj]
/home/runner/work/markdown-journal-cli/markdown-journal-cli/markdown-journal-cli.Tests/Infrastructure/Configuration/JournalConfigurationTests.cs(2185,55): error CS1061: 'TableOfContents' does not contain a definition for 'Structure' and no accessible extension method 'Structure' accepting a first argument of type 'TableOfContents' could be found (are you missing a using directive or an assembly reference?) [/home/runner/work/markdown-journal-cli/markdown-journal-cli/markdown-journal-cli.Tests/markdown-journal-cli.Tests.csproj]
/home/runner/work/markdown-journal-cli/markdown-journal-cli/markdown-journal-cli.Tests/Infrastructure/Configuration/JournalConfigurationTests.cs(2216,39): error CS1061: 'TableOfContents' does not contain a definition for 'RootEntries' and no accessible extension method 'RootEntries' accepting a first argument of type 'TableOfContents' could be found (are you missing a using directive or an assembly reference?) [/home/runner/work/markdown-journal-cli/markdown-journal-cli/markdown-journal-cli.Tests/markdown-journal-cli.Tests.csproj]
/home/runner/work/markdown-journal-cli/markdown-journal-cli/markdown-journal-cli.Tests/Infrastructure/Configuration/JournalConfigurationTests.cs(2230,17): error CS0117: 'TableOfContents' does not contain a definition for 'Structure' [/home/runner/work/markdown-journal-cli/markdown-journal-cli/markdown-journal-cli.Tests/markdown-journal-cli.Tests.csproj]
/home/runner/work/markdown-journal-cli/markdown-journal-cli/markdown-journal-cli.Tests/Infrastructure/Configuration/JournalConfigurationTests.cs(2245,17): error CS0117: 'TableOfContents' does not contain a definition for 'RootEntries' [/home/runner/work/markdown-journal-cli/markdown-journal-cli/markdown-journal-cli.Tests/markdown-journal-cli.Tests.csproj]
/home/runner/work/markdown-journal-cli/markdown-journal-cli/markdown-journal-cli.Tests/Infrastructure/Configuration/JournalConfigurationTests.cs(2257,45): error CS1061: 'TableOfContents' does not contain a definition for 'Structure' and no accessible extension method 'Structure' accepting a first argument of type 'TableOfContents' could be found (are you missing a using directive or an assembly reference?) [/home/runner/work/markdown-journal-cli/markdown-journal-cli/markdown-journal-cli.Tests/markdown-journal-cli.Tests.csproj]
/home/runner/work/markdown-journal-cli/markdown-journal-cli/markdown-journal-cli.Tests/Infrastructure/Configuration/JournalConfigurationTests.cs(2276,17): error CS0117: 'TableOfContents' does not contain a definition for 'Structure' [/home/runner/work/markdown-journal-cli/markdown-journal-cli/markdown-journal-cli.Tests/markdown-journal-cli.Tests.csproj]
/home/runner/work/markdown-journal-cli/markdown-journal-cli/markdown-journal-cli.Tests/Infrastructure/Configuration/JournalConfigurationTests.cs(2294,17): error CS0117: 'TableOfContents' does not contain a definition for 'RootEntries' [/home/runner/work/markdown-journal-cli/markdown-journal-cli/markdown-journal-cli.Tests/markdown-journal-cli.Tests.csproj]
/home/runner/work/markdown-journal-cli/markdown-journal-cli/markdown-journal-cli.Tests/Infrastructure/Configuration/JournalConfigurationTests.cs(2306,33): error CS1061: 'TableOfContents' does not contain a definition for 'Structure' and no accessible extension method 'Structure' accepting a first argument of type 'TableOfContents' could be found (are you missing a using directive or an assembly reference?) [/home/runner/work/markdown-journal-cli/markdown-journal-cli/markdown-journal-cli.Tests/markdown-journal-cli.Tests.csproj]
/home/runner/work/markdown-journal-cli/markdown-journal-cli/markdown-journal-cli.Tests/Infrastructure/Configuration/JournalConfigurationTests.cs(2334,17): error CS0117: 'TableOfContents' does not contain a definition for 'Structure' [/home/runner/work/markdown-journal-cli/markdown-journal-cli/markdown-journal-cli.Tests/markdown-journal-cli.Tests.csproj]
/home/runner/work/markdown-journal-cli/markdown-journal-cli/markdown-journal-cli.Tests/Infrastructure/Configuration/JournalConfigurationTests.cs(2360,17): error CS0117: 'TableOfContents' does not contain a definition for 'RootEntries' [/home/runner/work/markdown-journal-cli/markdown-journal-cli/markdown-journal-cli.Tests/markdown-journal-cli.Tests.csproj]
/home/runner/work/markdown-journal-cli/markdown-journal-cli/markdown-journal-cli.Tests/Infrastructure/Configuration/JournalConfigurationTests.cs(2376,33): error CS1061: 'TableOfContents' does not contain a definition for 'Structure' and no accessible extension method 'Structure' accepting a first argument of type 'TableOfContents' could be found (are you missing a using directive or an assembly reference?) [/home/runner/work/markdown-journal-cli/markdown-journal-cli/markdown-journal-cli.Tests/markdown-journal-cli.Tests.csproj]
/home/runner/work/markdown-journal-cli/markdown-journal-cli/markdown-journal-cli.Tests/Infrastructure/Configuration/JournalConfigurationTests.cs(2393,33): error CS1061: 'TableOfContents' does not contain a definition for 'RootEntries' and no accessible extension method 'RootEntries' accepting a first argument of type 'TableOfContents' could be found (are you missing a using directive or an assembly reference?) [/home/runner/work/markdown-journal-cli/markdown-journal-cli/markdown-journal-cli.Tests/markdown-journal-cli.Tests.csproj]
/home/runner/work/markdown-journal-cli/markdown-journal-cli/markdown-journal-cli.Tests/Services/JournalUpdate/JournalUpdateServiceTests.cs(1060,53): error CS1061: 'TableOfContents' does not contain a definition for 'RootEntries' and no accessible extension method 'RootEntries' accepting a first argument of type 'TableOfContents' could be found (are you missing a using directive or an assembly reference?) [/home/runner/work/markdown-journal-cli/markdown-journal-cli/markdown-journal-cli.Tests/markdown-journal-cli.Tests.csproj]
/home/runner/work/markdown-journal-cli/markdown-journal-cli/markdown-journal-cli.Tests/Infrastructure/Configuration/JournalConfigurationTests.cs(2415,33): error CS1061: 'TableOfContents' does not contain a definition for 'RootEntries' and no accessible extension method 'RootEntries' accepting a first argument of type 'TableOfContents' could be found (are you missing a using directive or an assembly reference?) [/home/runner/work/markdown-journal-cli/markdown-journal-cli/markdown-journal-cli.Tests/markdown-journal-cli.Tests.csproj]
/home/runner/work/markdown-journal-cli/markdown-journal-cli/markdown-journal-cli.Tests/Infrastructure/Configuration/JournalConfigurationTests.cs(2416,33): error CS1061: 'TableOfContents' does not contain a definition for 'RootEntries' and no accessible extension method 'RootEntries' accepting a first argument of type 'TableOfContents' could be found (are you missing a using directive or an assembly reference?) [/home/runner/work/markdown-journal-cli/markdown-journal-cli/markdown-journal-cli.Tests/markdown-journal-cli.Tests.csproj]
/home/runner/work/markdown-journal-cli/markdown-journal-cli/markdown-journal-cli.Tests/Infrastructure/Configuration/JournalConfigurationTests.cs(2418,53): error CS1061: 'TableOfContents' does not contain a definition for 'Structure' and no accessible extension method 'Structure' accepting a first argument of type 'TableOfContents' could be found (are you missing a using directive or an assembly reference?) [/home/runner/work/markdown-journal-cli/markdown-journal-cli/markdown-journal-cli.Tests/markdown-journal-cli.Tests.csproj]
/home/runner/work/markdown-journal-cli/markdown-journal-cli/markdown-journal-cli.Tests/Infrastructure/Configuration/JournalConfigurationTests.cs(2437,17): error CS0117: 'TableOfContents' does not contain a definition for 'Structure' [/home/runner/work/markdown-journal-cli/markdown-journal-cli/markdown-journal-cli.Tests/markdown-journal-cli.Tests.csproj]
/home/runner/work/markdown-journal-cli/markdown-journal-cli/markdown-journal-cli.Tests/Infrastructure/Configuration/JournalConfigurationTests.cs(2438,17): error CS0117: 'TableOfContents' does not contain a definition for 'RootEntries' [/home/runner/work/markdown-journal-cli/markdown-journal-cli/markdown-journal-cli.Tests/markdown-journal-cli.Tests.csproj]
/home/runner/work/markdown-journal-cli/markdown-journal-cli/markdown-journal-cli.Tests/Infrastructure/Configuration/JournalConfigurationTests.cs(2464,17): error CS0117: 'TableOfContents' does not contain a definition for 'Structure' [/home/runner/work/markdown-journal-cli/markdown-journal-cli/markdown-journal-cli.Tests/markdown-journal-cli.Tests.csproj]
/home/runner/work/markdown-journal-cli/markdown-journal-cli/markdown-journal-cli.Tests/Infrastructure/Configuration/JournalConfigurationTests.cs(2475,17): error CS0117: 'TableOfContents' does not contain a definition for 'RootEntries' [/home/runner/work/markdown-journal-cli/markdown-journal-cli/markdown-journal-cli.Tests/markdown-journal-cli.Tests.csproj]
/home/runner/work/markdown-journal-cli/markdown-journal-cli/markdown-journal-cli.Tests/Infrastructure/Configuration/JournalConfigurationTests.cs(2486,33): error CS1061: 'TableOfContents' does not contain a definition for 'RootEntries' and no accessible extension method 'RootEntries' accepting a first argument of type 'TableOfContents' could be found (are you missing a using directive or an assembly reference?) [/home/runner/work/markdown-journal-cli/markdown-journal-cli/markdown-journal-cli.Tests/markdown-journal-cli.Tests.csproj]
/home/runner/work/markdown-journal-cli/markdown-journal-cli/markdown-journal-cli.Tests/Infrastructure/Configuration/JournalConfigurationTests.cs(2487,33): error CS1061: 'TableOfContents' does not contain a definition for 'Structure' and no accessible extension method 'Structure' accepting a first argument of type 'TableOfContents' could be found (are you missing a using directive or an assembly reference?) [/home/runner/work/markdown-journal-cli/markdown-journal-cli/markdown-journal-cli.Tests/markdown-journal-cli.Tests.csproj]
/home/runner/work/markdown-journal-cli/markdown-journal-cli/markdown-journal-cli.Tests/Infrastructure/Configuration/JournalConfigurationTests.cs(2488,33): error CS1061: 'TableOfContents' does not contain a definition for 'Structure' and no accessible extension method 'Structure' accepting a first argument of type 'TableOfContents' could be found (are you missing a using directive or an assembly reference?) [/home/runner/work/markdown-journal-cli/markdown-journal-cli/markdown-journal-cli.Tests/markdown-journal-cli.Tests.csproj]
/home/runner/work/markdown-journal-cli/markdown-journal-cli/markdown-journal-cli.Tests/Infrastructure/Configuration/JournalConfigurationTests.cs(2501,32): error CS1061: 'TableOfContents' does not contain a definition for 'RootEntries' and no accessible extension method 'RootEntries' accepting a first argument of type 'TableOfContents' could be found (are you missing a using directive or an assembly reference?) [/home/runner/work/markdown-journal-cli/markdown-journal-cli/markdown-journal-cli.Tests/markdown-journal-cli.Tests.csproj]
/home/runner/work/markdown-journal-cli/markdown-journal-cli/markdown-journal-cli.Tests/Infrastructure/Configuration/JournalConfigurationTests.cs(2521,33): error CS1061: 'TableOfContents' does not contain a definition for 'RootEntries' and no accessible extension method 'RootEntries' accepting a first argument of type 'TableOfContents' could be found (are you missing a using directive or an assembly reference?) [/home/runner/work/markdown-journal-cli/markdown-journal-cli/markdown-journal-cli.Tests/markdown-journal-cli.Tests.csproj]
/home/runner/work/markdown-journal-cli/markdown-journal-cli/markdown-journal-cli.Tests/Infrastructure/Configuration/JournalConfigurationTests.cs(2522,33): error CS1061: 'TableOfContents' does not contain a definition for 'RootEntries' and no accessible extension method 'RootEntries' accepting a first argument of type 'TableOfContents' could be found (are you missing a using directive or an assembly reference?) [/home/runner/work/markdown-journal-cli/markdown-journal-cli/markdown-journal-cli.Tests/markdown-journal-cli.Tests.csproj]
/home/runner/work/markdown-journal-cli/markdown-journal-cli/markdown-journal-cli.Tests/Infrastructure/Configuration/JournalConfigurationTests.cs(2531,32): error CS1061: 'TableOfContents' does not contain a definition for 'Structure' and no accessible extension method 'Structure' accepting a first argument of type 'TableOfContents' could be found (are you missing a using directive or an assembly reference?) [/home/runner/work/markdown-journal-cli/markdown-journal-cli/markdown-journal-cli.Tests/markdown-journal-cli.Tests.csproj]
/home/runner/work/markdown-journal-cli/markdown-journal-cli/markdown-journal-cli.Tests/Infrastructure/Configuration/JournalConfigurationTests.cs(2555,33): error CS1061: 'TableOfContents' does not contain a definition for 'Structure' and no accessible extension method 'Structure' accepting a first argument of type 'TableOfContents' could be found (are you missing a using directive or an assembly reference?) [/home/runner/work/markdown-journal-cli/markdown-journal-cli/markdown-journal-cli.Tests/markdown-journal-cli.Tests.csproj]
/home/runner/work/markdown-journal-cli/markdown-journal-cli/markdown-journal-cli.Tests/Services/JournalUpdate/JournalUpdateServiceTests.cs(1098,53): error CS1061: 'TableOfContents' does not contain a definition for 'RootEntries' and no accessible extension method 'RootEntries' accepting a first argument of type 'TableOfContents' could be found (are you missing a using directive or an assembly reference?) [/home/runner/work/markdown-journal-cli/markdown-journal-cli/markdown-journal-cli.Tests/markdown-journal-cli.Tests.csproj]
/home/runner/work/markdown-journal-cli/markdown-journal-cli/markdown-journal-cli.Tests/Infrastructure/Configuration/JournalConfigurationTests.cs(2564,32): error CS1061: 'TableOfContents' does not contain a definition for 'RootEntries' and no accessible extension method 'RootEntries' accepting a first argument of type 'TableOfContents' could be found (are you missing a using directive or an assembly reference?) [/home/runner/work/markdown-journal-cli/markdown-journal-cli/markdown-journal-cli.Tests/markdown-journal-cli.Tests.csproj]
/home/runner/work/markdown-journal-cli/markdown-journal-cli/markdown-journal-cli.Tests/Infrastructure/Configuration/JournalConfigurationTests.cs(2583,33): error CS1061: 'TableOfContents' does not contain a definition for 'RootEntries' and no accessible extension method 'RootEntries' accepting a first argument of type 'TableOfContents' could be found (are you missing a using directive or an assembly reference?) [/home/runner/work/markdown-journal-cli/markdown-journal-cli/markdown-journal-cli.Tests/markdown-journal-cli.Tests.csproj]
/home/runner/work/markdown-journal-cli/markdown-journal-cli/markdown-journal-cli.Tests/Infrastructure/Configuration/JournalConfigurationTests.cs(2592,32): error CS1061: 'TableOfContents' does not contain a definition for 'RootEntries' and no accessible extension method 'RootEntries' accepting a first argument of type 'TableOfContents' could be found (are you missing a using directive or an assembly reference?) [/home/runner/work/markdown-journal-cli/markdown-journal-cli/markdown-journal-cli.Tests/markdown-journal-cli.Tests.csproj]
/home/runner/work/markdown-journal-cli/markdown-journal-cli/markdown-journal-cli.Tests/Infrastructure/Configuration/JournalConfigurationTests.cs(2611,33): error CS1061: 'TableOfContents' does not contain a definition for 'RootEntries' and no accessible extension method 'RootEntries' accepting a first argument of type 'TableOfContents' could be found (are you missing a using directive or an assembly reference?) [/home/runner/work/markdown-journal-cli/markdown-journal-cli/markdown-journal-cli.Tests/markdown-journal-cli.Tests.csproj]
/home/runner/work/markdown-journal-cli/markdown-journal-cli/markdown-journal-cli.Tests/Infrastructure/Configuration/JournalConfigurationTests.cs(2612,33): error CS1061: 'TableOfContents' does not contain a definition for 'RootEntries' and no accessible extension method 'RootEntries' accepting a first argument of type 'TableOfContents' could be found (are you missing a using directive or an assembly reference?) [/home/runner/work/markdown-journal-cli/markdown-journal-cli/markdown-journal-cli.Tests/markdown-journal-cli.Tests.csproj]
/home/runner/work/markdown-journal-cli/markdown-journal-cli/markdown-journal-cli.Tests/Infrastructure/Configuration/JournalConfigurationTests.cs(2624,32): error CS1061: 'TableOfContents' does not contain a definition for 'RootEntries' and no accessible extension method 'RootEntries' accepting a first argument of type 'TableOfContents' could be found (are you missing a using directive or an assembly reference?) [/home/runner/work/markdown-journal-cli/markdown-journal-cli/markdown-journal-cli.Tests/markdown-journal-cli.Tests.csproj]
/home/runner/work/markdown-journal-cli/markdown-journal-cli/markdown-journal-cli.Tests/Infrastructure/Configuration/JournalConfigurationTests.cs(2651,32): error CS1061: 'TableOfContents' does not contain a definition for 'Structure' and no accessible extension method 'Structure' accepting a first argument of type 'TableOfContents' could be found (are you missing a using directive or an assembly reference?) [/home/runner/work/markdown-journal-cli/markdown-journal-cli/markdown-journal-cli.Tests/markdown-journal-cli.Tests.csproj]
/home/runner/work/markdown-journal-cli/markdown-journal-cli/markdown-journal-cli.Tests/Infrastructure/Configuration/JournalConfigurationTests.cs(2686,32): error CS1061: 'TableOfContents' does not contain a definition for 'Structure' and no accessible extension method 'Structure' accepting a first argument of type 'TableOfContents' could be found (are you missing a using directive or an assembly reference?) [/home/runner/work/markdown-journal-cli/markdown-journal-cli/markdown-journal-cli.Tests/markdown-journal-cli.Tests.csproj]
/home/runner/work/markdown-journal-cli/markdown-journal-cli/markdown-journal-cli.Tests/Infrastructure/Configuration/JournalConfigurationTests.cs(2727,32): error CS1061: 'TableOfContents' does not contain a definition for 'RootEntries' and no accessible extension method 'RootEntries' accepting a first argument of type 'TableOfContents' could be found (are you missing a using directive or an assembly reference?) [/home/runner/work/markdown-journal-cli/markdown-journal-cli/markdown-journal-cli.Tests/markdown-journal-cli.Tests.csproj]
/home/runner/work/markdown-journal-cli/markdown-journal-cli/markdown-journal-cli.Tests/Infrastructure/Configuration/JournalConfigurationTests.cs(2784,32): error CS1061: 'TableOfContents' does not contain a definition for 'RootEntries' and no accessible extension method 'RootEntries' accepting a first argument of type 'TableOfContents' could be found (are you missing a using directive or an assembly reference?) [/home/runner/work/markdown-journal-cli/markdown-journal-cli/markdown-journal-cli.Tests/markdown-journal-cli.Tests.csproj]
/home/runner/work/markdown-journal-cli/markdown-journal-cli/markdown-journal-cli.Tests/Infrastructure/Configuration/JournalConfigurationTests.cs(2802,33): error CS1061: 'TableOfContents' does not contain a definition for 'RootEntries' and no accessible extension method 'RootEntries' accepting a first argument of type 'TableOfContents' could be found (are you missing a using directive or an assembly reference?) [/home/runner/work/markdown-journal-cli/markdown-journal-cli/markdown-journal-cli.Tests/markdown-journal-cli.Tests.csproj]
/home/runner/work/markdown-journal-cli/markdown-journal-cli/markdown-journal-cli.Tests/Infrastructure/Configuration/JournalConfigurationTests.cs(2803,33): error CS1061: 'TableOfContents' does not contain a definition for 'RootEntries' and no accessible extension method 'RootEntries' accepting a first argument of type 'TableOfContents' could be found (are you missing a using directive or an assembly reference?) [/home/runner/work/markdown-journal-cli/markdown-journal-cli/markdown-journal-cli.Tests/markdown-journal-cli.Tests.csproj]
/home/runner/work/markdown-journal-cli/markdown-journal-cli/markdown-journal-cli.Tests/Infrastructure/Configuration/JournalConfigurationTests.cs(2804,33): error CS1061: 'TableOfContents' does not contain a definition for 'RootEntries' and no accessible extension method 'RootEntries' accepting a first argument of type 'TableOfContents' could be found (are you missing a using directive or an assembly reference?) [/home/runner/work/markdown-journal-cli/markdown-journal-cli/markdown-journal-cli.Tests/markdown-journal-cli.Tests.csproj]
/home/runner/work/markdown-journal-cli/markdown-journal-cli/markdown-journal-cli.Tests/Infrastructure/Configuration/JournalConfigurationTests.cs(2812,32): error CS1061: 'TableOfContents' does not contain a definition for 'Structure' and no accessible extension method 'Structure' accepting a first argument of type 'TableOfContents' could be found (are you missing a using directive or an assembly reference?) [/home/runner/work/markdown-journal-cli/markdown-journal-cli/markdown-journal-cli.Tests/markdown-journal-cli.Tests.csproj]
/home/runner/work/markdown-journal-cli/markdown-journal-cli/markdown-journal-cli.Tests/Infrastructure/Configuration/JournalConfigurationTests.cs(2838,53): error CS1061: 'TableOfContents' does not contain a definition for 'Structure' and no accessible extension method 'Structure' accepting a first argument of type 'TableOfContents' could be found (are you missing a using directive or an assembly reference?) [/home/runner/work/markdown-journal-cli/markdown-journal-cli/markdown-journal-cli.Tests/markdown-journal-cli.Tests.csproj]
/home/runner/work/markdown-journal-cli/markdown-journal-cli/markdown-journal-cli.Tests/Infrastructure/Configuration/JournalConfigurationTests.cs(2851,32): error CS1061: 'TableOfContents' does not contain a definition for 'Structure' and no accessible extension method 'Structure' accepting a first argument of type 'TableOfContents' could be found (are you missing a using directive or an assembly reference?) [/home/runner/work/markdown-journal-cli/markdown-journal-cli/markdown-journal-cli.Tests/markdown-journal-cli.Tests.csproj]
/home/runner/work/markdown-journal-cli/markdown-journal-cli/markdown-journal-cli.Tests/Infrastructure/Configuration/JournalConfigurationTests.cs(2881,53): error CS1061: 'TableOfContents' does not contain a definition for 'Structure' and no accessible extension method 'Structure' accepting a first argument of type 'TableOfContents' could be found (are you missing a using directive or an assembly reference?) [/home/runner/work/markdown-journal-cli/markdown-journal-cli/markdown-journal-cli.Tests/markdown-journal-cli.Tests.csproj]
/home/runner/work/markdown-journal-cli/markdown-journal-cli/markdown-journal-cli.Tests/Infrastructure/Configuration/JournalConfigurationTests.cs(2922,32): error CS1061: 'TableOfContents' does not contain a definition for 'RootEntries' and no accessible extension method 'RootEntries' accepting a first argument of type 'TableOfContents' could be found (are you missing a using directive or an assembly reference?) [/home/runner/work/markdown-journal-cli/markdown-journal-cli/markdown-journal-cli.Tests/markdown-journal-cli.Tests.csproj]
/home/runner/work/markdown-journal-cli/markdown-journal-cli/markdown-journal-cli.Tests/Infrastructure/Configuration/JournalConfigurationTests.cs(2923,32): error CS1061: 'TableOfContents' does not contain a definition for 'Structure' and no accessible extension method 'Structure' accepting a first argument of type 'TableOfContents' could be found (are you missing a using directive or an assembly reference?) [/home/runner/work/markdown-journal-cli/markdown-journal-cli/markdown-journal-cli.Tests/markdown-journal-cli.Tests.csproj]
/home/runner/work/markdown-journal-cli/markdown-journal-cli/markdown-journal-cli.Tests/Infrastructure/Configuration/JournalConfigurationTests.cs(2946,33): error CS1061: 'TableOfContents' does not contain a definition for 'RootEntries' and no accessible extension method 'RootEntries' accepting a first argument of type 'TableOfContents' could be found (are you missing a using directive or an assembly reference?) [/home/runner/work/markdown-journal-cli/markdown-journal-cli/markdown-journal-cli.Tests/markdown-journal-cli.Tests.csproj]
/home/runner/work/markdown-journal-cli/markdown-journal-cli/markdown-journal-cli.Tests/Infrastructure/Configuration/JournalConfigurationTests.cs(2947,33): error CS1061: 'TableOfContents' does not contain a definition for 'Structure' and no accessible extension method 'Structure' accepting a first argument of type 'TableOfContents' could be found (are you missing a using directive or an assembly reference?) [/home/runner/work/markdown-journal-cli/markdown-journal-cli/markdown-journal-cli.Tests/markdown-journal-cli.Tests.csproj]
/home/runner/work/markdown-journal-cli/markdown-journal-cli/markdown-journal-cli.Tests/Infrastructure/Configuration/JournalConfigurationTests.cs(2956,32): error CS1061: 'TableOfContents' does not contain a definition for 'RootEntries' and no accessible extension method 'RootEntries' accepting a first argument of type 'TableOfContents' could be found (are you missing a using directive or an assembly reference?) [/home/runner/work/markdown-journal-cli/markdown-journal-cli/markdown-journal-cli.Tests/markdown-journal-cli.Tests.csproj]
/home/runner/work/markdown-journal-cli/markdown-journal-cli/markdown-journal-cli.Tests/Infrastructure/Configuration/JournalConfigurationTests.cs(2970,33): error CS1061: 'TableOfContents' does not contain a definition for 'RootEntries' and no accessible extension method 'RootEntries' accepting a first argument of type 'TableOfContents' could be found (are you missing a using directive or an assembly reference?) [/home/runner/work/markdown-journal-cli/markdown-journal-cli/markdown-journal-cli.Tests/markdown-journal-cli.Tests.csproj]
/home/runner/work/markdown-journal-cli/markdown-journal-cli/markdown-journal-cli.Tests/Infrastructure/Configuration/JournalConfigurationTests.cs(2991,26): error CS7036: There is no argument given that corresponds to the required parameter 'tocStructureRepository' of 'JournalConfiguration.JournalConfiguration(IFileSystem, IOptions<JournalSettings>, ILogger<JournalConfiguration>, IFileTracking, IJournalTocStructureRepository)' [/home/runner/work/markdown-journal-cli/markdown-journal-cli/markdown-journal-cli.Tests/markdown-journal-cli.Tests.csproj]
/home/runner/work/markdown-journal-cli/markdown-journal-cli/markdown-journal-cli.Tests/Infrastructure/Configuration/JournalConfigurationTests.cs(3026,21): error CS0117: 'TableOfContents' does not contain a definition for 'Structure' [/home/runner/work/markdown-journal-cli/markdown-journal-cli/markdown-journal-cli.Tests/markdown-journal-cli.Tests.csproj]
/home/runner/work/markdown-journal-cli/markdown-journal-cli/markdown-journal-cli.Tests/Infrastructure/Configuration/JournalConfigurationTests.cs(3027,21): error CS0117: 'TableOfContents' does not contain a definition for 'RootEntries' [/home/runner/work/markdown-journal-cli/markdown-journal-cli/markdown-journal-cli.Tests/markdown-journal-cli.Tests.csproj]
/home/runner/work/markdown-journal-cli/markdown-journal-cli/markdown-journal-cli.Tests/Infrastructure/Configuration/JournalConfigurationTests.cs(3056,21): error CS0117: 'TableOfContents' does not contain a definition for 'Structure' [/home/runner/work/markdown-journal-cli/markdown-journal-cli/markdown-journal-cli.Tests/markdown-journal-cli.Tests.csproj]
/home/runner/work/markdown-journal-cli/markdown-journal-cli/markdown-journal-cli.Tests/Infrastructure/Configuration/JournalConfigurationTests.cs(3057,21): error CS0117: 'TableOfContents' does not contain a definition for 'RootEntries' [/home/runner/work/markdown-journal-cli/markdown-journal-cli/markdown-journal-cli.Tests/markdown-journal-cli.Tests.csproj]
/home/runner/work/markdown-journal-cli/markdown-journal-cli/markdown-journal-cli.Tests/Infrastructure/Configuration/JournalConfigurationTests.cs(3086,21): error CS0117: 'TableOfContents' does not contain a definition for 'Structure' [/home/runner/work/markdown-journal-cli/markdown-journal-cli/markdown-journal-cli.Tests/markdown-journal-cli.Tests.csproj]
/home/runner/work/markdown-journal-cli/markdown-journal-cli/markdown-journal-cli.Tests/Infrastructure/Configuration/JournalConfigurationTests.cs(3087,21): error CS0117: 'TableOfContents' does not contain a definition for 'RootEntries' [/home/runner/work/markdown-journal-cli/markdown-journal-cli/markdown-journal-cli.Tests/markdown-journal-cli.Tests.csproj]
/home/runner/work/markdown-journal-cli/markdown-journal-cli/markdown-journal-cli.Tests/Infrastructure/Configuration/JournalConfigurationTests.cs(3115,21): error CS0117: 'TableOfContents' does not contain a definition for 'Structure' [/home/runner/work/markdown-journal-cli/markdown-journal-cli/markdown-journal-cli.Tests/markdown-journal-cli.Tests.csproj]
/home/runner/work/markdown-journal-cli/markdown-journal-cli/markdown-journal-cli.Tests/Infrastructure/Configuration/JournalConfigurationTests.cs(3116,21): error CS0117: 'TableOfContents' does not contain a definition for 'RootEntries' [/home/runner/work/markdown-journal-cli/markdown-journal-cli/markdown-journal-cli.Tests/markdown-journal-cli.Tests.csproj]
/home/runner/work/markdown-journal-cli/markdown-journal-cli/markdown-journal-cli.Tests/Infrastructure/Configuration/JournalConfigurationTests.cs(3162,21): error CS0117: 'TableOfContents' does not contain a definition for 'Structure' [/home/runner/work/markdown-journal-cli/markdown-journal-cli/markdown-journal-cli.Tests/markdown-journal-cli.Tests.csproj]
/home/runner/work/markdown-journal-cli/markdown-journal-cli/markdown-journal-cli.Tests/Infrastructure/Configuration/JournalConfigurationTests.cs(3163,21): error CS0117: 'TableOfContents' does not contain a definition for 'RootEntries' [/home/runner/work/markdown-journal-cli/markdown-journal-cli/markdown-journal-cli.Tests/markdown-journal-cli.Tests.csproj]
/home/runner/work/markdown-journal-cli/markdown-journal-cli/markdown-journal-cli.Tests/Infrastructure/Configuration/JournalConfigurationTests.cs(3196,21): error CS0117: 'TableOfContents' does not contain a definition for 'Structure' [/home/runner/work/markdown-journal-cli/markdown-journal-cli/markdown-journal-cli.Tests/markdown-journal-cli.Tests.csproj]
/home/runner/work/markdown-journal-cli/markdown-journal-cli/markdown-journal-cli.Tests/Infrastructure/Configuration/JournalConfigurationTests.cs(3211,21): error CS0117: 'TableOfContents' does not contain a definition for 'RootEntries' [/home/runner/work/markdown-journal-cli/markdown-journal-cli/markdown-journal-cli.Tests/markdown-journal-cli.Tests.csproj]
/home/runner/work/markdown-journal-cli/markdown-journal-cli/markdown-journal-cli.Tests/Infrastructure/Configuration/JournalConfigurationTests.cs(3239,21): error CS0117: 'TableOfContents' does not contain a definition for 'Structure' [/home/runner/work/markdown-journal-cli/markdown-journal-cli/markdown-journal-cli.Tests/markdown-journal-cli.Tests.csproj]
/home/runner/work/markdown-journal-cli/markdown-journal-cli/markdown-journal-cli.Tests/Infrastructure/Configuration/JournalConfigurationTests.cs(3266,21): error CS0117: 'TableOfContents' does not contain a definition for 'RootEntries' [/home/runner/work/markdown-journal-cli/markdown-journal-cli/markdown-journal-cli.Tests/markdown-journal-cli.Tests.csproj]
/home/runner/work/markdown-journal-cli/markdown-journal-cli/markdown-journal-cli.Tests/Infrastructure/Configuration/JournalConfigurationTests.cs(3294,21): error CS0117: 'TableOfContents' does not contain a definition for 'Structure' [/home/runner/work/markdown-journal-cli/markdown-journal-cli/markdown-journal-cli.Tests/markdown-journal-cli.Tests.csproj]
/home/runner/work/markdown-journal-cli/markdown-journal-cli/markdown-journal-cli.Tests/Infrastructure/Configuration/JournalConfigurationTests.cs(3295,21): error CS0117: 'TableOfContents' does not contain a definition for 'RootEntries' [/home/runner/work/markdown-journal-cli/markdown-journal-cli/markdown-journal-cli.Tests/markdown-journal-cli.Tests.csproj]
/home/runner/work/markdown-journal-cli/markdown-journal-cli/markdown-journal-cli.Tests/Infrastructure/Configuration/JournalConfigurationTests.cs(3323,21): error CS0117: 'TableOfContents' does not contain a definition for 'Structure' [/home/runner/work/markdown-journal-cli/markdown-journal-cli/markdown-journal-cli.Tests/markdown-journal-cli.Tests.csproj]
/home/runner/work/markdown-journal-cli/markdown-journal-cli/markdown-journal-cli.Tests/Infrastructure/Configuration/JournalConfigurationTests.cs(3324,21): error CS0117: 'TableOfContents' does not contain a definition for 'RootEntries' [/home/runner/work/markdown-journal-cli/markdown-journal-cli/markdown-journal-cli.Tests/markdown-journal-cli.Tests.csproj]
/home/runner/work/markdown-journal-cli/markdown-journal-cli/markdown-journal-cli.Tests/Infrastructure/Configuration/JournalConfigurationTests.cs(3354,21): error CS0117: 'TableOfContents' does not contain a definition for 'Structure' [/home/runner/work/markdown-journal-cli/markdown-journal-cli/markdown-journal-cli.Tests/markdown-journal-cli.Tests.csproj]
/home/runner/work/markdown-journal-cli/markdown-journal-cli/markdown-journal-cli.Tests/Infrastructure/Configuration/JournalConfigurationTests.cs(3355,21): error CS0117: 'TableOfContents' does not contain a definition for 'RootEntries' [/home/runner/work/markdown-journal-cli/markdown-journal-cli/markdown-journal-cli.Tests/markdown-journal-cli.Tests.csproj]
/home/runner/work/markdown-journal-cli/markdown-journal-cli/markdown-journal-cli.Tests/Infrastructure/Configuration/JournalConfigurationTests.cs(3388,21): error CS0117: 'TableOfContents' does not contain a definition for 'Structure' [/home/runner/work/markdown-journal-cli/markdown-journal-cli/markdown-journal-cli.Tests/markdown-journal-cli.Tests.csproj]
/home/runner/work/markdown-journal-cli/markdown-journal-cli/markdown-journal-cli.Tests/Infrastructure/Configuration/JournalConfigurationTests.cs(3389,21): error CS0117: 'TableOfContents' does not contain a definition for 'RootEntries' [/home/runner/work/markdown-journal-cli/markdown-journal-cli/markdown-journal-cli.Tests/markdown-journal-cli.Tests.csproj]
/home/runner/work/markdown-journal-cli/markdown-journal-cli/markdown-journal-cli.Tests/Infrastructure/Configuration/JournalConfigurationTests.cs(3426,21): error CS0117: 'TableOfContents' does not contain a definition for 'Structure' [/home/runner/work/markdown-journal-cli/markdown-journal-cli/markdown-journal-cli.Tests/markdown-journal-cli.Tests.csproj]
/home/runner/work/markdown-journal-cli/markdown-journal-cli/markdown-journal-cli.Tests/Infrastructure/Configuration/JournalConfigurationTests.cs(3427,21): error CS0117: 'TableOfContents' does not contain a definition for 'RootEntries' [/home/runner/work/markdown-journal-cli/markdown-journal-cli/markdown-journal-cli.Tests/markdown-journal-cli.Tests.csproj]
/home/runner/work/markdown-journal-cli/markdown-journal-cli/markdown-journal-cli.Tests/Services/JournalUpdate/JournalUpdateServiceTests.cs(35,13): error CS7036: There is no argument given that corresponds to the required parameter 'tocStructureRepository' of 'JournalUpdateService.JournalUpdateService(IAnsiConsole, IFileSystem, IJournalConfiguration, IFileTracking, ITableOfContentsService, IOptions<JournalSettings>, IMarkdownLinkRewriter, IFileTransactionCoordinator, IRollbackReporter, ILogger<JournalUpdateService>, IJournalTocStructureRepository)' [/home/runner/work/markdown-journal-cli/markdown-journal-cli/markdown-journal-cli.Tests/markdown-journal-cli.Tests.csproj]
/home/runner/work/markdown-journal-cli/markdown-journal-cli/markdown-journal-cli.Tests/Services/NewJournal/NewJournalServiceTests.cs(48,24): error CS7036: There is no argument given that corresponds to the required parameter 'tocStructureRepository' of 'NewJournalService.NewJournalService(IFileSystem, ITemplateManager, IJournalConfiguration, IFileTracking, IOptions<JournalSettings>, IFileTransactionCoordinator, IRollbackReporter, ILogger<NewJournalService>, IJournalTocStructureRepository)' [/home/runner/work/markdown-journal-cli/markdown-journal-cli/markdown-journal-cli.Tests/markdown-journal-cli.Tests.csproj]
/home/runner/work/markdown-journal-cli/markdown-journal-cli/markdown-journal-cli.Tests/Services/JournalUpdate/JournalUpdateServiceTests.cs(60,17): error CS0117: 'TableOfContents' does not contain a definition for 'Structure' [/home/runner/work/markdown-journal-cli/markdown-journal-cli/markdown-journal-cli.Tests/markdown-journal-cli.Tests.csproj]
/home/runner/work/markdown-journal-cli/markdown-journal-cli/markdown-journal-cli.Tests/Services/JournalUpdate/JournalUpdateServiceTests.cs(61,17): error CS0117: 'TableOfContents' does not contain a definition for 'RootEntries' [/home/runner/work/markdown-journal-cli/markdown-journal-cli/markdown-journal-cli.Tests/markdown-journal-cli.Tests.csproj]
/home/runner/work/markdown-journal-cli/markdown-journal-cli/markdown-journal-cli.Tests/Services/JournalUpdate/JournalUpdateServiceTests.cs(73,17): error CS7036: There is no argument given that corresponds to the required parameter 'tocStructureRepository' of 'JournalUpdateService.JournalUpdateService(IAnsiConsole, IFileSystem, IJournalConfiguration, IFileTracking, ITableOfContentsService, IOptions<JournalSettings>, IMarkdownLinkRewriter, IFileTransactionCoordinator, IRollbackReporter, ILogger<JournalUpdateService>, IJournalTocStructureRepository)' [/home/runner/work/markdown-journal-cli/markdown-journal-cli/markdown-journal-cli.Tests/markdown-journal-cli.Tests.csproj]
/home/runner/work/markdown-journal-cli/markdown-journal-cli/markdown-journal-cli.Tests/Infrastructure/Configuration/JournalConfigurationTests.cs(31,37): error CS7036: There is no argument given that corresponds to the required parameter 'tocStructureRepository' of 'JournalConfiguration.JournalConfiguration(IFileSystem, IOptions<JournalSettings>, ILogger<JournalConfiguration>, IFileTracking, IJournalTocStructureRepository)' [/home/runner/work/markdown-journal-cli/markdown-journal-cli/markdown-journal-cli.Tests/markdown-journal-cli.Tests.csproj]
/home/runner/work/markdown-journal-cli/markdown-journal-cli/markdown-journal-cli.Tests/Services/TableOfContents/TableOfContentsServiceTests.cs(653,24): error CS7036: There is no argument given that corresponds to the required parameter 'tocStructureRepository' of 'TableOfContentsService.TableOfContentsService(IFileSystem, IJournalConfiguration, IOptions<JournalSettings>, ILogger<TableOfContentsService>, IJournalTocStructureRepository)' [/home/runner/work/markdown-journal-cli/markdown-journal-cli/markdown-journal-cli.Tests/markdown-journal-cli.Tests.csproj]
/home/runner/work/markdown-journal-cli/markdown-journal-cli/markdown-journal-cli.Tests/Services/NewJournal/NewJournalServiceTests.cs(66,17): error CS7036: There is no argument given that corresponds to the required parameter 'tocStructureRepository' of 'NewJournalService.NewJournalService(IFileSystem, ITemplateManager, IJournalConfiguration, IFileTracking, IOptions<JournalSettings>, IFileTransactionCoordinator, IRollbackReporter, ILogger<NewJournalService>, IJournalTocStructureRepository)' [/home/runner/work/markdown-journal-cli/markdown-journal-cli/markdown-journal-cli.Tests/markdown-journal-cli.Tests.csproj]
/home/runner/work/markdown-journal-cli/markdown-journal-cli/markdown-journal-cli.Tests/Services/JournalUpdate/JournalUpdateServiceTests.cs(92,17): error CS7036: There is no argument given that corresponds to the required parameter 'tocStructureRepository' of 'JournalUpdateService.JournalUpdateService(IAnsiConsole, IFileSystem, IJournalConfiguration, IFileTracking, ITableOfContentsService, IOptions<JournalSettings>, IMarkdownLinkRewriter, IFileTransactionCoordinator, IRollbackReporter, ILogger<JournalUpdateService>, IJournalTocStructureRepository)' [/home/runner/work/markdown-journal-cli/markdown-journal-cli/markdown-journal-cli.Tests/markdown-journal-cli.Tests.csproj]
/home/runner/work/markdown-journal-cli/markdown-journal-cli/markdown-journal-cli.Tests/Services/TableOfContents/TableOfContentsServiceTests.cs(671,17): error CS0117: 'TableOfContents' does not contain a definition for 'Structure' [/home/runner/work/markdown-journal-cli/markdown-journal-cli/markdown-journal-cli.Tests/markdown-journal-cli.Tests.csproj]
/home/runner/work/markdown-journal-cli/markdown-journal-cli/markdown-journal-cli.Tests/Services/TableOfContents/TableOfContentsServiceTests.cs(672,17): error CS0117: 'TableOfContents' does not contain a definition for 'RootEntries' [/home/runner/work/markdown-journal-cli/markdown-journal-cli/markdown-journal-cli.Tests/markdown-journal-cli.Tests.csproj]
/home/runner/work/markdown-journal-cli/markdown-journal-cli/markdown-journal-cli.Tests/Infrastructure/Configuration/JournalConfigurationTests.cs(49,17): error CS0117: 'TableOfContents' does not contain a definition for 'Structure' [/home/runner/work/markdown-journal-cli/markdown-journal-cli/markdown-journal-cli.Tests/markdown-journal-cli.Tests.csproj]
/home/runner/work/markdown-journal-cli/markdown-journal-cli/markdown-journal-cli.Tests/Infrastructure/Configuration/JournalConfigurationTests.cs(61,17): error CS0117: 'TableOfContents' does not contain a definition for 'RootEntries' [/home/runner/work/markdown-journal-cli/markdown-journal-cli/markdown-journal-cli.Tests/markdown-journal-cli.Tests.csproj]
/home/runner/work/markdown-journal-cli/markdown-journal-cli/markdown-journal-cli.Tests/Services/NewJournal/NewJournalServiceTests.cs(83,17): error CS7036: There is no argument given that corresponds to the required parameter 'tocStructureRepository' of 'NewJournalService.NewJournalService(IFileSystem, ITemplateManager, IJournalConfiguration, IFileTracking, IOptions<JournalSettings>, IFileTransactionCoordinator, IRollbackReporter, ILogger<NewJournalService>, IJournalTocStructureRepository)' [/home/runner/work/markdown-journal-cli/markdown-journal-cli/markdown-journal-cli.Tests/markdown-journal-cli.Tests.csproj]
/home/runner/work/markdown-journal-cli/markdown-journal-cli/markdown-journal-cli.Tests/Services/TableOfContents/TableOfContentsServiceTests.cs(32,24): error CS7036: There is no argument given that corresponds to the required parameter 'tocStructureRepository' of 'TableOfContentsService.TableOfContentsService(IFileSystem, IJournalConfiguration, IOptions<JournalSettings>, ILogger<TableOfContentsService>, IJournalTocStructureRepository)' [/home/runner/work/markdown-journal-cli/markdown-journal-cli/markdown-journal-cli.Tests/markdown-journal-cli.Tests.csproj]
/home/runner/work/markdown-journal-cli/markdown-journal-cli/markdown-journal-cli.Tests/Services/NewJournal/NewJournalServiceTests.cs(100,17): error CS7036: There is no argument given that corresponds to the required parameter 'tocStructureRepository' of 'NewJournalService.NewJournalService(IFileSystem, ITemplateManager, IJournalConfiguration, IFileTracking, IOptions<JournalSettings>, IFileTransactionCoordinator, IRollbackReporter, ILogger<NewJournalService>, IJournalTocStructureRepository)' [/home/runner/work/markdown-journal-cli/markdown-journal-cli/markdown-journal-cli.Tests/markdown-journal-cli.Tests.csproj]
/home/runner/work/markdown-journal-cli/markdown-journal-cli/markdown-journal-cli.Tests/Infrastructure/JournalTemplates/JournalInitializerTests.cs(47,35): error CS7036: There is no argument given that corresponds to the required parameter 'tocStructureRepository' of 'NewJournalService.NewJournalService(IFileSystem, ITemplateManager, IJournalConfiguration, IFileTracking, IOptions<JournalSettings>, IFileTransactionCoordinator, IRollbackReporter, ILogger<NewJournalService>, IJournalTocStructureRepository)' [/home/runner/work/markdown-journal-cli/markdown-journal-cli/markdown-journal-cli.Tests/markdown-journal-cli.Tests.csproj]
/home/runner/work/markdown-journal-cli/markdown-journal-cli/markdown-journal-cli.Tests/Services/TableOfContents/TableOfContentsServiceTests.cs(53,17): error CS0117: 'TableOfContents' does not contain a definition for 'Structure' [/home/runner/work/markdown-journal-cli/markdown-journal-cli/markdown-journal-cli.Tests/markdown-journal-cli.Tests.csproj]
/home/runner/work/markdown-journal-cli/markdown-journal-cli/markdown-journal-cli.Tests/Services/TableOfContents/TableOfContentsServiceTests.cs(54,17): error CS0117: 'TableOfContents' does not contain a definition for 'RootEntries' [/home/runner/work/markdown-journal-cli/markdown-journal-cli/markdown-journal-cli.Tests/markdown-journal-cli.Tests.csproj]
/home/runner/work/markdown-journal-cli/markdown-journal-cli/markdown-journal-cli.Tests/Infrastructure/JournalTemplates/TableOfContentsGeneratorTests.cs(30,26): error CS7036: There is no argument given that corresponds to the required parameter 'tocStructureRepository' of 'TableOfContentsService.TableOfContentsService(IFileSystem, IJournalConfiguration, IOptions<JournalSettings>, ILogger<TableOfContentsService>, IJournalTocStructureRepository)' [/home/runner/work/markdown-journal-cli/markdown-journal-cli/markdown-journal-cli.Tests/markdown-journal-cli.Tests.csproj]
/home/runner/work/markdown-journal-cli/markdown-journal-cli/markdown-journal-cli.Tests/Services/NewJournal/NewJournalServiceTests.cs(117,17): error CS7036: There is no argument given that corresponds to the required parameter 'tocStructureRepository' of 'NewJournalService.NewJournalService(IFileSystem, ITemplateManager, IJournalConfiguration, IFileTracking, IOptions<JournalSettings>, IFileTransactionCoordinator, IRollbackReporter, ILogger<NewJournalService>, IJournalTocStructureRepository)' [/home/runner/work/markdown-journal-cli/markdown-journal-cli/markdown-journal-cli.Tests/markdown-journal-cli.Tests.csproj]
/home/runner/work/markdown-journal-cli/markdown-journal-cli/markdown-journal-cli.Tests/Services/JournalUpdate/JournalUpdateServiceTests.cs(111,17): error CS7036: There is no argument given that corresponds to the required parameter 'tocStructureRepository' of 'JournalUpdateService.JournalUpdateService(IAnsiConsole, IFileSystem, IJournalConfiguration, IFileTracking, ITableOfContentsService, IOptions<JournalSettings>, IMarkdownLinkRewriter, IFileTransactionCoordinator, IRollbackReporter, ILogger<JournalUpdateService>, IJournalTocStructureRepository)' [/home/runner/work/markdown-journal-cli/markdown-journal-cli/markdown-journal-cli.Tests/markdown-journal-cli.Tests.csproj]
/home/runner/work/markdown-journal-cli/markdown-journal-cli/markdown-journal-cli.Tests/Services/TableOfContents/TableOfContentsServiceTests.cs(65,17): error CS7036: There is no argument given that corresponds to the required parameter 'tocStructureRepository' of 'TableOfContentsService.TableOfContentsService(IFileSystem, IJournalConfiguration, IOptions<JournalSettings>, ILogger<TableOfContentsService>, IJournalTocStructureRepository)' [/home/runner/work/markdown-journal-cli/markdown-journal-cli/markdown-journal-cli.Tests/markdown-journal-cli.Tests.csproj]
/home/runner/work/markdown-journal-cli/markdown-journal-cli/markdown-journal-cli.Tests/Services/TableOfContents/TableOfContentsServiceTests.cs(78,17): error CS7036: There is no argument given that corresponds to the required parameter 'tocStructureRepository' of 'TableOfContentsService.TableOfContentsService(IFileSystem, IJournalConfiguration, IOptions<JournalSettings>, ILogger<TableOfContentsService>, IJournalTocStructureRepository)' [/home/runner/work/markdown-journal-cli/markdown-journal-cli/markdown-journal-cli.Tests/markdown-journal-cli.Tests.csproj]
/home/runner/work/markdown-journal-cli/markdown-journal-cli/markdown-journal-cli.Tests/Services/NewJournal/NewJournalServiceTests.cs(134,17): error CS7036: There is no argument given that corresponds to the required parameter 'tocStructureRepository' of 'NewJournalService.NewJournalService(IFileSystem, ITemplateManager, IJournalConfiguration, IFileTracking, IOptions<JournalSettings>, IFileTransactionCoordinator, IRollbackReporter, ILogger<NewJournalService>, IJournalTocStructureRepository)' [/home/runner/work/markdown-journal-cli/markdown-journal-cli/markdown-journal-cli.Tests/markdown-journal-cli.Tests.csproj]
/home/runner/work/markdown-journal-cli/markdown-journal-cli/markdown-journal-cli.Tests/Services/JournalUpdate/JournalUpdateServiceTests.cs(130,17): error CS7036: There is no argument given that corresponds to the required parameter 'tocStructureRepository' of 'JournalUpdateService.JournalUpdateService(IAnsiConsole, IFileSystem, IJournalConfiguration, IFileTracking, ITableOfContentsService, IOptions<JournalSettings>, IMarkdownLinkRewriter, IFileTransactionCoordinator, IRollbackReporter, ILogger<JournalUpdateService>, IJournalTocStructureRepository)' [/home/runner/work/markdown-journal-cli/markdown-journal-cli/markdown-journal-cli.Tests/markdown-journal-cli.Tests.csproj]
/home/runner/work/markdown-journal-cli/markdown-journal-cli/markdown-journal-cli.Tests/Services/TableOfContents/TableOfContentsServiceTests.cs(91,17): error CS7036: There is no argument given that corresponds to the required parameter 'tocStructureRepository' of 'TableOfContentsService.TableOfContentsService(IFileSystem, IJournalConfiguration, IOptions<JournalSettings>, ILogger<TableOfContentsService>, IJournalTocStructureRepository)' [/home/runner/work/markdown-journal-cli/markdown-journal-cli/markdown-journal-cli.Tests/markdown-journal-cli.Tests.csproj]
/home/runner/work/markdown-journal-cli/markdown-journal-cli/markdown-journal-cli.Tests/Services/NewJournal/NewJournalServiceTests.cs(151,17): error CS7036: There is no argument given that corresponds to the required parameter 'tocStructureRepository' of 'NewJournalService.NewJournalService(IFileSystem, ITemplateManager, IJournalConfiguration, IFileTracking, IOptions<JournalSettings>, IFileTransactionCoordinator, IRollbackReporter, ILogger<NewJournalService>, IJournalTocStructureRepository)' [/home/runner/work/markdown-journal-cli/markdown-journal-cli/markdown-journal-cli.Tests/markdown-journal-cli.Tests.csproj]
/home/runner/work/markdown-journal-cli/markdown-journal-cli/markdown-journal-cli.Tests/Services/NewJournal/NewJournalServiceTests.cs(168,17): error CS7036: There is no argument given that corresponds to the required parameter 'tocStructureRepository' of 'NewJournalService.NewJournalService(IFileSystem, ITemplateManager, IJournalConfiguration, IFileTracking, IOptions<JournalSettings>, IFileTransactionCoordinator, IRollbackReporter, ILogger<NewJournalService>, IJournalTocStructureRepository)' [/home/runner/work/markdown-journal-cli/markdown-journal-cli/markdown-journal-cli.Tests/markdown-journal-cli.Tests.csproj]
/home/runner/work/markdown-journal-cli/markdown-journal-cli/markdown-journal-cli.Tests/Services/JournalUpdate/JournalUpdateServiceTests.cs(149,17): error CS7036: There is no argument given that corresponds to the required parameter 'tocStructureRepository' of 'JournalUpdateService.JournalUpdateService(IAnsiConsole, IFileSystem, IJournalConfiguration, IFileTracking, ITableOfContentsService, IOptions<JournalSettings>, IMarkdownLinkRewriter, IFileTransactionCoordinator, IRollbackReporter, ILogger<JournalUpdateService>, IJournalTocStructureRepository)' [/home/runner/work/markdown-journal-cli/markdown-journal-cli/markdown-journal-cli.Tests/markdown-journal-cli.Tests.csproj]
/home/runner/work/markdown-journal-cli/markdown-journal-cli/markdown-journal-cli.Tests/Infrastructure/JournalTemplates/TableOfContentsGeneratorTests.cs(50,17): error CS0117: 'TableOfContents' does not contain a definition for 'RootEntries' [/home/runner/work/markdown-journal-cli/markdown-journal-cli/markdown-journal-cli.Tests/markdown-journal-cli.Tests.csproj]
/home/runner/work/markdown-journal-cli/markdown-journal-cli/markdown-journal-cli.Tests/Infrastructure/JournalTemplates/TableOfContentsGeneratorTests.cs(55,17): error CS0117: 'TableOfContents' does not contain a definition for 'Structure' [/home/runner/work/markdown-journal-cli/markdown-journal-cli/markdown-journal-cli.Tests/markdown-journal-cli.Tests.csproj]
/home/runner/work/markdown-journal-cli/markdown-journal-cli/markdown-journal-cli.Tests/Services/JournalUpdate/JournalUpdateServiceTests.cs(168,17): error CS7036: There is no argument given that corresponds to the required parameter 'tocStructureRepository' of 'JournalUpdateService.JournalUpdateService(IAnsiConsole, IFileSystem, IJournalConfiguration, IFileTracking, ITableOfContentsService, IOptions<JournalSettings>, IMarkdownLinkRewriter, IFileTransactionCoordinator, IRollbackReporter, ILogger<JournalUpdateService>, IJournalTocStructureRepository)' [/home/runner/work/markdown-journal-cli/markdown-journal-cli/markdown-journal-cli.Tests/markdown-journal-cli.Tests.csproj]
/home/runner/work/markdown-journal-cli/markdown-journal-cli/markdown-journal-cli.Tests/Infrastructure/JournalTemplates/TableOfContentsGeneratorTests.cs(84,17): error CS0117: 'TableOfContents' does not contain a definition for 'RootEntries' [/home/runner/work/markdown-journal-cli/markdown-journal-cli/markdown-journal-cli.Tests/markdown-journal-cli.Tests.csproj]
/home/runner/work/markdown-journal-cli/markdown-journal-cli/markdown-journal-cli.Tests/Infrastructure/JournalTemplates/TableOfContentsGeneratorTests.cs(85,17): error CS0117: 'TableOfContents' does not contain a definition for 'Structure' [/home/runner/work/markdown-journal-cli/markdown-journal-cli/markdown-journal-cli.Tests/markdown-journal-cli.Tests.csproj]
/home/runner/work/markdown-journal-cli/markdown-journal-cli/markdown-journal-cli.Tests/Services/JournalUpdate/JournalUpdateServiceTests.cs(187,17): error CS7036: There is no argument given that corresponds to the required parameter 'tocStructureRepository' of 'JournalUpdateService.JournalUpdateService(IAnsiConsole, IFileSystem, IJournalConfiguration, IFileTracking, ITableOfContentsService, IOptions<JournalSettings>, IMarkdownLinkRewriter, IFileTransactionCoordinator, IRollbackReporter, ILogger<JournalUpdateService>, IJournalTocStructureRepository)' [/home/runner/work/markdown-journal-cli/markdown-journal-cli/markdown-journal-cli.Tests/markdown-journal-cli.Tests.csproj]
/home/runner/work/markdown-journal-cli/markdown-journal-cli/markdown-journal-cli.Tests/Services/RemoveEntry/RemoveEntryServiceTests.cs(70,25): error CS0117: 'TableOfContents' does not contain a definition for 'Structure' [/home/runner/work/markdown-journal-cli/markdown-journal-cli/markdown-journal-cli.Tests/markdown-journal-cli.Tests.csproj]
/home/runner/work/markdown-journal-cli/markdown-journal-cli/markdown-journal-cli.Tests/Services/RemoveEntry/RemoveEntryServiceTests.cs(71,25): error CS0117: 'TableOfContents' does not contain a definition for 'RootEntries' [/home/runner/work/markdown-journal-cli/markdown-journal-cli/markdown-journal-cli.Tests/markdown-journal-cli.Tests.csproj]
/home/runner/work/markdown-journal-cli/markdown-journal-cli/markdown-journal-cli.Tests/Infrastructure/Configuration/JournalConfigurationTests.cs(222,39): error CS1061: 'TableOfContents' does not contain a definition for 'Structure' and no accessible extension method 'Structure' accepting a first argument of type 'TableOfContents' could be found (are you missing a using directive or an assembly reference?) [/home/runner/work/markdown-journal-cli/markdown-journal-cli/markdown-journal-cli.Tests/markdown-journal-cli.Tests.csproj]
/home/runner/work/markdown-journal-cli/markdown-journal-cli/markdown-journal-cli.Tests/Infrastructure/Configuration/JournalConfigurationTests.cs(223,44): error CS1061: 'TableOfContents' does not contain a definition for 'Structure' and no accessible extension method 'Structure' accepting a first argument of type 'TableOfContents' could be found (are you missing a using directive or an assembly reference?) [/home/runner/work/markdown-journal-cli/markdown-journal-cli/markdown-journal-cli.Tests/markdown-journal-cli.Tests.csproj]
/home/runner/work/markdown-journal-cli/markdown-journal-cli/markdown-journal-cli.Tests/Infrastructure/JournalTemplates/JournalInitializerTests.cs(106,48): error CS1061: 'TableOfContents' does not contain a definition for 'RootEntries' and no accessible extension method 'RootEntries' accepting a first argument of type 'TableOfContents' could be found (are you missing a using directive or an assembly reference?) [/home/runner/work/markdown-journal-cli/markdown-journal-cli/markdown-journal-cli.Tests/markdown-journal-cli.Tests.csproj]
/home/runner/work/markdown-journal-cli/markdown-journal-cli/markdown-journal-cli.Tests/Infrastructure/JournalTemplates/JournalInitializerTests.cs(108,36): error CS1061: 'TableOfContents' does not contain a definition for 'RootEntries' and no accessible extension method 'RootEntries' accepting a first argument of type 'TableOfContents' could be found (are you missing a using directive or an assembly reference?) [/home/runner/work/markdown-journal-cli/markdown-journal-cli/markdown-journal-cli.Tests/markdown-journal-cli.Tests.csproj]
/home/runner/work/markdown-journal-cli/markdown-journal-cli/markdown-journal-cli.Tests/Infrastructure/JournalTemplates/JournalInitializerTests.cs(112,36): error CS1061: 'TableOfContents' does not contain a definition for 'RootEntries' and no accessible extension method 'RootEntries' accepting a first argument of type 'TableOfContents' could be found (are you missing a using directive or an assembly reference?) [/home/runner/work/markdown-journal-cli/markdown-journal-cli/markdown-journal-cli.Tests/markdown-journal-cli.Tests.csproj]
/home/runner/work/markdown-journal-cli/markdown-journal-cli/markdown-journal-cli.Tests/Infrastructure/JournalTemplates/JournalInitializerTests.cs(116,36): error CS1061: 'TableOfContents' does not contain a definition for 'RootEntries' and no accessible extension method 'RootEntries' accepting a first argument of type 'TableOfContents' could be found (are you missing a using directive or an assembly reference?) [/home/runner/work/markdown-journal-cli/markdown-journal-cli/markdown-journal-cli.Tests/markdown-journal-cli.Tests.csproj]
/home/runner/work/markdown-journal-cli/markdown-journal-cli/markdown-journal-cli.Tests/Infrastructure/JournalTemplates/TableOfContentsGeneratorTests.cs(115,17): error CS0117: 'TableOfContents' does not contain a definition for 'RootEntries' [/home/runner/work/markdown-journal-cli/markdown-journal-cli/markdown-journal-cli.Tests/markdown-journal-cli.Tests.csproj]
/home/runner/work/markdown-journal-cli/markdown-journal-cli/markdown-journal-cli.Tests/Infrastructure/JournalTemplates/TableOfContentsGeneratorTests.cs(116,17): error CS0117: 'TableOfContents' does not contain a definition for 'Structure' [/home/runner/work/markdown-journal-cli/markdown-journal-cli/markdown-journal-cli.Tests/markdown-journal-cli.Tests.csproj]
/home/runner/work/markdown-journal-cli/markdown-journal-cli/markdown-journal-cli.Tests/Infrastructure/JournalTemplates/TableOfContentsGeneratorTests.cs(159,17): error CS0117: 'TableOfContents' does not contain a definition for 'RootEntries' [/home/runner/work/markdown-journal-cli/markdown-journal-cli/markdown-journal-cli.Tests/markdown-journal-cli.Tests.csproj]
/home/runner/work/markdown-journal-cli/markdown-journal-cli/markdown-journal-cli.Tests/Infrastructure/JournalTemplates/TableOfContentsGeneratorTests.cs(160,17): error CS0117: 'TableOfContents' does not contain a definition for 'Structure' [/home/runner/work/markdown-journal-cli/markdown-journal-cli/markdown-journal-cli.Tests/markdown-journal-cli.Tests.csproj]
/home/runner/work/markdown-journal-cli/markdown-journal-cli/markdown-journal-cli.Tests/Infrastructure/Configuration/JournalConfigurationTests.cs(317,39): error CS1061: 'TableOfContents' does not contain a definition for 'RootEntries' and no accessible extension method 'RootEntries' accepting a first argument of type 'TableOfContents' could be found (are you missing a using directive or an assembly reference?) [/home/runner/work/markdown-journal-cli/markdown-journal-cli/markdown-journal-cli.Tests/markdown-journal-cli.Tests.csproj]
/home/runner/work/markdown-journal-cli/markdown-journal-cli/markdown-journal-cli.Tests/Infrastructure/Configuration/JournalConfigurationTests.cs(318,39): error CS1061: 'TableOfContents' does not contain a definition for 'RootEntries' and no accessible extension method 'RootEntries' accepting a first argument of type 'TableOfContents' could be found (are you missing a using directive or an assembly reference?) [/home/runner/work/markdown-journal-cli/markdown-journal-cli/markdown-journal-cli.Tests/markdown-journal-cli.Tests.csproj]
/home/runner/work/markdown-journal-cli/markdown-journal-cli/markdown-journal-cli.Tests/Infrastructure/Configuration/JournalConfigurationTests.cs(319,39): error CS1061: 'TableOfContents' does not contain a definition for 'RootEntries' and no accessible extension method 'RootEntries' accepting a first argument of type 'TableOfContents' could be found (are you missing a using directive or an assembly reference?) [/home/runner/work/markdown-journal-cli/markdown-journal-cli/markdown-journal-cli.Tests/markdown-journal-cli.Tests.csproj]
/home/runner/work/markdown-journal-cli/markdown-journal-cli/markdown-journal-cli.Tests/Infrastructure/Configuration/JournalConfigurationTests.cs(320,39): error CS1061: 'TableOfContents' does not contain a definition for 'RootEntries' and no accessible extension method 'RootEntries' accepting a first argument of type 'TableOfContents' could be found (are you missing a using directive or an assembly reference?) [/home/runner/work/markdown-journal-cli/markdown-journal-cli/markdown-journal-cli.Tests/markdown-journal-cli.Tests.csproj]
/home/runner/work/markdown-journal-cli/markdown-journal-cli/markdown-journal-cli.Tests/Infrastructure/Configuration/JournalConfigurationTests.cs(343,39): error CS1061: 'TableOfContents' does not contain a definition for 'RootEntries' and no accessible extension method 'RootEntries' accepting a first argument of type 'TableOfContents' could be found (are you missing a using directive or an assembly reference?) [/home/runner/work/markdown-journal-cli/markdown-journal-cli/markdown-journal-cli.Tests/markdown-journal-cli.Tests.csproj]
/home/runner/work/markdown-journal-cli/markdown-journal-cli/markdown-journal-cli.Tests/Infrastructure/Configuration/JournalConfigurationTests.cs(344,39): error CS1061: 'TableOfContents' does not contain a definition for 'RootEntries' and no accessible extension method 'RootEntries' accepting a first argument of type 'TableOfContents' could be found (are you missing a using directive or an assembly reference?) [/home/runner/work/markdown-journal-cli/markdown-journal-cli/markdown-journal-cli.Tests/markdown-journal-cli.Tests.csproj]
/home/runner/work/markdown-journal-cli/markdown-journal-cli/markdown-journal-cli.Tests/Infrastructure/JournalTemplates/TableOfContentsGeneratorTests.cs(220,17): error CS0117: 'TableOfContents' does not contain a definition for 'RootEntries' [/home/runner/work/markdown-journal-cli/markdown-journal-cli/markdown-journal-cli.Tests/markdown-journal-cli.Tests.csproj]
/home/runner/work/markdown-journal-cli/markdown-journal-cli/markdown-journal-cli.Tests/Infrastructure/JournalTemplates/TableOfContentsGeneratorTests.cs(221,17): error CS0117: 'TableOfContents' does not contain a definition for 'Structure' [/home/runner/work/markdown-journal-cli/markdown-journal-cli/markdown-journal-cli.Tests/markdown-journal-cli.Tests.csproj]
/home/runner/work/markdown-journal-cli/markdown-journal-cli/markdown-journal-cli.Tests/Infrastructure/Configuration/JournalConfigurationTests.cs(367,39): error CS1061: 'TableOfContents' does not contain a definition for 'RootEntries' and no accessible extension method 'RootEntries' accepting a first argument of type 'TableOfContents' could be found (are you missing a using directive or an assembly reference?) [/home/runner/work/markdown-journal-cli/markdown-journal-cli/markdown-journal-cli.Tests/markdown-journal-cli.Tests.csproj]
/home/runner/work/markdown-journal-cli/markdown-journal-cli/markdown-journal-cli.Tests/Infrastructure/JournalTemplates/TableOfContentsGeneratorTests.cs(300,17): error CS0117: 'TableOfContents' does not contain a definition for 'RootEntries' [/home/runner/work/markdown-journal-cli/markdown-journal-cli/markdown-journal-cli.Tests/markdown-journal-cli.Tests.csproj]
/home/runner/work/markdown-journal-cli/markdown-journal-cli/markdown-journal-cli.Tests/Infrastructure/JournalTemplates/TableOfContentsGeneratorTests.cs(301,17): error CS0117: 'TableOfContents' does not contain a definition for 'Structure' [/home/runner/work/markdown-journal-cli/markdown-journal-cli/markdown-journal-cli.Tests/markdown-journal-cli.Tests.csproj]
/home/runner/work/markdown-journal-cli/markdown-journal-cli/markdown-journal-cli.Tests/Infrastructure/JournalTemplates/JournalInitializerTests.cs(214,17): error CS7036: There is no argument given that corresponds to the required parameter 'tocStructureRepository' of 'NewJournalService.NewJournalService(IFileSystem, ITemplateManager, IJournalConfiguration, IFileTracking, IOptions<JournalSettings>, IFileTransactionCoordinator, IRollbackReporter, ILogger<NewJournalService>, IJournalTocStructureRepository)' [/home/runner/work/markdown-journal-cli/markdown-journal-cli/markdown-journal-cli.Tests/markdown-journal-cli.Tests.csproj]
/home/runner/work/markdown-journal-cli/markdown-journal-cli/markdown-journal-cli.Tests/Infrastructure/Configuration/JournalConfigurationTests.cs(399,39): error CS1061: 'TableOfContents' does not contain a definition for 'Structure' and no accessible extension method 'Structure' accepting a first argument of type 'TableOfContents' could be found (are you missing a using directive or an assembly reference?) [/home/runner/work/markdown-journal-cli/markdown-journal-cli/markdown-journal-cli.Tests/markdown-journal-cli.Tests.csproj]
/home/runner/work/markdown-journal-cli/markdown-journal-cli/markdown-journal-cli.Tests/Infrastructure/Configuration/JournalConfigurationTests.cs(401,59): error CS1061: 'TableOfContents' does not contain a definition for 'Structure' and no accessible extension method 'Structure' accepting a first argument of type 'TableOfContents' could be found (are you missing a using directive or an assembly reference?) [/home/runner/work/markdown-journal-cli/markdown-journal-cli/markdown-journal-cli.Tests/markdown-journal-cli.Tests.csproj]
/home/runner/work/markdown-journal-cli/markdown-journal-cli/markdown-journal-cli.Tests/Infrastructure/JournalTemplates/JournalInitializerTests.cs(233,17): error CS7036: There is no argument given that corresponds to the required parameter 'tocStructureRepository' of 'NewJournalService.NewJournalService(IFileSystem, ITemplateManager, IJournalConfiguration, IFileTracking, IOptions<JournalSettings>, IFileTransactionCoordinator, IRollbackReporter, ILogger<NewJournalService>, IJournalTocStructureRepository)' [/home/runner/work/markdown-journal-cli/markdown-journal-cli/markdown-journal-cli.Tests/markdown-journal-cli.Tests.csproj]
/home/runner/work/markdown-journal-cli/markdown-journal-cli/markdown-journal-cli.Tests/Infrastructure/JournalTemplates/JournalInitializerTests.cs(252,17): error CS7036: There is no argument given that corresponds to the required parameter 'tocStructureRepository' of 'NewJournalService.NewJournalService(IFileSystem, ITemplateManager, IJournalConfiguration, IFileTracking, IOptions<JournalSettings>, IFileTransactionCoordinator, IRollbackReporter, ILogger<NewJournalService>, IJournalTocStructureRepository)' [/home/runner/work/markdown-journal-cli/markdown-journal-cli/markdown-journal-cli.Tests/markdown-journal-cli.Tests.csproj]
/home/runner/work/markdown-journal-cli/markdown-journal-cli/markdown-journal-cli.Tests/Infrastructure/JournalTemplates/TableOfContentsGeneratorTests.cs(341,17): error CS0117: 'TableOfContents' does not contain a definition for 'RootEntries' [/home/runner/work/markdown-journal-cli/markdown-journal-cli/markdown-journal-cli.Tests/markdown-journal-cli.Tests.csproj]
/home/runner/work/markdown-journal-cli/markdown-journal-cli/markdown-journal-cli.Tests/Infrastructure/JournalTemplates/TableOfContentsGeneratorTests.cs(346,17): error CS0117: 'TableOfContents' does not contain a definition for 'Structure' [/home/runner/work/markdown-journal-cli/markdown-journal-cli/markdown-journal-cli.Tests/markdown-journal-cli.Tests.csproj]
/home/runner/work/markdown-journal-cli/markdown-journal-cli/markdown-journal-cli.Tests/Infrastructure/Configuration/JournalConfigurationTests.cs(435,39): error CS1061: 'TableOfContents' does not contain a definition for 'Structure' and no accessible extension method 'Structure' accepting a first argument of type 'TableOfContents' could be found (are you missing a using directive or an assembly reference?) [/home/runner/work/markdown-journal-cli/markdown-journal-cli/markdown-journal-cli.Tests/markdown-journal-cli.Tests.csproj]
/home/runner/work/markdown-journal-cli/markdown-journal-cli/markdown-journal-cli.Tests/Infrastructure/Configuration/JournalConfigurationTests.cs(437,58): error CS1061: 'TableOfContents' does not contain a definition for 'Structure' and no accessible extension method 'Structure' accepting a first argument of type 'TableOfContents' could be found (are you missing a using directive or an assembly reference?) [/home/runner/work/markdown-journal-cli/markdown-journal-cli/markdown-journal-cli.Tests/markdown-journal-cli.Tests.csproj]
/home/runner/work/markdown-journal-cli/markdown-journal-cli/markdown-journal-cli.Tests/Services/JournalFileUpdate/JournalFileUpdateServiceTests.cs(237,29): error CS0117: 'TableOfContents' does not contain a definition for 'RootEntries' [/home/runner/work/markdown-journal-cli/markdown-journal-cli/markdown-journal-cli.Tests/markdown-journal-cli.Tests.csproj]
/home/runner/work/markdown-journal-cli/markdown-journal-cli/markdown-journal-cli.Tests/Services/JournalFileUpdate/JournalFileUpdateServiceTests.cs(238,29): error CS0117: 'TableOfContents' does not contain a definition for 'Structure' [/home/runner/work/markdown-journal-cli/markdown-journal-cli/markdown-journal-cli.Tests/markdown-journal-cli.Tests.csproj]
/home/runner/work/markdown-journal-cli/markdown-journal-cli/markdown-journal-cli.Tests/Services/JournalFileUpdate/JournalFileUpdateServiceTests.cs(283,29): error CS0117: 'TableOfContents' does not contain a definition for 'RootEntries' [/home/runner/work/markdown-journal-cli/markdown-journal-cli/markdown-journal-cli.Tests/markdown-journal-cli.Tests.csproj]
/home/runner/work/markdown-journal-cli/markdown-journal-cli/markdown-journal-cli.Tests/Services/JournalFileUpdate/JournalFileUpdateServiceTests.cs(284,29): error CS0117: 'TableOfContents' does not contain a definition for 'Structure' [/home/runner/work/markdown-journal-cli/markdown-journal-cli/markdown-journal-cli.Tests/markdown-journal-cli.Tests.csproj]
/home/runner/work/markdown-journal-cli/markdown-journal-cli/markdown-journal-cli.Tests/Infrastructure/JournalTemplates/TableOfContentsGeneratorTests.cs(448,17): error CS0117: 'TableOfContents' does not contain a definition for 'RootEntries' [/home/runner/work/markdown-journal-cli/markdown-journal-cli/markdown-journal-cli.Tests/markdown-journal-cli.Tests.csproj]
/home/runner/work/markdown-journal-cli/markdown-journal-cli/markdown-journal-cli.Tests/Infrastructure/JournalTemplates/TableOfContentsGeneratorTests.cs(449,17): error CS0117: 'TableOfContents' does not contain a definition for 'Structure' [/home/runner/work/markdown-journal-cli/markdown-journal-cli/markdown-journal-cli.Tests/markdown-journal-cli.Tests.csproj]
/home/runner/work/markdown-journal-cli/markdown-journal-cli/markdown-journal-cli.Tests/Infrastructure/JournalTemplates/TableOfContentsGeneratorTests.cs(487,17): error CS0117: 'TableOfContents' does not contain a definition for 'RootEntries' [/home/runner/work/markdown-journal-cli/markdown-journal-cli/markdown-journal-cli.Tests/markdown-journal-cli.Tests.csproj]
/home/runner/work/markdown-journal-cli/markdown-journal-cli/markdown-journal-cli.Tests/Infrastructure/JournalTemplates/TableOfContentsGeneratorTests.cs(488,17): error CS0117: 'TableOfContents' does not contain a definition for 'Structure' [/home/runner/work/markdown-journal-cli/markdown-journal-cli/markdown-journal-cli.Tests/markdown-journal-cli.Tests.csproj]
/home/runner/work/markdown-journal-cli/markdown-journal-cli/markdown-journal-cli.Tests/Services/RemoveEntry/RemoveEntryServiceTests.cs(264,25): error CS0117: 'TableOfContents' does not contain a definition for 'Structure' [/home/runner/work/markdown-journal-cli/markdown-journal-cli/markdown-journal-cli.Tests/markdown-journal-cli.Tests.csproj]
/home/runner/work/markdown-journal-cli/markdown-journal-cli/markdown-journal-cli.Tests/Services/RemoveEntry/RemoveEntryServiceTests.cs(265,25): error CS0117: 'TableOfContents' does not contain a definition for 'RootEntries' [/home/runner/work/markdown-journal-cli/markdown-journal-cli/markdown-journal-cli.Tests/markdown-journal-cli.Tests.csproj]
/home/runner/work/markdown-journal-cli/markdown-journal-cli/markdown-journal-cli.Tests/Infrastructure/JournalTemplates/TableOfContentsGeneratorTests.cs(526,17): error CS0117: 'TableOfContents' does not contain a definition for 'RootEntries' [/home/runner/work/markdown-journal-cli/markdown-journal-cli/markdown-journal-cli.Tests/markdown-journal-cli.Tests.csproj]
/home/runner/work/markdown-journal-cli/markdown-journal-cli/markdown-journal-cli.Tests/Infrastructure/JournalTemplates/TableOfContentsGeneratorTests.cs(527,17): error CS0117: 'TableOfContents' does not contain a definition for 'Structure' [/home/runner/work/markdown-journal-cli/markdown-journal-cli/markdown-journal-cli.Tests/markdown-journal-cli.Tests.csproj]
/home/runner/work/markdown-journal-cli/markdown-journal-cli/markdown-journal-cli.Tests/Services/NewJournal/NewJournalServiceTests.cs(426,40): error CS1061: 'TableOfContents' does not contain a definition for 'RootEntries' and no accessible extension method 'RootEntries' accepting a first argument of type 'TableOfContents' could be found (are you missing a using directive or an assembly reference?) [/home/runner/work/markdown-journal-cli/markdown-journal-cli/markdown-journal-cli.Tests/markdown-journal-cli.Tests.csproj]
/home/runner/work/markdown-journal-cli/markdown-journal-cli/markdown-journal-cli.Tests/Infrastructure/Configuration/JournalConfigurationTests.cs(470,58): error CS1061: 'TableOfContents' does not contain a definition for 'Structure' and no accessible extension method 'Structure' accepting a first argument of type 'TableOfContents' could be found (are you missing a using directive or an assembly reference?) [/home/runner/work/markdown-journal-cli/markdown-journal-cli/markdown-journal-cli.Tests/markdown-journal-cli.Tests.csproj]
/home/runner/work/markdown-journal-cli/markdown-journal-cli/markdown-journal-cli.Tests/Services/NewJournal/NewJournalServiceTests.cs(440,62): error CS1061: 'TableOfContents' does not contain a definition for 'RootEntries' and no accessible extension method 'RootEntries' accepting a first argument of type 'TableOfContents' could be found (are you missing a using directive or an assembly reference?) [/home/runner/work/markdown-journal-cli/markdown-journal-cli/markdown-journal-cli.Tests/markdown-journal-cli.Tests.csproj]
/home/runner/work/markdown-journal-cli/markdown-journal-cli/markdown-journal-cli.Tests/Infrastructure/JournalTemplates/TableOfContentsGeneratorTests.cs(566,17): error CS0117: 'TableOfContents' does not contain a definition for 'RootEntries' [/home/runner/work/markdown-journal-cli/markdown-journal-cli/markdown-journal-cli.Tests/markdown-journal-cli.Tests.csproj]
/home/runner/work/markdown-journal-cli/markdown-journal-cli/markdown-journal-cli.Tests/Infrastructure/JournalTemplates/TableOfContentsGeneratorTests.cs(567,17): error CS0117: 'TableOfContents' does not contain a definition for 'Structure' [/home/runner/work/markdown-journal-cli/markdown-journal-cli/markdown-journal-cli.Tests/markdown-journal-cli.Tests.csproj]
/home/runner/work/markdown-journal-cli/markdown-journal-cli/markdown-journal-cli.Tests/Infrastructure/JournalTemplates/TableOfContentsGeneratorTests.cs(605,17): error CS0117: 'TableOfContents' does not contain a definition for 'RootEntries' [/home/runner/work/markdown-journal-cli/markdown-journal-cli/markdown-journal-cli.Tests/markdown-journal-cli.Tests.csproj]
/home/runner/work/markdown-journal-cli/markdown-journal-cli/markdown-journal-cli.Tests/Infrastructure/JournalTemplates/TableOfContentsGeneratorTests.cs(606,17): error CS0117: 'TableOfContents' does not contain a definition for 'Structure' [/home/runner/work/markdown-journal-cli/markdown-journal-cli/markdown-journal-cli.Tests/markdown-journal-cli.Tests.csproj]
/home/runner/work/markdown-journal-cli/markdown-journal-cli/markdown-journal-cli.Tests/Infrastructure/Configuration/JournalConfigurationTests.cs(535,52): error CS1061: 'TableOfContents' does not contain a definition for 'Structure' and no accessible extension method 'Structure' accepting a first argument of type 'TableOfContents' could be found (are you missing a using directive or an assembly reference?) [/home/runner/work/markdown-journal-cli/markdown-journal-cli/markdown-journal-cli.Tests/markdown-journal-cli.Tests.csproj]
/home/runner/work/markdown-journal-cli/markdown-journal-cli/markdown-journal-cli.Tests/Infrastructure/JournalTemplates/TableOfContentsGeneratorTests.cs(661,40): error CS7036: There is no argument given that corresponds to the required parameter 'tocStructureRepository' of 'TableOfContentsService.TableOfContentsService(IFileSystem, IJournalConfiguration, IOptions<JournalSettings>, ILogger<TableOfContentsService>, IJournalTocStructureRepository)' [/home/runner/work/markdown-journal-cli/markdown-journal-cli/markdown-journal-cli.Tests/markdown-journal-cli.Tests.csproj]
/home/runner/work/markdown-journal-cli/markdown-journal-cli/markdown-journal-cli.Tests/Infrastructure/JournalTemplates/TableOfContentsGeneratorTests.cs(673,17): error CS0117: 'TableOfContents' does not contain a definition for 'RootEntries' [/home/runner/work/markdown-journal-cli/markdown-journal-cli/markdown-journal-cli.Tests/markdown-journal-cli.Tests.csproj]
/home/runner/work/markdown-journal-cli/markdown-journal-cli/markdown-journal-cli.Tests/Infrastructure/JournalTemplates/TableOfContentsGeneratorTests.cs(674,17): error CS0117: 'TableOfContents' does not contain a definition for 'Structure' [/home/runner/work/markdown-journal-cli/markdown-journal-cli/markdown-journal-cli.Tests/markdown-journal-cli.Tests.csproj]
/home/runner/work/markdown-journal-cli/markdown-journal-cli/markdown-journal-cli.Tests/Services/TableOfContents/TableOfContentsServiceTests.cs(429,27): error CS7036: There is no argument given that corresponds to the required parameter 'tocStructureRepository' of 'TableOfContentsService.TableOfContentsService(IFileSystem, IJournalConfiguration, IOptions<JournalSettings>, ILogger<TableOfContentsService>, IJournalTocStructureRepository)' [/home/runner/work/markdown-journal-cli/markdown-journal-cli/markdown-journal-cli.Tests/markdown-journal-cli.Tests.csproj]
/home/runner/work/markdown-journal-cli/markdown-journal-cli/markdown-journal-cli.Tests/Infrastructure/Configuration/JournalConfigurationTests.cs(582,55): error CS1061: 'TableOfContents' does not contain a definition for 'Structure' and no accessible extension method 'Structure' accepting a first argument of type 'TableOfContents' could be found (are you missing a using directive or an assembly reference?) [/home/runner/work/markdown-journal-cli/markdown-journal-cli/markdown-journal-cli.Tests/markdown-journal-cli.Tests.csproj]
/home/runner/work/markdown-journal-cli/markdown-journal-cli/markdown-journal-cli.Tests/Infrastructure/JournalTemplates/TableOfContentsGeneratorTests.cs(732,37): error CS7036: There is no argument given that corresponds to the required parameter 'tocStructureRepository' of 'TableOfContentsService.TableOfContentsService(IFileSystem, IJournalConfiguration, IOptions<JournalSettings>, ILogger<TableOfContentsService>, IJournalTocStructureRepository)' [/home/runner/work/markdown-journal-cli/markdown-journal-cli/markdown-journal-cli.Tests/markdown-journal-cli.Tests.csproj]
/home/runner/work/markdown-journal-cli/markdown-journal-cli/markdown-journal-cli.Tests/Infrastructure/JournalTemplates/TableOfContentsGeneratorTests.cs(744,17): error CS0117: 'TableOfContents' does not contain a definition for 'RootEntries' [/home/runner/work/markdown-journal-cli/markdown-journal-cli/markdown-journal-cli.Tests/markdown-journal-cli.Tests.csproj]
/home/runner/work/markdown-journal-cli/markdown-journal-cli/markdown-journal-cli.Tests/Infrastructure/JournalTemplates/TableOfContentsGeneratorTests.cs(745,17): error CS0117: 'TableOfContents' does not contain a definition for 'Structure' [/home/runner/work/markdown-journal-cli/markdown-journal-cli/markdown-journal-cli.Tests/markdown-journal-cli.Tests.csproj]
/home/runner/work/markdown-journal-cli/markdown-journal-cli/markdown-journal-cli.Tests/Infrastructure/JournalTemplates/TableOfContentsGeneratorTests.cs(784,17): error CS0117: 'TableOfContents' does not contain a definition for 'RootEntries' [/home/runner/work/markdown-journal-cli/markdown-journal-cli/markdown-journal-cli.Tests/markdown-journal-cli.Tests.csproj]
/home/runner/work/markdown-journal-cli/markdown-journal-cli/markdown-journal-cli.Tests/Infrastructure/JournalTemplates/TableOfContentsGeneratorTests.cs(785,17): error CS0117: 'TableOfContents' does not contain a definition for 'Structure' [/home/runner/work/markdown-journal-cli/markdown-journal-cli/markdown-journal-cli.Tests/markdown-journal-cli.Tests.csproj]
/home/runner/work/markdown-journal-cli/markdown-journal-cli/markdown-journal-cli.Tests/Infrastructure/Configuration/JournalConfigurationTests.cs(637,52): error CS1061: 'TableOfContents' does not contain a definition for 'Structure' and no accessible extension method 'Structure' accepting a first argument of type 'TableOfContents' could be found (are you missing a using directive or an assembly reference?) [/home/runner/work/markdown-journal-cli/markdown-journal-cli/markdown-journal-cli.Tests/markdown-journal-cli.Tests.csproj]
/home/runner/work/markdown-journal-cli/markdown-journal-cli/markdown-journal-cli.Tests/Infrastructure/JournalTemplates/TableOfContentsGeneratorTests.cs(817,17): error CS0117: 'TableOfContents' does not contain a definition for 'RootEntries' [/home/runner/work/markdown-journal-cli/markdown-journal-cli/markdown-journal-cli.Tests/markdown-journal-cli.Tests.csproj]
/home/runner/work/markdown-journal-cli/markdown-journal-cli/markdown-journal-cli.Tests/Infrastructure/JournalTemplates/TableOfContentsGeneratorTests.cs(818,17): error CS0117: 'TableOfContents' does not contain a definition for 'Structure' [/home/runner/work/markdown-journal-cli/markdown-journal-cli/markdown-journal-cli.Tests/markdown-journal-cli.Tests.csproj]
/home/runner/work/markdown-journal-cli/markdown-journal-cli/markdown-journal-cli.Tests/Infrastructure/Configuration/JournalConfigurationTests.cs(678,55): error CS1061: 'TableOfContents' does not contain a definition for 'Structure' and no accessible extension method 'Structure' accepting a first argument of type 'TableOfContents' could be found (are you missing a using directive or an assembly reference?) [/home/runner/work/markdown-journal-cli/markdown-journal-cli/markdown-journal-cli.Tests/markdown-journal-cli.Tests.csproj]
/home/runner/work/markdown-journal-cli/markdown-journal-cli/markdown-journal-cli.Tests/Infrastructure/Configuration/JournalConfigurationTests.cs(707,55): error CS1061: 'TableOfContents' does not contain a definition for 'Structure' and no accessible extension method 'Structure' accepting a first argument of type 'TableOfContents' could be found (are you missing a using directive or an assembly reference?) [/home/runner/work/markdown-journal-cli/markdown-journal-cli/markdown-journal-cli.Tests/markdown-journal-cli.Tests.csproj]
/home/runner/work/markdown-journal-cli/markdown-journal-cli/markdown-journal-cli.Tests/Infrastructure/JournalTemplates/TableOfContentsGeneratorTests.cs(848,17): error CS0117: 'TableOfContents' does not contain a definition for 'RootEntries' [/home/runner/work/markdown-journal-cli/markdown-journal-cli/markdown-journal-cli.Tests/markdown-journal-cli.Tests.csproj]
/home/runner/work/markdown-journal-cli/markdown-journal-cli/markdown-journal-cli.Tests/Infrastructure/JournalTemplates/TableOfContentsGeneratorTests.cs(849,17): error CS0117: 'TableOfContents' does not contain a definition for 'Structure' [/home/runner/work/markdown-journal-cli/markdown-journal-cli/markdown-journal-cli.Tests/markdown-journal-cli.Tests.csproj]
/home/runner/work/markdown-journal-cli/markdown-journal-cli/markdown-journal-cli.Tests/Infrastructure/Configuration/JournalConfigurationTests.cs(741,39): error CS1061: 'TableOfContents' does not contain a definition for 'Structure' and no accessible extension method 'Structure' accepting a first argument of type 'TableOfContents' could be found (are you missing a using directive or an assembly reference?) [/home/runner/work/markdown-journal-cli/markdown-journal-cli/markdown-journal-cli.Tests/markdown-journal-cli.Tests.csproj]
/home/runner/work/markdown-journal-cli/markdown-journal-cli/markdown-journal-cli.Tests/Infrastructure/JournalTemplates/TableOfContentsGeneratorTests.cs(885,17): error CS0117: 'TableOfContents' does not contain a definition for 'RootEntries' [/home/runner/work/markdown-journal-cli/markdown-journal-cli/markdown-journal-cli.Tests/markdown-journal-cli.Tests.csproj]
/home/runner/work/markdown-journal-cli/markdown-journal-cli/markdown-journal-cli.Tests/Infrastructure/JournalTemplates/TableOfContentsGeneratorTests.cs(886,17): error CS0117: 'TableOfContents' does not contain a definition for 'Structure' [/home/runner/work/markdown-journal-cli/markdown-journal-cli/markdown-journal-cli.Tests/markdown-journal-cli.Tests.csproj]
/home/runner/work/markdown-journal-cli/markdown-journal-cli/markdown-journal-cli.Tests/Infrastructure/JournalTemplates/TableOfContentsGeneratorTests.cs(914,17): error CS0117: 'TableOfContents' does not contain a definition for 'RootEntries' [/home/runner/work/markdown-journal-cli/markdown-journal-cli/markdown-journal-cli.Tests/markdown-journal-cli.Tests.csproj]
/home/runner/work/markdown-journal-cli/markdown-journal-cli/markdown-journal-cli.Tests/Infrastructure/JournalTemplates/TableOfContentsGeneratorTests.cs(915,17): error CS0117: 'TableOfContents' does not contain a definition for 'Structure' [/home/runner/work/markdown-journal-cli/markdown-journal-cli/markdown-journal-cli.Tests/markdown-journal-cli.Tests.csproj]
/home/runner/work/markdown-journal-cli/markdown-journal-cli/markdown-journal-cli.Tests/Infrastructure/JournalTemplates/TableOfContentsGeneratorTests.cs(979,17): error CS0117: 'TableOfContents' does not contain a definition for 'RootEntries' [/home/runner/work/markdown-journal-cli/markdown-journal-cli/markdown-journal-cli.Tests/markdown-journal-cli.Tests.csproj]
/home/runner/work/markdown-journal-cli/markdown-journal-cli/markdown-journal-cli.Tests/Infrastructure/JournalTemplates/TableOfContentsGeneratorTests.cs(981,17): error CS0117: 'TableOfContents' does not contain a definition for 'Structure' [/home/runner/work/markdown-journal-cli/markdown-journal-cli/markdown-journal-cli.Tests/markdown-journal-cli.Tests.csproj]
/home/runner/work/markdown-journal-cli/markdown-journal-cli/markdown-journal-cli.Tests/Infrastructure/Configuration/JournalConfigurationTests.cs(772,48): error CS1061: 'TableOfContents' does not contain a definition for 'Structure' and no accessible extension method 'Structure' accepting a first argument of type 'TableOfContents' could be found (are you missing a using directive or an assembly reference?) [/home/runner/work/markdown-journal-cli/markdown-journal-cli/markdown-journal-cli.Tests/markdown-journal-cli.Tests.csproj]
/home/runner/work/markdown-journal-cli/markdown-journal-cli/markdown-journal-cli.Tests/Infrastructure/Configuration/JournalConfigurationTests.cs(808,39): error CS1061: 'TableOfContents' does not contain a definition for 'Structure' and no accessible extension method 'Structure' accepting a first argument of type 'TableOfContents' could be found (are you missing a using directive or an assembly reference?) [/home/runner/work/markdown-journal-cli/markdown-journal-cli/markdown-journal-cli.Tests/markdown-journal-cli.Tests.csproj]
/home/runner/work/markdown-journal-cli/markdown-journal-cli/markdown-journal-cli.Tests/Infrastructure/JournalTemplates/TableOfContentsGeneratorTests.cs(1039,17): error CS0117: 'TableOfContents' does not contain a definition for 'RootEntries' [/home/runner/work/markdown-journal-cli/markdown-journal-cli/markdown-journal-cli.Tests/markdown-journal-cli.Tests.csproj]
/home/runner/work/markdown-journal-cli/markdown-journal-cli/markdown-journal-cli.Tests/Infrastructure/JournalTemplates/TableOfContentsGeneratorTests.cs(1040,17): error CS0117: 'TableOfContents' does not contain a definition for 'Structure' [/home/runner/work/markdown-journal-cli/markdown-journal-cli/markdown-journal-cli.Tests/markdown-journal-cli.Tests.csproj]
/home/runner/work/markdown-journal-cli/markdown-journal-cli/markdown-journal-cli.Tests/Infrastructure/Configuration/JournalConfigurationTests.cs(849,62): error CS1061: 'TableOfContents' does not contain a definition for 'Structure' and no accessible extension method 'Structure' accepting a first argument of type 'TableOfContents' could be found (are you missing a using directive or an assembly reference?) [/home/runner/work/markdown-journal-cli/markdown-journal-cli/markdown-journal-cli.Tests/markdown-journal-cli.Tests.csproj]
/home/runner/work/markdown-journal-cli/markdown-journal-cli/markdown-journal-cli.Tests/Infrastructure/JournalTemplates/TableOfContentsGeneratorTests.cs(1108,17): error CS0117: 'TableOfContents' does not contain a definition for 'RootEntries' [/home/runner/work/markdown-journal-cli/markdown-journal-cli/markdown-journal-cli.Tests/markdown-journal-cli.Tests.csproj]
/home/runner/work/markdown-journal-cli/markdown-journal-cli/markdown-journal-cli.Tests/Infrastructure/JournalTemplates/TableOfContentsGeneratorTests.cs(1109,17): error CS0117: 'TableOfContents' does not contain a definition for 'Structure' [/home/runner/work/markdown-journal-cli/markdown-journal-cli/markdown-journal-cli.Tests/markdown-journal-cli.Tests.csproj]
/home/runner/work/markdown-journal-cli/markdown-journal-cli/markdown-journal-cli.Tests/Infrastructure/Configuration/JournalConfigurationTests.cs(943,39): error CS1061: 'TableOfContents' does not contain a definition for 'RootEntries' and no accessible extension method 'RootEntries' accepting a first argument of type 'TableOfContents' could be found (are you missing a using directive or an assembly reference?) [/home/runner/work/markdown-journal-cli/markdown-journal-cli/markdown-journal-cli.Tests/markdown-journal-cli.Tests.csproj]
/home/runner/work/markdown-journal-cli/markdown-journal-cli/markdown-journal-cli.Tests/Infrastructure/Configuration/JournalConfigurationTests.cs(944,39): error CS1061: 'TableOfContents' does not contain a definition for 'RootEntries' and no accessible extension method 'RootEntries' accepting a first argument of type 'TableOfContents' could be found (are you missing a using directive or an assembly reference?) [/home/runner/work/markdown-journal-cli/markdown-journal-cli/markdown-journal-cli.Tests/markdown-journal-cli.Tests.csproj]
/home/runner/work/markdown-journal-cli/markdown-journal-cli/markdown-journal-cli.Tests/Infrastructure/Configuration/JournalConfigurationTests.cs(945,39): error CS1061: 'TableOfContents' does not contain a definition for 'RootEntries' and no accessible extension method 'RootEntries' accepting a first argument of type 'TableOfContents' could be found (are you missing a using directive or an assembly reference?) [/home/runner/work/markdown-journal-cli/markdown-journal-cli/markdown-journal-cli.Tests/markdown-journal-cli.Tests.csproj]
/home/runner/work/markdown-journal-cli/markdown-journal-cli/markdown-journal-cli.Tests/Infrastructure/Configuration/JournalConfigurationTests.cs(981,55): error CS1061: 'TableOfContents' does not contain a definition for 'Structure' and no accessible extension method 'Structure' accepting a first argument of type 'TableOfContents' could be found (are you missing a using directive or an assembly reference?) [/home/runner/work/markdown-journal-cli/markdown-journal-cli/markdown-journal-cli.Tests/markdown-journal-cli.Tests.csproj]
/home/runner/work/markdown-journal-cli/markdown-journal-cli/markdown-journal-cli.Tests/Infrastructure/JournalTemplates/TableOfContentsGeneratorTests.cs(1200,17): error CS0117: 'TableOfContents' does not contain a definition for 'RootEntries' [/home/runner/work/markdown-journal-cli/markdown-journal-cli/markdown-journal-cli.Tests/markdown-journal-cli.Tests.csproj]
/home/runner/work/markdown-journal-cli/markdown-journal-cli/markdown-journal-cli.Tests/Infrastructure/JournalTemplates/TableOfContentsGeneratorTests.cs(1201,17): error CS0117: 'TableOfContents' does not contain a definition for 'Structure' [/home/runner/work/markdown-journal-cli/markdown-journal-cli/markdown-journal-cli.Tests/markdown-journal-cli.Tests.csproj]
/home/runner/work/markdown-journal-cli/markdown-journal-cli/markdown-journal-cli.Tests/Services/JournalUpdate/JournalUpdateServiceTests.cs(728,25): error CS0117: 'TableOfContents' does not contain a definition for 'Structure' [/home/runner/work/markdown-journal-cli/markdown-journal-cli/markdown-journal-cli.Tests/markdown-journal-cli.Tests.csproj]
/home/runner/work/markdown-journal-cli/markdown-journal-cli/markdown-journal-cli.Tests/Services/JournalUpdate/JournalUpdateServiceTests.cs(729,25): error CS0117: 'TableOfContents' does not contain a definition for 'RootEntries' [/home/runner/work/markdown-journal-cli/markdown-journal-cli/markdown-journal-cli.Tests/markdown-journal-cli.Tests.csproj]
/home/runner/work/markdown-journal-cli/markdown-journal-cli/markdown-journal-cli.Tests/Infrastructure/JournalTemplates/TableOfContentsGeneratorTests.cs(1281,17): error CS0117: 'TableOfContents' does not contain a definition for 'RootEntries' [/home/runner/work/markdown-journal-cli/markdown-journal-cli/markdown-journal-cli.Tests/markdown-journal-cli.Tests.csproj]
/home/runner/work/markdown-journal-cli/markdown-journal-cli/markdown-journal-cli.Tests/Infrastructure/JournalTemplates/TableOfContentsGeneratorTests.cs(1288,17): error CS0117: 'TableOfContents' does not contain a definition for 'Structure' [/home/runner/work/markdown-journal-cli/markdown-journal-cli/markdown-journal-cli.Tests/markdown-journal-cli.Tests.csproj]
/home/runner/work/markdown-journal-cli/markdown-journal-cli/markdown-journal-cli.Tests/Infrastructure/Configuration/JournalConfigurationTests.cs(1025,58): error CS1061: 'TableOfContents' does not contain a definition for 'Structure' and no accessible extension method 'Structure' accepting a first argument of type 'TableOfContents' could be found (are you missing a using directive or an assembly reference?) [/home/runner/work/markdown-journal-cli/markdown-journal-cli/markdown-journal-cli.Tests/markdown-journal-cli.Tests.csproj]
/home/runner/work/markdown-journal-cli/markdown-journal-cli/markdown-journal-cli.Tests/Infrastructure/JournalTemplates/TableOfContentsGeneratorTests.cs(1318,17): error CS0117: 'TableOfContents' does not contain a definition for 'RootEntries' [/home/runner/work/markdown-journal-cli/markdown-journal-cli/markdown-journal-cli.Tests/markdown-journal-cli.Tests.csproj]
/home/runner/work/markdown-journal-cli/markdown-journal-cli/markdown-journal-cli.Tests/Infrastructure/JournalTemplates/TableOfContentsGeneratorTests.cs(1320,17): error CS0117: 'TableOfContents' does not contain a definition for 'Structure' [/home/runner/work/markdown-journal-cli/markdown-journal-cli/markdown-journal-cli.Tests/markdown-journal-cli.Tests.csproj]
/home/runner/work/markdown-journal-cli/markdown-journal-cli/markdown-journal-cli.Tests/Infrastructure/Configuration/JournalConfigurationTests.cs(1074,55): error CS1061: 'TableOfContents' does not contain a definition for 'Structure' and no accessible extension method 'Structure' accepting a first argument of type 'TableOfContents' could be found (are you missing a using directive or an assembly reference?) [/home/runner/work/markdown-journal-cli/markdown-journal-cli/markdown-journal-cli.Tests/markdown-journal-cli.Tests.csproj]
/home/runner/work/markdown-journal-cli/markdown-journal-cli/markdown-journal-cli.Tests/Infrastructure/JournalTemplates/TableOfContentsGeneratorTests.cs(1386,17): error CS0117: 'TableOfContents' does not contain a definition for 'RootEntries' [/home/runner/work/markdown-journal-cli/markdown-journal-cli/markdown-journal-cli.Tests/markdown-journal-cli.Tests.csproj]
/home/runner/work/markdown-journal-cli/markdown-journal-cli/markdown-journal-cli.Tests/Infrastructure/JournalTemplates/TableOfContentsGeneratorTests.cs(1387,17): error CS0117: 'TableOfContents' does not contain a definition for 'Structure' [/home/runner/work/markdown-journal-cli/markdown-journal-cli/markdown-journal-cli.Tests/markdown-journal-cli.Tests.csproj]
/home/runner/work/markdown-journal-cli/markdown-journal-cli/markdown-journal-cli.Tests/Infrastructure/Configuration/JournalConfigurationTests.cs(1158,55): error CS1061: 'TableOfContents' does not contain a definition for 'Structure' and no accessible extension method 'Structure' accepting a first argument of type 'TableOfContents' could be found (are you missing a using directive or an assembly reference?) [/home/runner/work/markdown-journal-cli/markdown-journal-cli/markdown-journal-cli.Tests/markdown-journal-cli.Tests.csproj]
/home/runner/work/markdown-journal-cli/markdown-journal-cli/markdown-journal-cli.Tests/Infrastructure/Configuration/JournalConfigurationTests.cs(1166,59): error CS1061: 'TableOfContents' does not contain a definition for 'Structure' and no accessible extension method 'Structure' accepting a first argument of type 'TableOfContents' could be found (are you missing a using directive or an assembly reference?) [/home/runner/work/markdown-journal-cli/markdown-journal-cli/markdown-journal-cli.Tests/markdown-journal-cli.Tests.csproj]
/home/runner/work/markdown-journal-cli/markdown-journal-cli/markdown-journal-cli.Tests/Infrastructure/Configuration/JournalConfigurationTests.cs(1216,55): error CS1061: 'TableOfContents' does not contain a definition for 'Structure' and no accessible extension method 'Structure' accepting a first argument of type 'TableOfContents' could be found (are you missing a using directive or an assembly reference?) [/home/runner/work/markdown-journal-cli/markdown-journal-cli/markdown-journal-cli.Tests/markdown-journal-cli.Tests.csproj]
/home/runner/work/markdown-journal-cli/markdown-journal-cli/markdown-journal-cli.Tests/Infrastructure/JournalTemplates/TableOfContentsGeneratorTests.cs(1455,17): error CS0117: 'TableOfContents' does not contain a definition for 'RootEntries' [/home/runner/work/markdown-journal-cli/markdown-journal-cli/markdown-journal-cli.Tests/markdown-journal-cli.Tests.csproj]
/home/runner/work/markdown-journal-cli/markdown-journal-cli/markdown-journal-cli.Tests/Infrastructure/JournalTemplates/TableOfContentsGeneratorTests.cs(1456,17): error CS0117: 'TableOfContents' does not contain a definition for 'Structure' [/home/runner/work/markdown-journal-cli/markdown-journal-cli/markdown-journal-cli.Tests/markdown-journal-cli.Tests.csproj]
/home/runner/work/markdown-journal-cli/markdown-journal-cli/markdown-journal-cli.Tests/Infrastructure/Configuration/JournalConfigurationTests.cs(1249,32): error CS1061: 'TableOfContents' does not contain a definition for 'RootEntries' and no accessible extension method 'RootEntries' accepting a first argument of type 'TableOfContents' could be found (are you missing a using directive or an assembly reference?) [/home/runner/work/markdown-journal-cli/markdown-journal-cli/markdown-journal-cli.Tests/markdown-journal-cli.Tests.csproj]
/home/runner/work/markdown-journal-cli/markdown-journal-cli/markdown-journal-cli.Tests/Infrastructure/Configuration/JournalConfigurationTests.cs(1265,39): error CS1061: 'TableOfContents' does not contain a definition for 'RootEntries' and no accessible extension method 'RootEntries' accepting a first argument of type 'TableOfContents' could be found (are you missing a using directive or an assembly reference?) [/home/runner/work/markdown-journal-cli/markdown-journal-cli/markdown-journal-cli.Tests/markdown-journal-cli.Tests.csproj]
/home/runner/work/markdown-journal-cli/markdown-journal-cli/markdown-journal-cli.Tests/Infrastructure/Configuration/JournalConfigurationTests.cs(1266,39): error CS1061: 'TableOfContents' does not contain a definition for 'RootEntries' and no accessible extension method 'RootEntries' accepting a first argument of type 'TableOfContents' could be found (are you missing a using directive or an assembly reference?) [/home/runner/work/markdown-journal-cli/markdown-journal-cli/markdown-journal-cli.Tests/markdown-journal-cli.Tests.csproj]
/home/runner/work/markdown-journal-cli/markdown-journal-cli/markdown-journal-cli.Tests/Infrastructure/Configuration/JournalConfigurationTests.cs(1267,39): error CS1061: 'TableOfContents' does not contain a definition for 'RootEntries' and no accessible extension method 'RootEntries' accepting a first argument of type 'TableOfContents' could be found (are you missing a using directive or an assembly reference?) [/home/runner/work/markdown-journal-cli/markdown-journal-cli/markdown-journal-cli.Tests/markdown-journal-cli.Tests.csproj]
/home/runner/work/markdown-journal-cli/markdown-journal-cli/markdown-journal-cli.Tests/Infrastructure/Configuration/JournalConfigurationTests.cs(1306,59): error CS1061: 'TableOfContents' does not contain a definition for 'Structure' and no accessible extension method 'Structure' accepting a first argument of type 'TableOfContents' could be found (are you missing a using directive or an assembly reference?) [/home/runner/work/markdown-journal-cli/markdown-journal-cli/markdown-journal-cli.Tests/markdown-journal-cli.Tests.csproj]
/home/runner/work/markdown-journal-cli/markdown-journal-cli/markdown-journal-cli.Tests/Infrastructure/JournalTemplates/TableOfContentsGeneratorTests.cs(1567,17): error CS0117: 'TableOfContents' does not contain a definition for 'RootEntries' [/home/runner/work/markdown-journal-cli/markdown-journal-cli/markdown-journal-cli.Tests/markdown-journal-cli.Tests.csproj]
/home/runner/work/markdown-journal-cli/markdown-journal-cli/markdown-journal-cli.Tests/Infrastructure/JournalTemplates/TableOfContentsGeneratorTests.cs(1573,17): error CS0117: 'TableOfContents' does not contain a definition for 'Structure' [/home/runner/work/markdown-journal-cli/markdown-journal-cli/markdown-journal-cli.Tests/markdown-journal-cli.Tests.csproj]
/home/runner/work/markdown-journal-cli/markdown-journal-cli/markdown-journal-cli.Tests/Infrastructure/Configuration/JournalConfigurationTests.cs(1320,32): error CS1061: 'TableOfContents' does not contain a definition for 'RootEntries' and no accessible extension method 'RootEntries' accepting a first argument of type 'TableOfContents' could be found (are you missing a using directive or an assembly reference?) [/home/runner/work/markdown-journal-cli/markdown-journal-cli/markdown-journal-cli.Tests/markdown-journal-cli.Tests.csproj]
/home/runner/work/markdown-journal-cli/markdown-journal-cli/markdown-journal-cli.Tests/Infrastructure/Configuration/JournalConfigurationTests.cs(1336,39): error CS1061: 'TableOfContents' does not contain a definition for 'RootEntries' and no accessible extension method 'RootEntries' accepting a first argument of type 'TableOfContents' could be found (are you missing a using directive or an assembly reference?) [/home/runner/work/markdown-journal-cli/markdown-journal-cli/markdown-journal-cli.Tests/markdown-journal-cli.Tests.csproj]
/home/runner/work/markdown-journal-cli/markdown-journal-cli/markdown-journal-cli.Tests/Infrastructure/Configuration/JournalConfigurationTests.cs(1337,39): error CS1061: 'TableOfContents' does not contain a definition for 'RootEntries' and no accessible extension method 'RootEntries' accepting a first argument of type 'TableOfContents' could be found (are you missing a using directive or an assembly reference?) [/home/runner/work/markdown-journal-cli/markdown-journal-cli/markdown-journal-cli.Tests/markdown-journal-cli.Tests.csproj]
/home/runner/work/markdown-journal-cli/markdown-journal-cli/markdown-journal-cli.Tests/Infrastructure/Configuration/JournalConfigurationTests.cs(1338,39): error CS1061: 'TableOfContents' does not contain a definition for 'RootEntries' and no accessible extension method 'RootEntries' accepting a first argument of type 'TableOfContents' could be found (are you missing a using directive or an assembly reference?) [/home/runner/work/markdown-journal-cli/markdown-journal-cli/markdown-journal-cli.Tests/markdown-journal-cli.Tests.csproj]
/home/runner/work/markdown-journal-cli/markdown-journal-cli/markdown-journal-cli.Tests/Infrastructure/JournalTemplates/TableOfContentsGeneratorTests.cs(1602,17): error CS0117: 'TableOfContents' does not contain a definition for 'RootEntries' [/home/runner/work/markdown-journal-cli/markdown-journal-cli/markdown-journal-cli.Tests/markdown-journal-cli.Tests.csproj]
/home/runner/work/markdown-journal-cli/markdown-journal-cli/markdown-journal-cli.Tests/Infrastructure/JournalTemplates/TableOfContentsGeneratorTests.cs(1603,17): error CS0117: 'TableOfContents' does not contain a definition for 'Structure' [/home/runner/work/markdown-journal-cli/markdown-journal-cli/markdown-journal-cli.Tests/markdown-journal-cli.Tests.csproj]
/home/runner/work/markdown-journal-cli/markdown-journal-cli/markdown-journal-cli.Tests/Infrastructure/Configuration/JournalConfigurationTests.cs(1367,59): error CS1061: 'TableOfContents' does not contain a definition for 'Structure' and no accessible extension method 'Structure' accepting a first argument of type 'TableOfContents' could be found (are you missing a using directive or an assembly reference?) [/home/runner/work/markdown-journal-cli/markdown-journal-cli/markdown-journal-cli.Tests/markdown-journal-cli.Tests.csproj]
/home/runner/work/markdown-journal-cli/markdown-journal-cli/markdown-journal-cli.Tests/Infrastructure/Configuration/JournalConfigurationTests.cs(1397,59): error CS1061: 'TableOfContents' does not contain a definition for 'Structure' and no accessible extension method 'Structure' accepting a first argument of type 'TableOfContents' could be found (are you missing a using directive or an assembly reference?) [/home/runner/work/markdown-journal-cli/markdown-journal-cli/markdown-journal-cli.Tests/markdown-journal-cli.Tests.csproj]
/home/runner/work/markdown-journal-cli/markdown-journal-cli/markdown-journal-cli.Tests/Infrastructure/JournalTemplates/TableOfContentsGeneratorTests.cs(1655,17): error CS0117: 'TableOfContents' does not contain a definition for 'RootEntries' [/home/runner/work/markdown-journal-cli/markdown-journal-cli/markdown-journal-cli.Tests/markdown-journal-cli.Tests.csproj]
/home/runner/work/markdown-journal-cli/markdown-journal-cli/markdown-journal-cli.Tests/Infrastructure/JournalTemplates/TableOfContentsGeneratorTests.cs(1660,17): error CS0117: 'TableOfContents' does not contain a definition for 'Structure' [/home/runner/work/markdown-journal-cli/markdown-journal-cli/markdown-journal-cli.Tests/markdown-journal-cli.Tests.csproj]
/home/runner/work/markdown-journal-cli/markdown-journal-cli/markdown-journal-cli.Tests/Infrastructure/Configuration/JournalConfigurationTests.cs(1411,32): error CS1061: 'TableOfContents' does not contain a definition for 'Structure' and no accessible extension method 'Structure' accepting a first argument of type 'TableOfContents' could be found (are you missing a using directive or an assembly reference?) [/home/runner/work/markdown-journal-cli/markdown-journal-cli/markdown-journal-cli.Tests/markdown-journal-cli.Tests.csproj]
/home/runner/work/markdown-journal-cli/markdown-journal-cli/markdown-journal-cli.Tests/Infrastructure/Configuration/JournalConfigurationTests.cs(1427,59): error CS1061: 'TableOfContents' does not contain a definition for 'Structure' and no accessible extension method 'Structure' accepting a first argument of type 'TableOfContents' could be found (are you missing a using directive or an assembly reference?) [/home/runner/work/markdown-journal-cli/markdown-journal-cli/markdown-journal-cli.Tests/markdown-journal-cli.Tests.csproj]
/home/runner/work/markdown-journal-cli/markdown-journal-cli/markdown-journal-cli.Tests/Infrastructure/JournalTemplates/TableOfContentsGeneratorTests.cs(1688,17): error CS0117: 'TableOfContents' does not contain a definition for 'RootEntries' [/home/runner/work/markdown-journal-cli/markdown-journal-cli/markdown-journal-cli.Tests/markdown-journal-cli.Tests.csproj]
/home/runner/work/markdown-journal-cli/markdown-journal-cli/markdown-journal-cli.Tests/Infrastructure/JournalTemplates/TableOfContentsGeneratorTests.cs(1694,17): error CS0117: 'TableOfContents' does not contain a definition for 'Structure' [/home/runner/work/markdown-journal-cli/markdown-journal-cli/markdown-journal-cli.Tests/markdown-journal-cli.Tests.csproj]
/home/runner/work/markdown-journal-cli/markdown-journal-cli/markdown-journal-cli.Tests/Infrastructure/Configuration/JournalConfigurationTests.cs(1441,32): error CS1061: 'TableOfContents' does not contain a definition for 'Structure' and no accessible extension method 'Structure' accepting a first argument of type 'TableOfContents' could be found (are you missing a using directive or an assembly reference?) [/home/runner/work/markdown-journal-cli/markdown-journal-cli/markdown-journal-cli.Tests/markdown-journal-cli.Tests.csproj]
/home/runner/work/markdown-journal-cli/markdown-journal-cli/markdown-journal-cli.Tests/Infrastructure/Configuration/JournalConfigurationTests.cs(1457,59): error CS1061: 'TableOfContents' does not contain a definition for 'Structure' and no accessible extension method 'Structure' accepting a first argument of type 'TableOfContents' could be found (are you missing a using directive or an assembly reference?) [/home/runner/work/markdown-journal-cli/markdown-journal-cli/markdown-journal-cli.Tests/markdown-journal-cli.Tests.csproj]
/home/runner/work/markdown-journal-cli/markdown-journal-cli/markdown-journal-cli.Tests/Infrastructure/Configuration/JournalConfigurationTests.cs(1475,32): error CS1061: 'TableOfContents' does not contain a definition for 'Structure' and no accessible extension method 'Structure' accepting a first argument of type 'TableOfContents' could be found (are you missing a using directive or an assembly reference?) [/home/runner/work/markdown-journal-cli/markdown-journal-cli/markdown-journal-cli.Tests/markdown-journal-cli.Tests.csproj]
/home/runner/work/markdown-journal-cli/markdown-journal-cli/markdown-journal-cli.Tests/Infrastructure/Configuration/JournalConfigurationTests.cs(1495,59): error CS1061: 'TableOfContents' does not contain a definition for 'Structure' and no accessible extension method 'Structure' accepting a first argument of type 'TableOfContents' could be found (are you missing a using directive or an assembly reference?) [/home/runner/work/markdown-journal-cli/markdown-journal-cli/markdown-journal-cli.Tests/markdown-journal-cli.Tests.csproj]
/home/runner/work/markdown-journal-cli/markdown-journal-cli/markdown-journal-cli.Tests/Infrastructure/Configuration/JournalConfigurationTests.cs(1538,59): error CS1061: 'TableOfContents' does not contain a definition for 'Structure' and no accessible extension method 'Structure' accepting a first argument of type 'TableOfContents' could be found (are you missing a using directive or an assembly reference?) [/home/runner/work/markdown-journal-cli/markdown-journal-cli/markdown-journal-cli.Tests/markdown-journal-cli.Tests.csproj]
/home/runner/work/markdown-journal-cli/markdown-journal-cli/markdown-journal-cli.Tests/Services/JournalFileUpdate/JournalFileUpdateServiceTests.cs(806,29): error CS0117: 'TableOfContents' does not contain a definition for 'RootEntries' [/home/runner/work/markdown-journal-cli/markdown-journal-cli/markdown-journal-cli.Tests/markdown-journal-cli.Tests.csproj]
/home/runner/work/markdown-journal-cli/markdown-journal-cli/markdown-journal-cli.Tests/Services/JournalFileUpdate/JournalFileUpdateServiceTests.cs(807,29): error CS0117: 'TableOfContents' does not contain a definition for 'Structure' [/home/runner/work/markdown-journal-cli/markdown-journal-cli/markdown-journal-cli.Tests/markdown-journal-cli.Tests.csproj]
/home/runner/work/markdown-journal-cli/markdown-journal-cli/markdown-journal-cli.Tests/Infrastructure/Configuration/JournalConfigurationTests.cs(1696,32): error CS1061: 'TableOfContents' does not contain a definition for 'RootEntries' and no accessible extension method 'RootEntries' accepting a first argument of type 'TableOfContents' could be found (are you missing a using directive or an assembly reference?) [/home/runner/work/markdown-journal-cli/markdown-journal-cli/markdown-journal-cli.Tests/markdown-journal-cli.Tests.csproj]
/home/runner/work/markdown-journal-cli/markdown-journal-cli/markdown-journal-cli.Tests/Infrastructure/Configuration/JournalConfigurationTests.cs(1712,39): error CS1061: 'TableOfContents' does not contain a definition for 'RootEntries' and no accessible extension method 'RootEntries' accepting a first argument of type 'TableOfContents' could be found (are you missing a using directive or an assembly reference?) [/home/runner/work/markdown-journal-cli/markdown-journal-cli/markdown-journal-cli.Tests/markdown-journal-cli.Tests.csproj]
/home/runner/work/markdown-journal-cli/markdown-journal-cli/markdown-journal-cli.Tests/Infrastructure/Configuration/JournalConfigurationTests.cs(1721,32): error CS1061: 'TableOfContents' does not contain a definition for 'Structure' and no accessible extension method 'Structure' accepting a first argument of type 'TableOfContents' could be found (are you missing a using directive or an assembly reference?) [/home/runner/work/markdown-journal-cli/markdown-journal-cli/markdown-journal-cli.Tests/markdown-journal-cli.Tests.csproj]
/home/runner/work/markdown-journal-cli/markdown-journal-cli/markdown-journal-cli.Tests/Infrastructure/Configuration/JournalConfigurationTests.cs(1742,39): error CS1061: 'TableOfContents' does not contain a definition for 'Structure' and no accessible extension method 'Structure' accepting a first argument of type 'TableOfContents' could be found (are you missing a using directive or an assembly reference?) [/home/runner/work/markdown-journal-cli/markdown-journal-cli/markdown-journal-cli.Tests/markdown-journal-cli.Tests.csproj]
/home/runner/work/markdown-journal-cli/markdown-journal-cli/markdown-journal-cli.Tests/Infrastructure/Configuration/JournalConfigurationTests.cs(1751,32): error CS1061: 'TableOfContents' does not contain a definition for 'RootEntries' and no accessible extension method 'RootEntries' accepting a first argument of type 'TableOfContents' could be found (are you missing a using directive or an assembly reference?) [/home/runner/work/markdown-journal-cli/markdown-journal-cli/markdown-journal-cli.Tests/markdown-journal-cli.Tests.csproj]
/home/runner/work/markdown-journal-cli/markdown-journal-cli/markdown-journal-cli.Tests/Infrastructure/Configuration/JournalConfigurationTests.cs(1768,39): error CS1061: 'TableOfContents' does not contain a definition for 'RootEntries' and no accessible extension method 'RootEntries' accepting a first argument of type 'TableOfContents' could be found (are you missing a using directive or an assembly reference?) [/home/runner/work/markdown-journal-cli/markdown-journal-cli/markdown-journal-cli.Tests/markdown-journal-cli.Tests.csproj]
/home/runner/work/markdown-journal-cli/markdown-journal-cli/markdown-journal-cli.Tests/Infrastructure/Configuration/JournalConfigurationTests.cs(1780,33): error CS7036: There is no argument given that corresponds to the required parameter 'tocStructureRepository' of 'JournalConfiguration.JournalConfiguration(IFileSystem, IOptions<JournalSettings>, ILogger<JournalConfiguration>, IFileTracking, IJournalTocStructureRepository)' [/home/runner/work/markdown-journal-cli/markdown-journal-cli/markdown-journal-cli.Tests/markdown-journal-cli.Tests.csproj]
/home/runner/work/markdown-journal-cli/markdown-journal-cli/markdown-journal-cli.Tests/Infrastructure/Configuration/JournalConfigurationTests.cs(1789,32): error CS1061: 'TableOfContents' does not contain a definition for 'RootEntries' and no accessible extension method 'RootEntries' accepting a first argument of type 'TableOfContents' could be found (are you missing a using directive or an assembly reference?) [/home/runner/work/markdown-journal-cli/markdown-journal-cli/markdown-journal-cli.Tests/markdown-journal-cli.Tests.csproj]
/home/runner/work/markdown-journal-cli/markdown-journal-cli/markdown-journal-cli.Tests/Infrastructure/Configuration/JournalConfigurationTests.cs(1805,39): error CS1061: 'TableOfContents' does not contain a definition for 'RootEntries' and no accessible extension method 'RootEntries' accepting a first argument of type 'TableOfContents' could be found (are you missing a using directive or an assembly reference?) [/home/runner/work/markdown-journal-cli/markdown-journal-cli/markdown-journal-cli.Tests/markdown-journal-cli.Tests.csproj]
/home/runner/work/markdown-journal-cli/markdown-journal-cli/markdown-journal-cli.Tests/Infrastructure/Configuration/JournalConfigurationTests.cs(1814,32): error CS1061: 'TableOfContents' does not contain a definition for 'RootEntries' and no accessible extension method 'RootEntries' accepting a first argument of type 'TableOfContents' could be found (are you missing a using directive or an assembly reference?) [/home/runner/work/markdown-journal-cli/markdown-journal-cli/markdown-journal-cli.Tests/markdown-journal-cli.Tests.csproj]
/home/runner/work/markdown-journal-cli/markdown-journal-cli/markdown-journal-cli.Tests/Infrastructure/Configuration/JournalConfigurationTests.cs(1830,39): error CS1061: 'TableOfContents' does not contain a definition for 'RootEntries' and no accessible extension method 'RootEntries' accepting a first argument of type 'TableOfContents' could be found (are you missing a using directive or an assembly reference?) [/home/runner/work/markdown-journal-cli/markdown-journal-cli/markdown-journal-cli.Tests/markdown-journal-cli.Tests.csproj]
/home/runner/work/markdown-journal-cli/markdown-journal-cli/markdown-journal-cli.Tests/Infrastructure/Configuration/JournalConfigurationTests.cs(1831,39): error CS1061: 'TableOfContents' does not contain a definition for 'RootEntries' and no accessible extension method 'RootEntries' accepting a first argument of type 'TableOfContents' could be found (are you missing a using directive or an assembly reference?) [/home/runner/work/markdown-journal-cli/markdown-journal-cli/markdown-journal-cli.Tests/markdown-journal-cli.Tests.csproj]
/home/runner/work/markdown-journal-cli/markdown-journal-cli/markdown-journal-cli.Tests/Infrastructure/Configuration/JournalConfigurationTests.cs(1843,32): error CS1061: 'TableOfContents' does not contain a definition for 'RootEntries' and no accessible extension method 'RootEntries' accepting a first argument of type 'TableOfContents' could be found (are you missing a using directive or an assembly reference?) [/home/runner/work/markdown-journal-cli/markdown-journal-cli/markdown-journal-cli.Tests/markdown-journal-cli.Tests.csproj]
/home/runner/work/markdown-journal-cli/markdown-journal-cli/markdown-journal-cli.Tests/Infrastructure/Configuration/JournalConfigurationTests.cs(1866,39): error CS1061: 'TableOfContents' does not contain a definition for 'RootEntries' and no accessible extension method 'RootEntries' accepting a first argument of type 'TableOfContents' could be found (are you missing a using directive or an assembly reference?) [/home/runner/work/markdown-journal-cli/markdown-journal-cli/markdown-journal-cli.Tests/markdown-journal-cli.Tests.csproj]
/home/runner/work/markdown-journal-cli/markdown-journal-cli/markdown-journal-cli.Tests/Infrastructure/Configuration/JournalConfigurationTests.cs(1878,32): error CS1061: 'TableOfContents' does not contain a definition for 'RootEntries' and no accessible extension method 'RootEntries' accepting a first argument of type 'TableOfContents' could be found (are you missing a using directive or an assembly reference?) [/home/runner/work/markdown-journal-cli/markdown-journal-cli/markdown-journal-cli.Tests/markdown-journal-cli.Tests.csproj]
/home/runner/work/markdown-journal-cli/markdown-journal-cli/markdown-journal-cli.Tests/Infrastructure/Configuration/JournalConfigurationTests.cs(1901,39): error CS1061: 'TableOfContents' does not contain a definition for 'RootEntries' and no accessible extension method 'RootEntries' accepting a first argument of type 'TableOfContents' could be found (are you missing a using directive or an assembly reference?) [/home/runner/work/markdown-journal-cli/markdown-journal-cli/markdown-journal-cli.Tests/markdown-journal-cli.Tests.csproj]
/home/runner/work/markdown-journal-cli/markdown-journal-cli/markdown-journal-cli.Tests/Infrastructure/Configuration/JournalConfigurationTests.cs(1902,39): error CS1061: 'TableOfContents' does not contain a definition for 'RootEntries' and no accessible extension method 'RootEntries' accepting a first argument of type 'TableOfContents' could be found (are you missing a using directive or an assembly reference?) [/home/runner/work/markdown-journal-cli/markdown-journal-cli/markdown-journal-cli.Tests/markdown-journal-cli.Tests.csproj]
/home/runner/work/markdown-journal-cli/markdown-journal-cli/markdown-journal-cli.Tests/Infrastructure/Configuration/JournalConfigurationTests.cs(1913,32): error CS1061: 'TableOfContents' does not contain a definition for 'Structure' and no accessible extension method 'Structure' accepting a first argument of type 'TableOfContents' could be found (are you missing a using directive or an assembly reference?) [/home/runner/work/markdown-journal-cli/markdown-journal-cli/markdown-journal-cli.Tests/markdown-journal-cli.Tests.csproj]
/home/runner/work/markdown-journal-cli/markdown-journal-cli/markdown-journal-cli.Tests/Infrastructure/Configuration/JournalConfigurationTests.cs(1937,39): error CS1061: 'TableOfContents' does not contain a definition for 'Structure' and no accessible extension method 'Structure' accepting a first argument of type 'TableOfContents' could be found (are you missing a using directive or an assembly reference?) [/home/runner/work/markdown-journal-cli/markdown-journal-cli/markdown-journal-cli.Tests/markdown-journal-cli.Tests.csproj]
/home/runner/work/markdown-journal-cli/markdown-journal-cli/markdown-journal-cli.Tests/Infrastructure/Configuration/JournalConfigurationTests.cs(1949,32): error CS1061: 'TableOfContents' does not contain a definition for 'RootEntries' and no accessible extension method 'RootEntries' accepting a first argument of type 'TableOfContents' could be found (are you missing a using directive or an assembly reference?) [/home/runner/work/markdown-journal-cli/markdown-journal-cli/markdown-journal-cli.Tests/markdown-journal-cli.Tests.csproj]
/home/runner/work/markdown-journal-cli/markdown-journal-cli/markdown-journal-cli.Tests/Infrastructure/Configuration/JournalConfigurationTests.cs(1972,39): error CS1061: 'TableOfContents' does not contain a definition for 'RootEntries' and no accessible extension method 'RootEntries' accepting a first argument of type 'TableOfContents' could be found (are you missing a using directive or an assembly reference?) [/home/runner/work/markdown-journal-cli/markdown-journal-cli/markdown-journal-cli.Tests/markdown-journal-cli.Tests.csproj]
/home/runner/work/markdown-journal-cli/markdown-journal-cli/markdown-journal-cli.Tests/Infrastructure/Configuration/JournalConfigurationTests.cs(2022,55): error CS1061: 'TableOfContents' does not contain a definition for 'Structure' and no accessible extension method 'Structure' accepting a first argument of type 'TableOfContents' could be found (are you missing a using directive or an assembly reference?) [/home/runner/work/markdown-journal-cli/markdown-journal-cli/markdown-journal-cli.Tests/markdown-journal-cli.Tests.csproj]
/home/runner/work/markdown-journal-cli/markdown-journal-cli/markdown-journal-cli.Tests/Infrastructure/Configuration/JournalConfigurationTests.cs(2059,55): error CS1061: 'TableOfContents' does not contain a definition for 'Structure' and no accessible extension method 'Structure' accepting a first argument of type 'TableOfContents' could be found (are you missing a using directive or an assembly reference?) [/home/runner/work/markdown-journal-cli/markdown-journal-cli/markdown-journal-cli.Tests/markdown-journal-cli.Tests.csproj]
/home/runner/work/markdown-journal-cli/markdown-journal-cli/markdown-journal-cli.Tests/Infrastructure/Configuration/JournalConfigurationTests.cs(2094,56): error CS1061: 'TableOfContents' does not contain a definition for 'Structure' and no accessible extension method 'Structure' accepting a first argument of type 'TableOfContents' could be found (are you missing a using directive or an assembly reference?) [/home/runner/work/markdown-journal-cli/markdown-journal-cli/markdown-journal-cli.Tests/markdown-journal-cli.Tests.csproj]
/home/runner/work/markdown-journal-cli/markdown-journal-cli/markdown-journal-cli.Tests/Infrastructure/Configuration/JournalConfigurationTests.cs(2149,52): error CS1061: 'TableOfContents' does not contain a definition for 'Structure' and no accessible extension method 'Structure' accepting a first argument of type 'TableOfContents' could be found (are you missing a using directive or an assembly reference?) [/home/runner/work/markdown-journal-cli/markdown-journal-cli/markdown-journal-cli.Tests/markdown-journal-cli.Tests.csproj]
/home/runner/work/markdown-journal-cli/markdown-journal-cli/markdown-journal-cli.Tests/Services/JournalUpdate/JournalUpdateServiceTests.cs(1011,53): error CS1061: 'TableOfContents' does not contain a definition for 'RootEntries' and no accessible extension method 'RootEntries' accepting a first argument of type 'TableOfContents' could be found (are you missing a using directive or an assembly reference?) [/home/runner/work/markdown-journal-cli/markdown-journal-cli/markdown-journal-cli.Tests/markdown-journal-cli.Tests.csproj]
/home/runner/work/markdown-journal-cli/markdown-journal-cli/markdown-journal-cli.Tests/Infrastructure/Configuration/JournalConfigurationTests.cs(2185,55): error CS1061: 'TableOfContents' does not contain a definition for 'Structure' and no accessible extension method 'Structure' accepting a first argument of type 'TableOfContents' could be found (are you missing a using directive or an assembly reference?) [/home/runner/work/markdown-journal-cli/markdown-journal-cli/markdown-journal-cli.Tests/markdown-journal-cli.Tests.csproj]
/home/runner/work/markdown-journal-cli/markdown-journal-cli/markdown-journal-cli.Tests/Infrastructure/Configuration/JournalConfigurationTests.cs(2216,39): error CS1061: 'TableOfContents' does not contain a definition for 'RootEntries' and no accessible extension method 'RootEntries' accepting a first argument of type 'TableOfContents' could be found (are you missing a using directive or an assembly reference?) [/home/runner/work/markdown-journal-cli/markdown-journal-cli/markdown-journal-cli.Tests/markdown-journal-cli.Tests.csproj]
/home/runner/work/markdown-journal-cli/markdown-journal-cli/markdown-journal-cli.Tests/Infrastructure/Configuration/JournalConfigurationTests.cs(2230,17): error CS0117: 'TableOfContents' does not contain a definition for 'Structure' [/home/runner/work/markdown-journal-cli/markdown-journal-cli/markdown-journal-cli.Tests/markdown-journal-cli.Tests.csproj]
/home/runner/work/markdown-journal-cli/markdown-journal-cli/markdown-journal-cli.Tests/Infrastructure/Configuration/JournalConfigurationTests.cs(2245,17): error CS0117: 'TableOfContents' does not contain a definition for 'RootEntries' [/home/runner/work/markdown-journal-cli/markdown-journal-cli/markdown-journal-cli.Tests/markdown-journal-cli.Tests.csproj]
/home/runner/work/markdown-journal-cli/markdown-journal-cli/markdown-journal-cli.Tests/Infrastructure/Configuration/JournalConfigurationTests.cs(2257,45): error CS1061: 'TableOfContents' does not contain a definition for 'Structure' and no accessible extension method 'Structure' accepting a first argument of type 'TableOfContents' could be found (are you missing a using directive or an assembly reference?) [/home/runner/work/markdown-journal-cli/markdown-journal-cli/markdown-journal-cli.Tests/markdown-journal-cli.Tests.csproj]
/home/runner/work/markdown-journal-cli/markdown-journal-cli/markdown-journal-cli.Tests/Infrastructure/Configuration/JournalConfigurationTests.cs(2276,17): error CS0117: 'TableOfContents' does not contain a definition for 'Structure' [/home/runner/work/markdown-journal-cli/markdown-journal-cli/markdown-journal-cli.Tests/markdown-journal-cli.Tests.csproj]
/home/runner/work/markdown-journal-cli/markdown-journal-cli/markdown-journal-cli.Tests/Infrastructure/Configuration/JournalConfigurationTests.cs(2294,17): error CS0117: 'TableOfContents' does not contain a definition for 'RootEntries' [/home/runner/work/markdown-journal-cli/markdown-journal-cli/markdown-journal-cli.Tests/markdown-journal-cli.Tests.csproj]
/home/runner/work/markdown-journal-cli/markdown-journal-cli/markdown-journal-cli.Tests/Infrastructure/Configuration/JournalConfigurationTests.cs(2306,33): error CS1061: 'TableOfContents' does not contain a definition for 'Structure' and no accessible extension method 'Structure' accepting a first argument of type 'TableOfContents' could be found (are you missing a using directive or an assembly reference?) [/home/runner/work/markdown-journal-cli/markdown-journal-cli/markdown-journal-cli.Tests/markdown-journal-cli.Tests.csproj]
/home/runner/work/markdown-journal-cli/markdown-journal-cli/markdown-journal-cli.Tests/Infrastructure/Configuration/JournalConfigurationTests.cs(2334,17): error CS0117: 'TableOfContents' does not contain a definition for 'Structure' [/home/runner/work/markdown-journal-cli/markdown-journal-cli/markdown-journal-cli.Tests/markdown-journal-cli.Tests.csproj]
/home/runner/work/markdown-journal-cli/markdown-journal-cli/markdown-journal-cli.Tests/Infrastructure/Configuration/JournalConfigurationTests.cs(2360,17): error CS0117: 'TableOfContents' does not contain a definition for 'RootEntries' [/home/runner/work/markdown-journal-cli/markdown-journal-cli/markdown-journal-cli.Tests/markdown-journal-cli.Tests.csproj]
/home/runner/work/markdown-journal-cli/markdown-journal-cli/markdown-journal-cli.Tests/Infrastructure/Configuration/JournalConfigurationTests.cs(2376,33): error CS1061: 'TableOfContents' does not contain a definition for 'Structure' and no accessible extension method 'Structure' accepting a first argument of type 'TableOfContents' could be found (are you missing a using directive or an assembly reference?) [/home/runner/work/markdown-journal-cli/markdown-journal-cli/markdown-journal-cli.Tests/markdown-journal-cli.Tests.csproj]
/home/runner/work/markdown-journal-cli/markdown-journal-cli/markdown-journal-cli.Tests/Infrastructure/Configuration/JournalConfigurationTests.cs(2393,33): error CS1061: 'TableOfContents' does not contain a definition for 'RootEntries' and no accessible extension method 'RootEntries' accepting a first argument of type 'TableOfContents' could be found (are you missing a using directive or an assembly reference?) [/home/runner/work/markdown-journal-cli/markdown-journal-cli/markdown-journal-cli.Tests/markdown-journal-cli.Tests.csproj]
/home/runner/work/markdown-journal-cli/markdown-journal-cli/markdown-journal-cli.Tests/Services/JournalUpdate/JournalUpdateServiceTests.cs(1060,53): error CS1061: 'TableOfContents' does not contain a definition for 'RootEntries' and no accessible extension method 'RootEntries' accepting a first argument of type 'TableOfContents' could be found (are you missing a using directive or an assembly reference?) [/home/runner/work/markdown-journal-cli/markdown-journal-cli/markdown-journal-cli.Tests/markdown-journal-cli.Tests.csproj]
/home/runner/work/markdown-journal-cli/markdown-journal-cli/markdown-journal-cli.Tests/Infrastructure/Configuration/JournalConfigurationTests.cs(2415,33): error CS1061: 'TableOfContents' does not contain a definition for 'RootEntries' and no accessible extension method 'RootEntries' accepting a first argument of type 'TableOfContents' could be found (are you missing a using directive or an assembly reference?) [/home/runner/work/markdown-journal-cli/markdown-journal-cli/markdown-journal-cli.Tests/markdown-journal-cli.Tests.csproj]
/home/runner/work/markdown-journal-cli/markdown-journal-cli/markdown-journal-cli.Tests/Infrastructure/Configuration/JournalConfigurationTests.cs(2416,33): error CS1061: 'TableOfContents' does not contain a definition for 'RootEntries' and no accessible extension method 'RootEntries' accepting a first argument of type 'TableOfContents' could be found (are you missing a using directive or an assembly reference?) [/home/runner/work/markdown-journal-cli/markdown-journal-cli/markdown-journal-cli.Tests/markdown-journal-cli.Tests.csproj]
/home/runner/work/markdown-journal-cli/markdown-journal-cli/markdown-journal-cli.Tests/Infrastructure/Configuration/JournalConfigurationTests.cs(2418,53): error CS1061: 'TableOfContents' does not contain a definition for 'Structure' and no accessible extension method 'Structure' accepting a first argument of type 'TableOfContents' could be found (are you missing a using directive or an assembly reference?) [/home/runner/work/markdown-journal-cli/markdown-journal-cli/markdown-journal-cli.Tests/markdown-journal-cli.Tests.csproj]
/home/runner/work/markdown-journal-cli/markdown-journal-cli/markdown-journal-cli.Tests/Infrastructure/Configuration/JournalConfigurationTests.cs(2437,17): error CS0117: 'TableOfContents' does not contain a definition for 'Structure' [/home/runner/work/markdown-journal-cli/markdown-journal-cli/markdown-journal-cli.Tests/markdown-journal-cli.Tests.csproj]
/home/runner/work/markdown-journal-cli/markdown-journal-cli/markdown-journal-cli.Tests/Infrastructure/Configuration/JournalConfigurationTests.cs(2438,17): error CS0117: 'TableOfContents' does not contain a definition for 'RootEntries' [/home/runner/work/markdown-journal-cli/markdown-journal-cli/markdown-journal-cli.Tests/markdown-journal-cli.Tests.csproj]
/home/runner/work/markdown-journal-cli/markdown-journal-cli/markdown-journal-cli.Tests/Infrastructure/Configuration/JournalConfigurationTests.cs(2464,17): error CS0117: 'TableOfContents' does not contain a definition for 'Structure' [/home/runner/work/markdown-journal-cli/markdown-journal-cli/markdown-journal-cli.Tests/markdown-journal-cli.Tests.csproj]
/home/runner/work/markdown-journal-cli/markdown-journal-cli/markdown-journal-cli.Tests/Infrastructure/Configuration/JournalConfigurationTests.cs(2475,17): error CS0117: 'TableOfContents' does not contain a definition for 'RootEntries' [/home/runner/work/markdown-journal-cli/markdown-journal-cli/markdown-journal-cli.Tests/markdown-journal-cli.Tests.csproj]
/home/runner/work/markdown-journal-cli/markdown-journal-cli/markdown-journal-cli.Tests/Infrastructure/Configuration/JournalConfigurationTests.cs(2486,33): error CS1061: 'TableOfContents' does not contain a definition for 'RootEntries' and no accessible extension method 'RootEntries' accepting a first argument of type 'TableOfContents' could be found (are you missing a using directive or an assembly reference?) [/home/runner/work/markdown-journal-cli/markdown-journal-cli/markdown-journal-cli.Tests/markdown-journal-cli.Tests.csproj]
/home/runner/work/markdown-journal-cli/markdown-journal-cli/markdown-journal-cli.Tests/Infrastructure/Configuration/JournalConfigurationTests.cs(2487,33): error CS1061: 'TableOfContents' does not contain a definition for 'Structure' and no accessible extension method 'Structure' accepting a first argument of type 'TableOfContents' could be found (are you missing a using directive or an assembly reference?) [/home/runner/work/markdown-journal-cli/markdown-journal-cli/markdown-journal-cli.Tests/markdown-journal-cli.Tests.csproj]
/home/runner/work/markdown-journal-cli/markdown-journal-cli/markdown-journal-cli.Tests/Infrastructure/Configuration/JournalConfigurationTests.cs(2488,33): error CS1061: 'TableOfContents' does not contain a definition for 'Structure' and no accessible extension method 'Structure' accepting a first argument of type 'TableOfContents' could be found (are you missing a using directive or an assembly reference?) [/home/runner/work/markdown-journal-cli/markdown-journal-cli/markdown-journal-cli.Tests/markdown-journal-cli.Tests.csproj]
/home/runner/work/markdown-journal-cli/markdown-journal-cli/markdown-journal-cli.Tests/Infrastructure/Configuration/JournalConfigurationTests.cs(2501,32): error CS1061: 'TableOfContents' does not contain a definition for 'RootEntries' and no accessible extension method 'RootEntries' accepting a first argument of type 'TableOfContents' could be found (are you missing a using directive or an assembly reference?) [/home/runner/work/markdown-journal-cli/markdown-journal-cli/markdown-journal-cli.Tests/markdown-journal-cli.Tests.csproj]
/home/runner/work/markdown-journal-cli/markdown-journal-cli/markdown-journal-cli.Tests/Infrastructure/Configuration/JournalConfigurationTests.cs(2521,33): error CS1061: 'TableOfContents' does not contain a definition for 'RootEntries' and no accessible extension method 'RootEntries' accepting a first argument of type 'TableOfContents' could be found (are you missing a using directive or an assembly reference?) [/home/runner/work/markdown-journal-cli/markdown-journal-cli/markdown-journal-cli.Tests/markdown-journal-cli.Tests.csproj]
/home/runner/work/markdown-journal-cli/markdown-journal-cli/markdown-journal-cli.Tests/Infrastructure/Configuration/JournalConfigurationTests.cs(2522,33): error CS1061: 'TableOfContents' does not contain a definition for 'RootEntries' and no accessible extension method 'RootEntries' accepting a first argument of type 'TableOfContents' could be found (are you missing a using directive or an assembly reference?) [/home/runner/work/markdown-journal-cli/markdown-journal-cli/markdown-journal-cli.Tests/markdown-journal-cli.Tests.csproj]
/home/runner/work/markdown-journal-cli/markdown-journal-cli/markdown-journal-cli.Tests/Infrastructure/Configuration/JournalConfigurationTests.cs(2531,32): error CS1061: 'TableOfContents' does not contain a definition for 'Structure' and no accessible extension method 'Structure' accepting a first argument of type 'TableOfContents' could be found (are you missing a using directive or an assembly reference?) [/home/runner/work/markdown-journal-cli/markdown-journal-cli/markdown-journal-cli.Tests/markdown-journal-cli.Tests.csproj]
/home/runner/work/markdown-journal-cli/markdown-journal-cli/markdown-journal-cli.Tests/Infrastructure/Configuration/JournalConfigurationTests.cs(2555,33): error CS1061: 'TableOfContents' does not contain a definition for 'Structure' and no accessible extension method 'Structure' accepting a first argument of type 'TableOfContents' could be found (are you missing a using directive or an assembly reference?) [/home/runner/work/markdown-journal-cli/markdown-journal-cli/markdown-journal-cli.Tests/markdown-journal-cli.Tests.csproj]
/home/runner/work/markdown-journal-cli/markdown-journal-cli/markdown-journal-cli.Tests/Services/JournalUpdate/JournalUpdateServiceTests.cs(1098,53): error CS1061: 'TableOfContents' does not contain a definition for 'RootEntries' and no accessible extension method 'RootEntries' accepting a first argument of type 'TableOfContents' could be found (are you missing a using directive or an assembly reference?) [/home/runner/work/markdown-journal-cli/markdown-journal-cli/markdown-journal-cli.Tests/markdown-journal-cli.Tests.csproj]
/home/runner/work/markdown-journal-cli/markdown-journal-cli/markdown-journal-cli.Tests/Infrastructure/Configuration/JournalConfigurationTests.cs(2564,32): error CS1061: 'TableOfContents' does not contain a definition for 'RootEntries' and no accessible extension method 'RootEntries' accepting a first argument of type 'TableOfContents' could be found (are you missing a using directive or an assembly reference?) [/home/runner/work/markdown-journal-cli/markdown-journal-cli/markdown-journal-cli.Tests/markdown-journal-cli.Tests.csproj]
/home/runner/work/markdown-journal-cli/markdown-journal-cli/markdown-journal-cli.Tests/Infrastructure/Configuration/JournalConfigurationTests.cs(2583,33): error CS1061: 'TableOfContents' does not contain a definition for 'RootEntries' and no accessible extension method 'RootEntries' accepting a first argument of type 'TableOfContents' could be found (are you missing a using directive or an assembly reference?) [/home/runner/work/markdown-journal-cli/markdown-journal-cli/markdown-journal-cli.Tests/markdown-journal-cli.Tests.csproj]
/home/runner/work/markdown-journal-cli/markdown-journal-cli/markdown-journal-cli.Tests/Infrastructure/Configuration/JournalConfigurationTests.cs(2592,32): error CS1061: 'TableOfContents' does not contain a definition for 'RootEntries' and no accessible extension method 'RootEntries' accepting a first argument of type 'TableOfContents' could be found (are you missing a using directive or an assembly reference?) [/home/runner/work/markdown-journal-cli/markdown-journal-cli/markdown-journal-cli.Tests/markdown-journal-cli.Tests.csproj]
/home/runner/work/markdown-journal-cli/markdown-journal-cli/markdown-journal-cli.Tests/Infrastructure/Configuration/JournalConfigurationTests.cs(2611,33): error CS1061: 'TableOfContents' does not contain a definition for 'RootEntries' and no accessible extension method 'RootEntries' accepting a first argument of type 'TableOfContents' could be found (are you missing a using directive or an assembly reference?) [/home/runner/work/markdown-journal-cli/markdown-journal-cli/markdown-journal-cli.Tests/markdown-journal-cli.Tests.csproj]
/home/runner/work/markdown-journal-cli/markdown-journal-cli/markdown-journal-cli.Tests/Infrastructure/Configuration/JournalConfigurationTests.cs(2612,33): error CS1061: 'TableOfContents' does not contain a definition for 'RootEntries' and no accessible extension method 'RootEntries' accepting a first argument of type 'TableOfContents' could be found (are you missing a using directive or an assembly reference?) [/home/runner/work/markdown-journal-cli/markdown-journal-cli/markdown-journal-cli.Tests/markdown-journal-cli.Tests.csproj]
/home/runner/work/markdown-journal-cli/markdown-journal-cli/markdown-journal-cli.Tests/Infrastructure/Configuration/JournalConfigurationTests.cs(2624,32): error CS1061: 'TableOfContents' does not contain a definition for 'RootEntries' and no accessible extension method 'RootEntries' accepting a first argument of type 'TableOfContents' could be found (are you missing a using directive or an assembly reference?) [/home/runner/work/markdown-journal-cli/markdown-journal-cli/markdown-journal-cli.Tests/markdown-journal-cli.Tests.csproj]
/home/runner/work/markdown-journal-cli/markdown-journal-cli/markdown-journal-cli.Tests/Infrastructure/Configuration/JournalConfigurationTests.cs(2651,32): error CS1061: 'TableOfContents' does not contain a definition for 'Structure' and no accessible extension method 'Structure' accepting a first argument of type 'TableOfContents' could be found (are you missing a using directive or an assembly reference?) [/home/runner/work/markdown-journal-cli/markdown-journal-cli/markdown-journal-cli.Tests/markdown-journal-cli.Tests.csproj]
/home/runner/work/markdown-journal-cli/markdown-journal-cli/markdown-journal-cli.Tests/Infrastructure/Configuration/JournalConfigurationTests.cs(2686,32): error CS1061: 'TableOfContents' does not contain a definition for 'Structure' and no accessible extension method 'Structure' accepting a first argument of type 'TableOfContents' could be found (are you missing a using directive or an assembly reference?) [/home/runner/work/markdown-journal-cli/markdown-journal-cli/markdown-journal-cli.Tests/markdown-journal-cli.Tests.csproj]
/home/runner/work/markdown-journal-cli/markdown-journal-cli/markdown-journal-cli.Tests/Infrastructure/Configuration/JournalConfigurationTests.cs(2727,32): error CS1061: 'TableOfContents' does not contain a definition for 'RootEntries' and no accessible extension method 'RootEntries' accepting a first argument of type 'TableOfContents' could be found (are you missing a using directive or an assembly reference?) [/home/runner/work/markdown-journal-cli/markdown-journal-cli/markdown-journal-cli.Tests/markdown-journal-cli.Tests.csproj]
/home/runner/work/markdown-journal-cli/markdown-journal-cli/markdown-journal-cli.Tests/Infrastructure/Configuration/JournalConfigurationTests.cs(2784,32): error CS1061: 'TableOfContents' does not contain a definition for 'RootEntries' and no accessible extension method 'RootEntries' accepting a first argument of type 'TableOfContents' could be found (are you missing a using directive or an assembly reference?) [/home/runner/work/markdown-journal-cli/markdown-journal-cli/markdown-journal-cli.Tests/markdown-journal-cli.Tests.csproj]
/home/runner/work/markdown-journal-cli/markdown-journal-cli/markdown-journal-cli.Tests/Infrastructure/Configuration/JournalConfigurationTests.cs(2802,33): error CS1061: 'TableOfContents' does not contain a definition for 'RootEntries' and no accessible extension method 'RootEntries' accepting a first argument of type 'TableOfContents' could be found (are you missing a using directive or an assembly reference?) [/home/runner/work/markdown-journal-cli/markdown-journal-cli/markdown-journal-cli.Tests/markdown-journal-cli.Tests.csproj]
/home/runner/work/markdown-journal-cli/markdown-journal-cli/markdown-journal-cli.Tests/Infrastructure/Configuration/JournalConfigurationTests.cs(2803,33): error CS1061: 'TableOfContents' does not contain a definition for 'RootEntries' and no accessible extension method 'RootEntries' accepting a first argument of type 'TableOfContents' could be found (are you missing a using directive or an assembly reference?) [/home/runner/work/markdown-journal-cli/markdown-journal-cli/markdown-journal-cli.Tests/markdown-journal-cli.Tests.csproj]
/home/runner/work/markdown-journal-cli/markdown-journal-cli/markdown-journal-cli.Tests/Infrastructure/Configuration/JournalConfigurationTests.cs(2804,33): error CS1061: 'TableOfContents' does not contain a definition for 'RootEntries' and no accessible extension method 'RootEntries' accepting a first argument of type 'TableOfContents' could be found (are you missing a using directive or an assembly reference?) [/home/runner/work/markdown-journal-cli/markdown-journal-cli/markdown-journal-cli.Tests/markdown-journal-cli.Tests.csproj]
/home/runner/work/markdown-journal-cli/markdown-journal-cli/markdown-journal-cli.Tests/Infrastructure/Configuration/JournalConfigurationTests.cs(2812,32): error CS1061: 'TableOfContents' does not contain a definition for 'Structure' and no accessible extension method 'Structure' accepting a first argument of type 'TableOfContents' could be found (are you missing a using directive or an assembly reference?) [/home/runner/work/markdown-journal-cli/markdown-journal-cli/markdown-journal-cli.Tests/markdown-journal-cli.Tests.csproj]
/home/runner/work/markdown-journal-cli/markdown-journal-cli/markdown-journal-cli.Tests/Infrastructure/Configuration/JournalConfigurationTests.cs(2838,53): error CS1061: 'TableOfContents' does not contain a definition for 'Structure' and no accessible extension method 'Structure' accepting a first argument of type 'TableOfContents' could be found (are you missing a using directive or an assembly reference?) [/home/runner/work/markdown-journal-cli/markdown-journal-cli/markdown-journal-cli.Tests/markdown-journal-cli.Tests.csproj]
/home/runner/work/markdown-journal-cli/markdown-journal-cli/markdown-journal-cli.Tests/Infrastructure/Configuration/JournalConfigurationTests.cs(2851,32): error CS1061: 'TableOfContents' does not contain a definition for 'Structure' and no accessible extension method 'Structure' accepting a first argument of type 'TableOfContents' could be found (are you missing a using directive or an assembly reference?) [/home/runner/work/markdown-journal-cli/markdown-journal-cli/markdown-journal-cli.Tests/markdown-journal-cli.Tests.csproj]
/home/runner/work/markdown-journal-cli/markdown-journal-cli/markdown-journal-cli.Tests/Infrastructure/Configuration/JournalConfigurationTests.cs(2881,53): error CS1061: 'TableOfContents' does not contain a definition for 'Structure' and no accessible extension method 'Structure' accepting a first argument of type 'TableOfContents' could be found (are you missing a using directive or an assembly reference?) [/home/runner/work/markdown-journal-cli/markdown-journal-cli/markdown-journal-cli.Tests/markdown-journal-cli.Tests.csproj]
/home/runner/work/markdown-journal-cli/markdown-journal-cli/markdown-journal-cli.Tests/Infrastructure/Configuration/JournalConfigurationTests.cs(2922,32): error CS1061: 'TableOfContents' does not contain a definition for 'RootEntries' and no accessible extension method 'RootEntries' accepting a first argument of type 'TableOfContents' could be found (are you missing a using directive or an assembly reference?) [/home/runner/work/markdown-journal-cli/markdown-journal-cli/markdown-journal-cli.Tests/markdown-journal-cli.Tests.csproj]
/home/runner/work/markdown-journal-cli/markdown-journal-cli/markdown-journal-cli.Tests/Infrastructure/Configuration/JournalConfigurationTests.cs(2923,32): error CS1061: 'TableOfContents' does not contain a definition for 'Structure' and no accessible extension method 'Structure' accepting a first argument of type 'TableOfContents' could be found (are you missing a using directive or an assembly reference?) [/home/runner/work/markdown-journal-cli/markdown-journal-cli/markdown-journal-cli.Tests/markdown-journal-cli.Tests.csproj]
/home/runner/work/markdown-journal-cli/markdown-journal-cli/markdown-journal-cli.Tests/Infrastructure/Configuration/JournalConfigurationTests.cs(2946,33): error CS1061: 'TableOfContents' does not contain a definition for 'RootEntries' and no accessible extension method 'RootEntries' accepting a first argument of type 'TableOfContents' could be found (are you missing a using directive or an assembly reference?) [/home/runner/work/markdown-journal-cli/markdown-journal-cli/markdown-journal-cli.Tests/markdown-journal-cli.Tests.csproj]
/home/runner/work/markdown-journal-cli/markdown-journal-cli/markdown-journal-cli.Tests/Infrastructure/Configuration/JournalConfigurationTests.cs(2947,33): error CS1061: 'TableOfContents' does not contain a definition for 'Structure' and no accessible extension method 'Structure' accepting a first argument of type 'TableOfContents' could be found (are you missing a using directive or an assembly reference?) [/home/runner/work/markdown-journal-cli/markdown-journal-cli/markdown-journal-cli.Tests/markdown-journal-cli.Tests.csproj]
/home/runner/work/markdown-journal-cli/markdown-journal-cli/markdown-journal-cli.Tests/Infrastructure/Configuration/JournalConfigurationTests.cs(2956,32): error CS1061: 'TableOfContents' does not contain a definition for 'RootEntries' and no accessible extension method 'RootEntries' accepting a first argument of type 'TableOfContents' could be found (are you missing a using directive or an assembly reference?) [/home/runner/work/markdown-journal-cli/markdown-journal-cli/markdown-journal-cli.Tests/markdown-journal-cli.Tests.csproj]
/home/runner/work/markdown-journal-cli/markdown-journal-cli/markdown-journal-cli.Tests/Infrastructure/Configuration/JournalConfigurationTests.cs(2970,33): error CS1061: 'TableOfContents' does not contain a definition for 'RootEntries' and no accessible extension method 'RootEntries' accepting a first argument of type 'TableOfContents' could be found (are you missing a using directive or an assembly reference?) [/home/runner/work/markdown-journal-cli/markdown-journal-cli/markdown-journal-cli.Tests/markdown-journal-cli.Tests.csproj]
/home/runner/work/markdown-journal-cli/markdown-journal-cli/markdown-journal-cli.Tests/Infrastructure/Configuration/JournalConfigurationTests.cs(2991,26): error CS7036: There is no argument given that corresponds to the required parameter 'tocStructureRepository' of 'JournalConfiguration.JournalConfiguration(IFileSystem, IOptions<JournalSettings>, ILogger<JournalConfiguration>, IFileTracking, IJournalTocStructureRepository)' [/home/runner/work/markdown-journal-cli/markdown-journal-cli/markdown-journal-cli.Tests/markdown-journal-cli.Tests.csproj]
/home/runner/work/markdown-journal-cli/markdown-journal-cli/markdown-journal-cli.Tests/Infrastructure/Configuration/JournalConfigurationTests.cs(3026,21): error CS0117: 'TableOfContents' does not contain a definition for 'Structure' [/home/runner/work/markdown-journal-cli/markdown-journal-cli/markdown-journal-cli.Tests/markdown-journal-cli.Tests.csproj]
/home/runner/work/markdown-journal-cli/markdown-journal-cli/markdown-journal-cli.Tests/Infrastructure/Configuration/JournalConfigurationTests.cs(3027,21): error CS0117: 'TableOfContents' does not contain a definition for 'RootEntries' [/home/runner/work/markdown-journal-cli/markdown-journal-cli/markdown-journal-cli.Tests/markdown-journal-cli.Tests.csproj]
/home/runner/work/markdown-journal-cli/markdown-journal-cli/markdown-journal-cli.Tests/Infrastructure/Configuration/JournalConfigurationTests.cs(3056,21): error CS0117: 'TableOfContents' does not contain a definition for 'Structure' [/home/runner/work/markdown-journal-cli/markdown-journal-cli/markdown-journal-cli.Tests/markdown-journal-cli.Tests.csproj]
/home/runner/work/markdown-journal-cli/markdown-journal-cli/markdown-journal-cli.Tests/Infrastructure/Configuration/JournalConfigurationTests.cs(3057,21): error CS0117: 'TableOfContents' does not contain a definition for 'RootEntries' [/home/runner/work/markdown-journal-cli/markdown-journal-cli/markdown-journal-cli.Tests/markdown-journal-cli.Tests.csproj]
/home/runner/work/markdown-journal-cli/markdown-journal-cli/markdown-journal-cli.Tests/Infrastructure/Configuration/JournalConfigurationTests.cs(3086,21): error CS0117: 'TableOfContents' does not contain a definition for 'Structure' [/home/runner/work/markdown-journal-cli/markdown-journal-cli/markdown-journal-cli.Tests/markdown-journal-cli.Tests.csproj]
/home/runner/work/markdown-journal-cli/markdown-journal-cli/markdown-journal-cli.Tests/Infrastructure/Configuration/JournalConfigurationTests.cs(3087,21): error CS0117: 'TableOfContents' does not contain a definition for 'RootEntries' [/home/runner/work/markdown-journal-cli/markdown-journal-cli/markdown-journal-cli.Tests/markdown-journal-cli.Tests.csproj]
/home/runner/work/markdown-journal-cli/markdown-journal-cli/markdown-journal-cli.Tests/Infrastructure/Configuration/JournalConfigurationTests.cs(3115,21): error CS0117: 'TableOfContents' does not contain a definition for 'Structure' [/home/runner/work/markdown-journal-cli/markdown-journal-cli/markdown-journal-cli.Tests/markdown-journal-cli.Tests.csproj]
/home/runner/work/markdown-journal-cli/markdown-journal-cli/markdown-journal-cli.Tests/Infrastructure/Configuration/JournalConfigurationTests.cs(3116,21): error CS0117: 'TableOfContents' does not contain a definition for 'RootEntries' [/home/runner/work/markdown-journal-cli/markdown-journal-cli/markdown-journal-cli.Tests/markdown-journal-cli.Tests.csproj]
/home/runner/work/markdown-journal-cli/markdown-journal-cli/markdown-journal-cli.Tests/Infrastructure/Configuration/JournalConfigurationTests.cs(3162,21): error CS0117: 'TableOfContents' does not contain a definition for 'Structure' [/home/runner/work/markdown-journal-cli/markdown-journal-cli/markdown-journal-cli.Tests/markdown-journal-cli.Tests.csproj]
/home/runner/work/markdown-journal-cli/markdown-journal-cli/markdown-journal-cli.Tests/Infrastructure/Configuration/JournalConfigurationTests.cs(3163,21): error CS0117: 'TableOfContents' does not contain a definition for 'RootEntries' [/home/runner/work/markdown-journal-cli/markdown-journal-cli/markdown-journal-cli.Tests/markdown-journal-cli.Tests.csproj]
/home/runner/work/markdown-journal-cli/markdown-journal-cli/markdown-journal-cli.Tests/Infrastructure/Configuration/JournalConfigurationTests.cs(3196,21): error CS0117: 'TableOfContents' does not contain a definition for 'Structure' [/home/runner/work/markdown-journal-cli/markdown-journal-cli/markdown-journal-cli.Tests/markdown-journal-cli.Tests.csproj]
/home/runner/work/markdown-journal-cli/markdown-journal-cli/markdown-journal-cli.Tests/Infrastructure/Configuration/JournalConfigurationTests.cs(3211,21): error CS0117: 'TableOfContents' does not contain a definition for 'RootEntries' [/home/runner/work/markdown-journal-cli/markdown-journal-cli/markdown-journal-cli.Tests/markdown-journal-cli.Tests.csproj]
/home/runner/work/markdown-journal-cli/markdown-journal-cli/markdown-journal-cli.Tests/Infrastructure/Configuration/JournalConfigurationTests.cs(3239,21): error CS0117: 'TableOfContents' does not contain a definition for 'Structure' [/home/runner/work/markdown-journal-cli/markdown-journal-cli/markdown-journal-cli.Tests/markdown-journal-cli.Tests.csproj]
/home/runner/work/markdown-journal-cli/markdown-journal-cli/markdown-journal-cli.Tests/Infrastructure/Configuration/JournalConfigurationTests.cs(3266,21): error CS0117: 'TableOfContents' does not contain a definition for 'RootEntries' [/home/runner/work/markdown-journal-cli/markdown-journal-cli/markdown-journal-cli.Tests/markdown-journal-cli.Tests.csproj]
/home/runner/work/markdown-journal-cli/markdown-journal-cli/markdown-journal-cli.Tests/Infrastructure/Configuration/JournalConfigurationTests.cs(3294,21): error CS0117: 'TableOfContents' does not contain a definition for 'Structure' [/home/runner/work/markdown-journal-cli/markdown-journal-cli/markdown-journal-cli.Tests/markdown-journal-cli.Tests.csproj]
/home/runner/work/markdown-journal-cli/markdown-journal-cli/markdown-journal-cli.Tests/Infrastructure/Configuration/JournalConfigurationTests.cs(3295,21): error CS0117: 'TableOfContents' does not contain a definition for 'RootEntries' [/home/runner/work/markdown-journal-cli/markdown-journal-cli/markdown-journal-cli.Tests/markdown-journal-cli.Tests.csproj]
/home/runner/work/markdown-journal-cli/markdown-journal-cli/markdown-journal-cli.Tests/Infrastructure/Configuration/JournalConfigurationTests.cs(3323,21): error CS0117: 'TableOfContents' does not contain a definition for 'Structure' [/home/runner/work/markdown-journal-cli/markdown-journal-cli/markdown-journal-cli.Tests/markdown-journal-cli.Tests.csproj]
/home/runner/work/markdown-journal-cli/markdown-journal-cli/markdown-journal-cli.Tests/Infrastructure/Configuration/JournalConfigurationTests.cs(3324,21): error CS0117: 'TableOfContents' does not contain a definition for 'RootEntries' [/home/runner/work/markdown-journal-cli/markdown-journal-cli/markdown-journal-cli.Tests/markdown-journal-cli.Tests.csproj]
/home/runner/work/markdown-journal-cli/markdown-journal-cli/markdown-journal-cli.Tests/Infrastructure/Configuration/JournalConfigurationTests.cs(3354,21): error CS0117: 'TableOfContents' does not contain a definition for 'Structure' [/home/runner/work/markdown-journal-cli/markdown-journal-cli/markdown-journal-cli.Tests/markdown-journal-cli.Tests.csproj]
/home/runner/work/markdown-journal-cli/markdown-journal-cli/markdown-journal-cli.Tests/Infrastructure/Configuration/JournalConfigurationTests.cs(3355,21): error CS0117: 'TableOfContents' does not contain a definition for 'RootEntries' [/home/runner/work/markdown-journal-cli/markdown-journal-cli/markdown-journal-cli.Tests/markdown-journal-cli.Tests.csproj]
/home/runner/work/markdown-journal-cli/markdown-journal-cli/markdown-journal-cli.Tests/Infrastructure/Configuration/JournalConfigurationTests.cs(3388,21): error CS0117: 'TableOfContents' does not contain a definition for 'Structure' [/home/runner/work/markdown-journal-cli/markdown-journal-cli/markdown-journal-cli.Tests/markdown-journal-cli.Tests.csproj]
/home/runner/work/markdown-journal-cli/markdown-journal-cli/markdown-journal-cli.Tests/Infrastructure/Configuration/JournalConfigurationTests.cs(3389,21): error CS0117: 'TableOfContents' does not contain a definition for 'RootEntries' [/home/runner/work/markdown-journal-cli/markdown-journal-cli/markdown-journal-cli.Tests/markdown-journal-cli.Tests.csproj]
/home/runner/work/markdown-journal-cli/markdown-journal-cli/markdown-journal-cli.Tests/Infrastructure/Configuration/JournalConfigurationTests.cs(3426,21): error CS0117: 'TableOfContents' does not contain a definition for 'Structure' [/home/runner/work/markdown-journal-cli/markdown-journal-cli/markdown-journal-cli.Tests/markdown-journal-cli.Tests.csproj]
/home/runner/work/markdown-journal-cli/markdown-journal-cli/markdown-journal-cli.Tests/Infrastructure/Configuration/JournalConfigurationTests.cs(3427,21): error CS0117: 'TableOfContents' does not contain a definition for 'RootEntries' [/home/runner/work/markdown-journal-cli/markdown-journal-cli/markdown-journal-cli.Tests/markdown-journal-cli.Tests.csproj]
